05-26 14:01:46.897   785   847 V WindowManagerShell:  try handler com.android.wm.shell.splitscreen.StageCoordinator@adf70d8
05-26 14:01:46.897   785   847 V WindowManagerShell:  try handler com.android.wm.shell.transition.RemoteTransitionHandler@4950c31
05-26 14:01:46.897   785   847 V WindowManagerShell: Transition doesn't have explicit remote, search filters for match for {id=48 t=OPEN f=0x0 trk=0 r=[0@Point(0, 0)] c=[{WCT{android.window.IWindowContainerToken$Stub$Proxy@6409615} m=OPEN f=IN_TASK_WITH_EMBEDDED_ACTIVITY|FILLS_TASK leash=Surface(name=TaskFragment{d705e0c mode=fullscreen})/@0xe52ad1e sb=Rect(0, 0 - 1080, 2400) eb=Rect(0, 0 - 1080, 2400) d=0},{WCT{android.window.IWindowContainerToken$Stub$Proxy@787d2a} m=TO_BACK f=IN_TASK_WITH_EMBEDDED_ACTIVITY|FILLS_TASK leash=Surface(name=TaskFragment{8432fc mode=fullscreen})/@0xd2709ff sb=Rect(0, 0 - 1080, 2400) eb=Rect(0, 0 - 1080, 2400) d=0}]}
05-26 14:01:46.897   785   847 V WindowManagerShell:  Checking filter Pair{{types=[] flags=0x0] notFlags=0x0 checks=[{atype=dream independent=true modes=[OPEN,TO_FRONT] flags=NONE mustBeTask=false order=ANY topActivity=null},{atype=home independent=true modes=[CLOSE,TO_BACK] flags=NONE mustBeTask=false order=ANY topActivity=null}]} RemoteTransition { remoteTransition = android.window.IRemoteTransition$Stub$Proxy@cfae04e, appThread = android.app.IApplicationThread$Stub$Proxy@17d756f, debugName = LauncherToDream }}
05-26 14:01:46.897   785   847 V WindowManagerShell:  Checking filter Pair{{types=[] flags=0x0] notFlags=0x100 checks=[{atype=home independent=true modes=[OPEN,TO_FRONT] flags=NONE mustBeTask=false order=TOP topActivity=ComponentInfo{com.google.android.apps.nexuslauncher/com.google.android.apps.nexuslauncher.NexusLauncherActivity}},{atype=standard independent=true modes=[CLOSE,TO_BACK] flags=NONE mustBeTask=false order=ANY topActivity=null}]} RemoteTransition { remoteTransition = android.window.IRemoteTransition$Stub$Proxy@f0d027c, appThread = android.app.IApplicationThread$Stub$Proxy@7340705, debugName = QuickstepLaunchHome }}
05-26 14:01:46.897   785   847 V WindowManagerShell:  Delegate animation for #48 to null
05-26 14:01:46.897   785   847 V WindowManagerShell:  try handler com.android.wm.shell.transition.DefaultTransitionHandler@66d46a2
05-26 14:01:46.897   785   847 V WindowManagerShell: start default transition animation, info = {id=48 t=OPEN f=0x0 trk=0 r=[0@Point(0, 0)] c=[{WCT{android.window.IWindowContainerToken$Stub$Proxy@6409615} m=OPEN f=IN_TASK_WITH_EMBEDDED_ACTIVITY|FILLS_TASK leash=Surface(name=TaskFragment{d705e0c mode=fullscreen})/@0xe52ad1e sb=Rect(0, 0 - 1080, 2400) eb=Rect(0, 0 - 1080, 2400) d=0},{WCT{android.window.IWindowContainerToken$Stub$Proxy@787d2a} m=TO_BACK f=IN_TASK_WITH_EMBEDDED_ACTIVITY|FILLS_TASK leash=Surface(name=TaskFragment{8432fc mode=fullscreen})/@0xd2709ff sb=Rect(0, 0 - 1080, 2400) eb=Rect(0, 0 - 1080, 2400) d=0}]}
05-26 14:01:46.898   785   847 V WindowManagerShell: loadAnimation: anim=android.view.animation.AnimationSet@f7941f6 animAttr=0x5 type=OPEN isEntrance=false
05-26 14:01:46.906   785   847 V WindowManagerShell: loadAnimation: anim=android.view.animation.AnimationSet@4ef8782 animAttr=0x4 type=OPEN isEntrance=true
05-26 14:01:46.915   785   847 V WindowManagerShell:  animated by com.android.wm.shell.transition.DefaultTransitionHandler@66d46a2
05-26 14:01:47.012   562   633 I ImeTracker: com.android.settings:9958a5fe: onRequestHide at ORIGIN_SERVER_HIDE_INPUT reason HIDE_UNSPECIFIED_WINDOW
05-26 14:01:47.012   562   633 I ImeTracker: com.android.settings:9958a5fe: onCancelled at PHASE_SERVER_SHOULD_HIDE
05-26 14:01:47.012  1429  1429 I GoogleInputMethodService: GoogleInputMethodService.onFinishInput():2043 
05-26 14:01:47.013  1429  1429 I Module  : DeviceLockedStatusModuleProvider$Module.updateDeviceLockedStatus():100 repeatCheckTimes = 0, locked = false
05-26 14:01:47.013  1429  1429 I GoogleInputMethodService: GoogleInputMethodService.onStartInput():1293 onStartInput(EditorInfo{EditorInfo{packageName=com.android.settings, inputType=0, inputTypeString=NULL, enableLearning=false, autoCorrection=false, autoComplete=false, imeOptions=0, privateImeOptions=null, actionName=UNSPECIFIED, actionLabel=null, initialSelStart=-1, initialSelEnd=-1, initialCapsMode=0, label=null, fieldId=0, fieldName=null, extras=null, hintText=null, hintLocales=[]}}, false)
05-26 14:01:47.013  1429  1429 I Module  : DeviceLockedStatusModuleProvider$Module.updateDeviceLockedStatus():100 repeatCheckTimes = 1, locked = false
05-26 14:01:47.014   562  2143 W PackageConfigPersister: App-specific configuration not found for packageName: com.android.settings and userId: 0
05-26 14:01:47.055   385   488 D audioserver: FGS Logger Transaction failed
05-26 14:01:47.055   385   488 D audioserver: -129
05-26 14:01:47.130   940  1000 D EGL_emulation: app_time_stats: avg=21.73ms min=4.67ms max=245.70ms count=46
05-26 14:01:47.215   785   814 W System  : A resource failed to call HardwareBuffer.close. 
05-26 14:01:47.215   785   814 W System  : A resource failed to call HardwareBuffer.close. 
05-26 14:01:47.376   785   847 V WindowManagerShell: Transition animation finished (aborted=false), notifying core (#48)android.os.BinderProxy@9d86cc1@0
05-26 14:01:47.377   562   580 V WindowManager: Finish Transition #48: created at 05-26 14:01:46.831 collect-started=0.014ms request-sent=1.139ms started=1.596ms ready=51.472ms sent=64.033ms finished=545.605ms
05-26 14:01:47.379   785   847 V WindowManagerShell: Track 0 became idle
05-26 14:01:47.379   785   847 V WindowManagerShell: All active transition animations finished
05-26 14:01:47.395   940  1000 D OpenGLRenderer: endAllActiveAnimators on 0xb4000079c79a8950 (RippleDrawable) with handle 0xb40000792795d490
05-26 14:01:47.398   940   940 D DashboardFragment: unregister observer: @c3200c1, uri: content://com.google.android.apps.wellbeing.api/digitalWellbeingSummary
05-26 14:01:47.807   562  1421 E TaskPersister: File error accessing recents directory (directory doesn't exist?).
05-26 14:01:47.928   785   814 W System  : A resource failed to call release. 
05-26 14:01:47.928   785   814 W System  : A resource failed to call release. 
05-26 14:01:48.497   940  1000 D EGL_emulation: app_time_stats: avg=109.53ms min=0.72ms max=1369.27ms count=14
05-26 14:01:48.562   940   940 W ElapsedTimeUtils: getElapsedTime: sSuwFinishedTimeStamp is null
05-26 14:01:48.562   385   475 D audioserver: FGS Logger Transaction failed
05-26 14:01:48.562   385   475 D audioserver: -129
05-26 14:01:48.566   562   633 E Transition: Trying to add a ready-group twice: Display{#0 state=ON size=1080x2400 ROTATION_0}
05-26 14:01:48.567   562   633 I ActivityTaskManager: START u0 {act=android.intent.action.MAIN cmp=com.android.settings/.SubSettings (has extras)} with LAUNCH_MULTIPLE from uid 1000 (BAL_ALLOW_ALLOWLISTED_UID) result code=0
05-26 14:01:48.570   785   847 V WindowManagerShell: Transition requested: android.os.BinderProxy@d98c887 TransitionRequestInfo { type = OPEN, triggerTask = TaskInfo{userId=0 taskId=100 displayId=0 isRunning=true baseIntent=Intent { act=android.intent.action.MAIN cat=[android.intent.category.LAUNCHER] flg=0x10200000 cmp=com.android.settings/.Settings } baseActivity=ComponentInfo{com.android.settings/com.android.settings.homepage.SettingsHomepageActivity} topActivity=ComponentInfo{com.android.settings/com.android.settings.SubSettings} origActivity=ComponentInfo{com.android.settings/com.android.settings.Settings} realActivity=ComponentInfo{com.android.settings/com.android.settings.homepage.SettingsHomepageActivity} numActivities=3 lastActiveTime=3481108 supportsMultiWindow=true resizeMode=1 isResizeable=true minWidth=-1 minHeight=-1 defaultMinSize=220 token=WCT{android.window.IWindowContainerToken$Stub$Proxy@690b3b4} topActivityType=1 pictureInPictureParams=null shouldDockBigOverlays=false launchIntoPipHostTaskId=-1 lastParentTaskIdBeforePip=-1 displayCutoutSafeInsets=Rect(0, 136 - 0, 0) topActivityInfo=ActivityInfo{3958bdd com.android.settings.SubSettings} launchCookies=[android.os.BinderProxy@21bb966] positionInParent=Point(0, 0) parentTaskId=-1 isFocused=true isVisible=true isVisibleRequested=true isSleeping=false topActivityInSizeCompat=false topActivityEligibleForLetterboxEducation= false topActivityLetterboxed= false isFromDoubleTap= false topActivityLetterboxVerticalPosition= -1 topActivityLetterboxHorizontalPosition= -1 topActivityLetterboxWidth=-1 topActivityLetterboxHeight=-1 locusId=null displayAreaFeatureId=1 cameraCompatControlState=hidden}, remoteTransition = null, displayChange = null }
05-26 14:01:48.577   940   940 W ElapsedTimeUtils: getElapsedTime: sSuwFinishedTimeStamp is null
05-26 14:01:48.593   388   388 I BpBinder: onLastStrongRef automatically unlinking death recipients: 
05-26 14:01:48.596   940   940 D ActivityEmbeddingUtils: isEmbeddingActivityEnabled = true
05-26 14:01:48.599   940   940 D SettingsActivity: Starting onCreate
05-26 14:01:48.600   940   940 D SettingsActivity: Starting to set activity title
05-26 14:01:48.600   940   940 D SettingsActivity: Done setting title
05-26 14:01:48.600   940   940 D SettingsActivity: Switching to fragment com.android.settings.applications.manageapplications.ManageApplications
05-26 14:01:48.600   940   940 D SubSettings: Launching fragment com.android.settings.applications.manageapplications.ManageApplications
05-26 14:01:48.604   562   839 I ActivityTaskManager: START u0 {cmp=com.android.settings/.spa.SpaActivity (has extras)} with LAUNCH_MULTIPLE from uid 1000 (BAL_ALLOW_ALLOWLISTED_UID) result code=0
05-26 14:01:48.605   940   940 D SettingsActivity: Executed frag manager pendingTransactions
05-26 14:01:48.606   940   940 D SettingsActivity: MetricsCategory is 65
05-26 14:01:48.643   562  2143 D CoreBackPreview: Window{d57f5a3 u0 com.android.settings/com.android.settings.spa.SpaActivity}: Setting back callback OnBackInvokedCallbackInfo{mCallback=android.window.IOnBackInvokedCallback$Stub$Proxy@dd9e459, mPriority=-1, mIsAnimationCallback=false}
05-26 14:01:48.651   940  1000 E OpenGLRenderer: Unable to match the desired swap behavior.
05-26 14:01:48.655   562   580 I ActivityTaskManager: Displayed com.android.settings/.spa.SpaActivity for user 0: +90ms
05-26 14:01:48.656   562   580 V WindowManager: Sent Transition #49 createdAt=05-26 14:01:48.564 via request=TransitionRequestInfo { type = OPEN, triggerTask = TaskInfo{userId=0 taskId=100 displayId=0 isRunning=true baseIntent=Intent { act=android.intent.action.MAIN cat=[android.intent.category.LAUNCHER] flg=0x10200000 cmp=com.android.settings/.Settings } baseActivity=ComponentInfo{com.android.settings/com.android.settings.homepage.SettingsHomepageActivity} topActivity=ComponentInfo{com.android.settings/com.android.settings.SubSettings} origActivity=ComponentInfo{com.android.settings/com.android.settings.Settings} realActivity=ComponentInfo{com.android.settings/com.android.settings.homepage.SettingsHomepageActivity} numActivities=3 lastActiveTime=3481108 supportsMultiWindow=true resizeMode=1 isResizeable=true minWidth=-1 minHeight=-1 defaultMinSize=220 token=WCT{RemoteToken{dbe58b9 Task{7704668 #100 type=standard A=1000:com.android.settings.root}}} topActivityType=1 pictureInPictureParams=null shouldDockBigOverlays=false launchIntoPipHostTaskId=-1 lastParentTaskIdBeforePip=-1 displayCutoutSafeInsets=Rect(0, 136 - 0, 0) topActivityInfo=ActivityInfo{bf2c591 com.android.settings.SubSettings} launchCookies=[android.os.BinderProxy@ce0df75] positionInParent=Point(0, 0) parentTaskId=-1 isFocused=true isVisible=true isVisibleRequested=true isSleeping=false topActivityInSizeCompat=false topActivityEligibleForLetterboxEducation= false topActivityLetterboxed= false isFromDoubleTap= false topActivityLetterboxVerticalPosition= -1 topActivityLetterboxHorizontalPosition= -1 topActivityLetterboxWidth=-1 topActivityLetterboxHeight=-1 locusId=null displayAreaFeatureId=1 cameraCompatControlState=hidden}, remoteTransition = null, displayChange = null }
05-26 14:01:48.656   562   580 V WindowManager:     startWCT=WindowContainerTransaction { changes = {} hops = [] errorCallbackToken=null taskFragmentOrganizer=null }
05-26 14:01:48.656   562   580 V WindowManager:     info={id=49 t=OPEN f=0x0 trk=0 r=[0@Point(0, 0)] c=[{null m=OPEN f=IN_TASK_WITH_EMBEDDED_ACTIVITY|FILLS_TASK leash=Surface(name=ActivityRecord{85df646 u0 com.android.settings/.spa.SpaActivity)/@0xf24761b sb=Rect(0, 0 - 0, 0) eb=Rect(0, 0 - 1080, 2400) d=-1->0 r=-1->0:-1},{null m=TO_BACK f=IN_TASK_WITH_EMBEDDED_ACTIVITY|FILLS_TASK leash=Surface(name=ActivityRecord{863765b u0 com.android.settings/.SubSettings)/@0x1c8082a sb=Rect(0, 0 - 1080, 2400) eb=Rect(0, 0 - 1080, 2400) d=0}]}
05-26 14:01:48.656   785   847 V WindowManagerShell: onTransitionReady android.os.BinderProxy@d98c887: {id=49 t=OPEN f=0x0 trk=0 r=[0@Point(0, 0)] c=[{null m=OPEN f=IN_TASK_WITH_EMBEDDED_ACTIVITY|FILLS_TASK leash=Surface(name=ActivityRecord{85df646 u0 com.android.settings/.spa.SpaActivity)/@0xf627e90 sb=Rect(0, 0 - 0, 0) eb=Rect(0, 0 - 1080, 2400) d=-1->0 r=-1->0:-1},{null m=TO_BACK f=IN_TASK_WITH_EMBEDDED_ACTIVITY|FILLS_TASK leash=Surface(name=ActivityRecord{863765b u0 com.android.settings/.SubSettings)/@0x2dff389 sb=Rect(0, 0 - 1080, 2400) eb=Rect(0, 0 - 1080, 2400) d=0}]}
05-26 14:01:48.656   785   847 V WindowManagerShell: Playing animation for (#49)android.os.BinderProxy@d98c887@0
05-26 14:01:48.656   785   847 V WindowManagerShell:  try handler com.android.wm.shell.transition.DefaultMixedHandler@d80ac9f
05-26 14:01:48.656   785   847 V WindowManagerShell:  try handler com.android.wm.shell.keyguard.KeyguardTransitionHandler@65c21ec
05-26 14:01:48.656   785   847 V WindowManagerShell:  try handler com.android.wm.shell.activityembedding.ActivityEmbeddingController@1889b5
05-26 14:01:48.656   785   847 V WindowManagerShell:  try handler com.android.wm.shell.recents.RecentsTransitionHandler@b65f84a
05-26 14:01:48.656   785   847 V ShellRecents: RecentsTransitionHandler.startAnimation: no controller found
05-26 14:01:48.656   785   847 V WindowManagerShell:  try handler com.android.wm.shell.pip.PipTransition@f4d73bb
05-26 14:01:48.656   785   847 V WindowManagerShell:  try handler com.android.wm.shell.splitscreen.StageCoordinator@adf70d8
05-26 14:01:48.656   785   847 V WindowManagerShell:  try handler com.android.wm.shell.transition.RemoteTransitionHandler@4950c31
05-26 14:01:48.656   785   847 V WindowManagerShell: Transition doesn't have explicit remote, search filters for match for {id=49 t=OPEN f=0x0 trk=0 r=[0@Point(0, 0)] c=[{null m=OPEN f=IN_TASK_WITH_EMBEDDED_ACTIVITY|FILLS_TASK leash=Surface(name=ActivityRecord{85df646 u0 com.android.settings/.spa.SpaActivity)/@0xf627e90 sb=Rect(0, 0 - 0, 0) eb=Rect(0, 0 - 1080, 2400) d=-1->0 r=-1->0:-1},{null m=TO_BACK f=IN_TASK_WITH_EMBEDDED_ACTIVITY|FILLS_TASK leash=Surface(name=ActivityRecord{863765b u0 com.android.settings/.SubSettings)/@0x2dff389 sb=Rect(0, 0 - 1080, 2400) eb=Rect(0, 0 - 1080, 2400) d=0}]}
05-26 14:01:48.656   785   847 V WindowManagerShell:  Checking filter Pair{{types=[] flags=0x0] notFlags=0x0 checks=[{atype=dream independent=true modes=[OPEN,TO_FRONT] flags=NONE mustBeTask=false order=ANY topActivity=null},{atype=home independent=true modes=[CLOSE,TO_BACK] flags=NONE mustBeTask=false order=ANY topActivity=null}]} RemoteTransition { remoteTransition = android.window.IRemoteTransition$Stub$Proxy@cfae04e, appThread = android.app.IApplicationThread$Stub$Proxy@17d756f, debugName = LauncherToDream }}
05-26 14:01:48.656   785   847 V WindowManagerShell:  Checking filter Pair{{types=[] flags=0x0] notFlags=0x100 checks=[{atype=home independent=true modes=[OPEN,TO_FRONT] flags=NONE mustBeTask=false order=TOP topActivity=ComponentInfo{com.google.android.apps.nexuslauncher/com.google.android.apps.nexuslauncher.NexusLauncherActivity}},{atype=standard independent=true modes=[CLOSE,TO_BACK] flags=NONE mustBeTask=false order=ANY topActivity=null}]} RemoteTransition { remoteTransition = android.window.IRemoteTransition$Stub$Proxy@f0d027c, appThread = android.app.IApplicationThread$Stub$Proxy@7340705, debugName = QuickstepLaunchHome }}
05-26 14:01:48.656   785   847 V WindowManagerShell:  Delegate animation for #49 to null
05-26 14:01:48.656   785   847 V WindowManagerShell:  try handler com.android.wm.shell.transition.DefaultTransitionHandler@66d46a2
05-26 14:01:48.656   785   847 V WindowManagerShell: start default transition animation, info = {id=49 t=OPEN f=0x0 trk=0 r=[0@Point(0, 0)] c=[{null m=OPEN f=IN_TASK_WITH_EMBEDDED_ACTIVITY|FILLS_TASK leash=Surface(name=ActivityRecord{85df646 u0 com.android.settings/.spa.SpaActivity)/@0xf627e90 sb=Rect(0, 0 - 0, 0) eb=Rect(0, 0 - 1080, 2400) d=-1->0 r=-1->0:-1},{null m=TO_BACK f=IN_TASK_WITH_EMBEDDED_ACTIVITY|FILLS_TASK leash=Surface(name=ActivityRecord{863765b u0 com.android.settings/.SubSettings)/@0x2dff389 sb=Rect(0, 0 - 1080, 2400) eb=Rect(0, 0 - 1080, 2400) d=0}]}
05-26 14:01:48.656   785   847 V WindowManagerShell: loadAnimation: anim=android.view.animation.AnimationSet@5af269a animAttr=0x5 type=OPEN isEntrance=false
05-26 14:01:48.662   785   847 V WindowManagerShell: loadAnimation: anim=android.view.animation.AnimationSet@ec91266 animAttr=0x4 type=OPEN isEntrance=true
05-26 14:01:48.673   562   633 D IntervalStats: Unable to parse usage stats packages: [244]
05-26 14:01:48.673   562   633 D IntervalStats: Unable to parse event packages: [244]
05-26 14:01:48.675   562   633 D IntervalStats: Unable to parse usage stats packages: [244]
05-26 14:01:48.676   562   633 D IntervalStats: Unable to parse event packages: [244]
05-26 14:01:48.679   562   633 D IntervalStats: Unable to parse usage stats packages: [244]
05-26 14:01:48.682   785   847 V WindowManagerShell:  animated by com.android.wm.shell.transition.DefaultTransitionHandler@66d46a2
05-26 14:01:48.682   940   940 D BrowseActivity: Launching page AppListNotifications
05-26 14:01:48.777   562  2182 I ImeTracker: com.android.settings:1d32a433: onRequestHide at ORIGIN_SERVER_HIDE_INPUT reason HIDE_UNSPECIFIED_WINDOW
05-26 14:01:48.777   562  2182 I ImeTracker: com.android.settings:1d32a433: onCancelled at PHASE_SERVER_SHOULD_HIDE
05-26 14:01:48.777  1429  1429 I GoogleInputMethodService: GoogleInputMethodService.onFinishInput():2043 
05-26 14:01:48.777   385   488 D audioserver: FGS Logger Transaction failed
05-26 14:01:48.777   385   488 D audioserver: -129
05-26 14:01:48.778  1429  1429 I Module  : DeviceLockedStatusModuleProvider$Module.updateDeviceLockedStatus():100 repeatCheckTimes = 0, locked = false
05-26 14:01:48.779  1429  1429 I GoogleInputMethodService: GoogleInputMethodService.onStartInput():1293 onStartInput(EditorInfo{EditorInfo{packageName=com.android.settings, inputType=0, inputTypeString=NULL, enableLearning=false, autoCorrection=false, autoComplete=false, imeOptions=0, privateImeOptions=null, actionName=UNSPECIFIED, actionLabel=null, initialSelStart=-1, initialSelEnd=-1, initialCapsMode=0, label=null, fieldId=0, fieldName=null, extras=null, hintText=null, hintLocales=[]}}, false)
05-26 14:01:48.779  1429  1429 I Module  : DeviceLockedStatusModuleProvider$Module.updateDeviceLockedStatus():100 repeatCheckTimes = 1, locked = false
05-26 14:01:48.779   562  2143 W PackageConfigPersister: App-specific configuration not found for packageName: com.android.settings and userId: 0
05-26 14:01:49.142   785   847 V WindowManagerShell: Transition animation finished (aborted=false), notifying core (#49)android.os.BinderProxy@d98c887@0
05-26 14:01:49.143   562   580 V WindowManager: Finish Transition #49: created at 05-26 14:01:48.564 collect-started=0.008ms request-sent=1.944ms started=5.706ms ready=69.461ms sent=90.907ms finished=578.858ms
05-26 14:01:49.145   785   847 V WindowManagerShell: Track 0 became idle
05-26 14:01:49.145   785   847 V WindowManagerShell: All active transition animations finished
05-26 14:01:49.162   940  1000 D OpenGLRenderer: endAllActiveAnimators on 0xb4000079c79e0e90 (RippleDrawable) with handle 0xb4000079279904c0
05-26 14:01:49.369   785   814 W System  : A resource failed to call release. 
05-26 14:01:49.369   785   814 W System  : A resource failed to call release. 
05-26 14:01:49.369   785   814 W System  : A resource failed to call HardwareBuffer.close. 
05-26 14:01:49.369   785   814 W System  : A resource failed to call HardwareBuffer.close. 
05-26 14:01:50.138   940  1000 D EGL_emulation: app_time_stats: avg=247.29ms min=15.45ms max=1377.13ms count=6
05-26 14:01:50.222   940  1000 E OpenGLRenderer: Unable to match the desired swap behavior.
05-26 14:01:50.231   562   577 I ImeTracker: com.android.settings:da85d7b5: onRequestHide at ORIGIN_SERVER_HIDE_INPUT reason HIDE_UNSPECIFIED_WINDOW
05-26 14:01:50.231   562   577 I ImeTracker: com.android.settings:da85d7b5: onCancelled at PHASE_SERVER_SHOULD_HIDE
05-26 14:01:50.231  1429  1429 I GoogleInputMethodService: GoogleInputMethodService.onFinishInput():2043 
05-26 14:01:50.231  1429  1429 I Module  : DeviceLockedStatusModuleProvider$Module.updateDeviceLockedStatus():100 repeatCheckTimes = 0, locked = false
05-26 14:01:50.231  1429  1429 I GoogleInputMethodService: GoogleInputMethodService.onStartInput():1293 onStartInput(EditorInfo{EditorInfo{packageName=com.android.settings, inputType=0, inputTypeString=NULL, enableLearning=false, autoCorrection=false, autoComplete=false, imeOptions=0, privateImeOptions=null, actionName=UNSPECIFIED, actionLabel=null, initialSelStart=-1, initialSelEnd=-1, initialCapsMode=0, label=null, fieldId=0, fieldName=null, extras=null, hintText=null, hintLocales=[]}}, false)
05-26 14:01:50.232  1429  1429 I Module  : DeviceLockedStatusModuleProvider$Module.updateDeviceLockedStatus():100 repeatCheckTimes = 1, locked = false
05-26 14:01:50.232   562   577 W PackageConfigPersister: App-specific configuration not found for packageName: com.android.settings and userId: 0
05-26 14:01:51.499   940  1000 D EGL_emulation: app_time_stats: avg=127.55ms min=6.59ms max=1136.99ms count=10
05-26 14:01:51.520   940  1000 D EGL_emulation: app_time_stats: avg=26.07ms min=7.42ms max=525.98ms count=53
05-26 14:01:51.595   940  1000 D OpenGLRenderer: endAllActiveAnimators on 0xb4000079c7a877b0 (UnprojectedRipple) with handle 0xb400007927956200
05-26 14:01:51.595   562  2182 W InputManager-JNI: Input channel object '6cdbf00 Ventana emergente (client)' was disposed without first being removed with the input manager!
05-26 14:01:51.610   562   583 V WindowManager: Unknown focus tokens, dropping reportFocusChanged
05-26 14:01:51.627   562  2182 I ImeTracker: com.android.settings:a44a1eab: onRequestHide at ORIGIN_SERVER_HIDE_INPUT reason HIDE_UNSPECIFIED_WINDOW
05-26 14:01:51.627   562  2182 I ImeTracker: com.android.settings:a44a1eab: onCancelled at PHASE_SERVER_SHOULD_HIDE
05-26 14:01:51.628  1429  1429 I GoogleInputMethodService: GoogleInputMethodService.onFinishInput():2043 
05-26 14:01:51.628  1429  1429 I Module  : DeviceLockedStatusModuleProvider$Module.updateDeviceLockedStatus():100 repeatCheckTimes = 0, locked = false
05-26 14:01:51.628  1429  1429 I GoogleInputMethodService: GoogleInputMethodService.onStartInput():1293 onStartInput(EditorInfo{EditorInfo{packageName=com.android.settings, inputType=0, inputTypeString=NULL, enableLearning=false, autoCorrection=false, autoComplete=false, imeOptions=0, privateImeOptions=null, actionName=UNSPECIFIED, actionLabel=null, initialSelStart=-1, initialSelEnd=-1, initialCapsMode=0, label=null, fieldId=0, fieldName=null, extras=null, hintText=null, hintLocales=[]}}, false)
05-26 14:01:51.628  1429  1429 I Module  : DeviceLockedStatusModuleProvider$Module.updateDeviceLockedStatus():100 repeatCheckTimes = 1, locked = false
05-26 14:01:51.628   562  2143 W PackageConfigPersister: App-specific configuration not found for packageName: com.android.settings and userId: 0
05-26 14:01:51.646   351  5656 D android.hardware.audio@7.1-impl.ranchu: threadLoop: entering standby, frames: 4309568
05-26 14:01:52.072   562  1421 E TaskPersister: File error accessing recents directory (directory doesn't exist?).
05-26 14:01:52.566   940  1000 D EGL_emulation: app_time_stats: avg=174.30ms min=10.14ms max=966.50ms count=6
05-26 14:01:53.578   940  1000 D EGL_emulation: app_time_stats: avg=20.23ms min=12.15ms max=164.92ms count=50
05-26 14:01:54.094   785   785 D StatusBarIconController: ignoring old pipeline callbacks, because the new mobile icons are enabled
05-26 14:01:55.012   940  1000 D EGL_emulation: app_time_stats: avg=59.74ms min=10.24ms max=784.96ms count=24
05-26 14:01:55.238   562   653 D ActivityManager: freezing 6075 com.google.android.apps.messaging
05-26 14:01:58.274   940  1000 D EGL_emulation: app_time_stats: avg=116.52ms min=9.13ms max=2797.49ms count=28
05-26 14:01:58.360   785   847 V WindowManagerShell: Transition requested: android.os.BinderProxy@9c94d15 TransitionRequestInfo { type = CLOSE, triggerTask = null, remoteTransition = null, displayChange = null }
05-26 14:01:58.376   388   388 I BpBinder: onLastStrongRef automatically unlinking death recipients: 
05-26 14:01:58.383   940  5934 D SettingsActivity: No enabled state changed, skipping updateCategory call
05-26 14:01:58.384   940   940 W ElapsedTimeUtils: getElapsedTime: sSuwFinishedTimeStamp is null
05-26 14:01:58.386   940   940 D DashboardFragment: Cannot find preference with key notification_default_ringtone in Controller 
05-26 14:01:58.396   940  1000 E OpenGLRenderer: Unable to match the desired swap behavior.
05-26 14:01:58.396   940  5934 W TileUtils: Found com.google.android.gms.auth.proximity.multidevice.SettingsMaterialNextActivity for intent Intent { act=com.android.settings.action.IA_SETTINGS } missing metadata 
05-26 14:01:58.403   562   580 V WindowManager: Sent Transition #50 createdAt=05-26 14:01:58.360 via request=TransitionRequestInfo { type = CLOSE, triggerTask = null, remoteTransition = null, displayChange = null }
05-26 14:01:58.403   562   580 V WindowManager:     startWCT=WindowContainerTransaction { changes = {} hops = [] errorCallbackToken=null taskFragmentOrganizer=null }
05-26 14:01:58.403   562   580 V WindowManager:     info={id=50 t=CLOSE f=0x0 trk=0 r=[0@Point(0, 0)] c=[{null m=CLOSE f=IN_TASK_WITH_EMBEDDED_ACTIVITY|FILLS_TASK leash=Surface(name=ActivityRecord{85df646 u0 com.android.settings/.spa.SpaActivity)/@0xf24761b sb=Rect(0, 0 - 1080, 2400) eb=Rect(0, 0 - 1080, 2400) d=0},{null m=TO_FRONT f=IN_TASK_WITH_EMBEDDED_ACTIVITY|FILLS_TASK leash=Surface(name=ActivityRecord{863765b u0 com.android.settings/.SubSettings)/@0x1c8082a sb=Rect(0, 0 - 1080, 2400) eb=Rect(0, 0 - 1080, 2400) d=0}]}
05-26 14:01:58.403   785   847 V WindowManagerShell: onTransitionReady android.os.BinderProxy@9c94d15: {id=50 t=CLOSE f=0x0 trk=0 r=[0@Point(0, 0)] c=[{null m=CLOSE f=IN_TASK_WITH_EMBEDDED_ACTIVITY|FILLS_TASK leash=Surface(name=ActivityRecord{85df646 u0 com.android.settings/.spa.SpaActivity)/@0x7d3266 sb=Rect(0, 0 - 1080, 2400) eb=Rect(0, 0 - 1080, 2400) d=0},{null m=TO_FRONT f=IN_TASK_WITH_EMBEDDED_ACTIVITY|FILLS_TASK leash=Surface(name=ActivityRecord{863765b u0 com.android.settings/.SubSettings)/@0xb8db9a7 sb=Rect(0, 0 - 1080, 2400) eb=Rect(0, 0 - 1080, 2400) d=0}]}
05-26 14:01:58.403   785   847 V WindowManagerShell: Playing animation for (#50)android.os.BinderProxy@9c94d15@0
05-26 14:01:58.403   785   847 V WindowManagerShell:  try handler com.android.wm.shell.transition.DefaultMixedHandler@d80ac9f
05-26 14:01:58.403   785   847 V WindowManagerShell:  try handler com.android.wm.shell.keyguard.KeyguardTransitionHandler@65c21ec
05-26 14:01:58.403   785   847 V WindowManagerShell:  try handler com.android.wm.shell.activityembedding.ActivityEmbeddingController@1889b5
05-26 14:01:58.403   785   847 V WindowManagerShell:  try handler com.android.wm.shell.recents.RecentsTransitionHandler@b65f84a
05-26 14:01:58.403   785   847 V ShellRecents: RecentsTransitionHandler.startAnimation: no controller found
05-26 14:01:58.403   785   847 V WindowManagerShell:  try handler com.android.wm.shell.pip.PipTransition@f4d73bb
05-26 14:01:58.403   785   847 V WindowManagerShell:  try handler com.android.wm.shell.splitscreen.StageCoordinator@adf70d8
05-26 14:01:58.403   785   847 V WindowManagerShell:  try handler com.android.wm.shell.transition.RemoteTransitionHandler@4950c31
05-26 14:01:58.403   785   847 V WindowManagerShell: Transition doesn't have explicit remote, search filters for match for {id=50 t=CLOSE f=0x0 trk=0 r=[0@Point(0, 0)] c=[{null m=CLOSE f=IN_TASK_WITH_EMBEDDED_ACTIVITY|FILLS_TASK leash=Surface(name=ActivityRecord{85df646 u0 com.android.settings/.spa.SpaActivity)/@0x7d3266 sb=Rect(0, 0 - 1080, 2400) eb=Rect(0, 0 - 1080, 2400) d=0},{null m=TO_FRONT f=IN_TASK_WITH_EMBEDDED_ACTIVITY|FILLS_TASK leash=Surface(name=ActivityRecord{863765b u0 com.android.settings/.SubSettings)/@0xb8db9a7 sb=Rect(0, 0 - 1080, 2400) eb=Rect(0, 0 - 1080, 2400) d=0}]}
05-26 14:01:58.403   785   847 V WindowManagerShell:  Checking filter Pair{{types=[] flags=0x0] notFlags=0x0 checks=[{atype=dream independent=true modes=[OPEN,TO_FRONT] flags=NONE mustBeTask=false order=ANY topActivity=null},{atype=home independent=true modes=[CLOSE,TO_BACK] flags=NONE mustBeTask=false order=ANY topActivity=null}]} RemoteTransition { remoteTransition = android.window.IRemoteTransition$Stub$Proxy@cfae04e, appThread = android.app.IApplicationThread$Stub$Proxy@17d756f, debugName = LauncherToDream }}
05-26 14:01:58.403   785   847 V WindowManagerShell:  Checking filter Pair{{types=[] flags=0x0] notFlags=0x100 checks=[{atype=home independent=true modes=[OPEN,TO_FRONT] flags=NONE mustBeTask=false order=TOP topActivity=ComponentInfo{com.google.android.apps.nexuslauncher/com.google.android.apps.nexuslauncher.NexusLauncherActivity}},{atype=standard independent=true modes=[CLOSE,TO_BACK] flags=NONE mustBeTask=false order=ANY topActivity=null}]} RemoteTransition { remoteTransition = android.window.IRemoteTransition$Stub$Proxy@f0d027c, appThread = android.app.IApplicationThread$Stub$Proxy@7340705, debugName = QuickstepLaunchHome }}
05-26 14:01:58.403   785   847 V WindowManagerShell:  Delegate animation for #50 to null
05-26 14:01:58.403   785   847 V WindowManagerShell:  try handler com.android.wm.shell.transition.DefaultTransitionHandler@66d46a2
05-26 14:01:58.404   785   847 V WindowManagerShell: start default transition animation, info = {id=50 t=CLOSE f=0x0 trk=0 r=[0@Point(0, 0)] c=[{null m=CLOSE f=IN_TASK_WITH_EMBEDDED_ACTIVITY|FILLS_TASK leash=Surface(name=ActivityRecord{85df646 u0 com.android.settings/.spa.SpaActivity)/@0x7d3266 sb=Rect(0, 0 - 1080, 2400) eb=Rect(0, 0 - 1080, 2400) d=0},{null m=TO_FRONT f=IN_TASK_WITH_EMBEDDED_ACTIVITY|FILLS_TASK leash=Surface(name=ActivityRecord{863765b u0 com.android.settings/.SubSettings)/@0xb8db9a7 sb=Rect(0, 0 - 1080, 2400) eb=Rect(0, 0 - 1080, 2400) d=0}]}
05-26 14:01:58.404   785   847 V WindowManagerShell: loadAnimation: anim=android.view.animation.AnimationSet@d1a0ef2 animAttr=0x6 type=CLOSE isEntrance=true
05-26 14:01:58.404   785   847 V WindowManagerShell: loadAnimation: anim=android.view.animation.AnimationSet@99470f9 animAttr=0x7 type=CLOSE isEntrance=false
05-26 14:01:58.431   785   847 V WindowManagerShell:  animated by com.android.wm.shell.transition.DefaultTransitionHandler@66d46a2
05-26 14:01:58.443   562  2182 I ImeTracker: com.android.settings:51b3797f: onRequestHide at ORIGIN_SERVER_HIDE_INPUT reason HIDE_UNSPECIFIED_WINDOW
05-26 14:01:58.443   562  2182 I ImeTracker: com.android.settings:51b3797f: onCancelled at PHASE_SERVER_SHOULD_HIDE
05-26 14:01:58.444  1429  1429 I GoogleInputMethodService: GoogleInputMethodService.onFinishInput():2043 
05-26 14:01:58.444  1429  1429 I Module  : DeviceLockedStatusModuleProvider$Module.updateDeviceLockedStatus():100 repeatCheckTimes = 0, locked = false
05-26 14:01:58.444  1429  1429 I GoogleInputMethodService: GoogleInputMethodService.onStartInput():1293 onStartInput(EditorInfo{EditorInfo{packageName=com.android.settings, inputType=0, inputTypeString=NULL, enableLearning=false, autoCorrection=false, autoComplete=false, imeOptions=0, privateImeOptions=null, actionName=UNSPECIFIED, actionLabel=null, initialSelStart=-1, initialSelEnd=-1, initialCapsMode=0, label=null, fieldId=0, fieldName=null, extras=null, hintText=null, hintLocales=[]}}, false)
05-26 14:01:58.444  1429  1429 I Module  : DeviceLockedStatusModuleProvider$Module.updateDeviceLockedStatus():100 repeatCheckTimes = 1, locked = false
05-26 14:01:58.445   562  2143 W PackageConfigPersister: App-specific configuration not found for packageName: com.android.settings and userId: 0
05-26 14:01:58.479   562   583 W ProcessStats: Tracking association SourceState{96f6484 com.google.android.settings.intelligence/10118 BTop #7338} whose proc state 2 is better than process ProcessState{5620043 com.google.android.gms.persistent/10126 pkg=com.google.android.gms} proc state 4 (508 skipped)
05-26 14:01:58.848   785   814 W System  : A resource failed to call HardwareBuffer.close. 
05-26 14:01:58.848   785   814 W System  : A resource failed to call HardwareBuffer.close. 
05-26 14:01:58.892   785   847 V WindowManagerShell: Transition animation finished (aborted=false), notifying core (#50)android.os.BinderProxy@9c94d15@0
05-26 14:01:58.894   562   580 V WindowManager: Finish Transition #50: created at 05-26 14:01:58.360 collect-started=0.016ms request-sent=0.045ms started=2.284ms ready=4.621ms sent=43.172ms finished=533.8ms
05-26 14:01:58.895   785   847 V WindowManagerShell: Track 0 became idle
05-26 14:01:58.895   785   847 V WindowManagerShell: All active transition animations finished
05-26 14:01:58.910   940  1000 D OpenGLRenderer: endAllActiveAnimators on 0xb4000079c7a85780 (UnprojectedRipple) with handle 0xb400007927977080
05-26 14:01:58.919   940   940 W WindowOnBackDispatcher: sendCancelIfRunning: isInProgress=falsecallback=android.app.Activity$$ExternalSyntheticLambda0@b4c4d5d
05-26 14:01:58.919   562  2182 D CoreBackPreview: Window{d57f5a3 u0 com.android.settings/com.android.settings.spa.SpaActivity}: Setting back callback null
05-26 14:01:58.919   562  2143 W InputManager-JNI: Input channel object 'd57f5a3 com.android.settings/com.android.settings.spa.SpaActivity (client)' was disposed without first being removed with the input manager!
05-26 14:01:59.131   785   847 D ShellBackPreview: Finishing gesture with event action: 1
05-26 14:01:59.131   785   847 D ShellBackPreview: onGestureFinished() mTriggerBack == false
05-26 14:01:59.131   785   847 D ShellBackPreview: BackAnimationController: finishBackNavigation()
05-26 14:01:59.145   385   475 D audioserver: FGS Logger Transaction failed
05-26 14:01:59.145   385   475 D audioserver: -129
05-26 14:01:59.147   785   847 V WindowManagerShell: Transition requested: android.os.BinderProxy@92cf7d1 TransitionRequestInfo { type = CLOSE, triggerTask = null, remoteTransition = null, displayChange = null }
05-26 14:01:59.152   940   940 W ElapsedTimeUtils: getElapsedTime: sSuwFinishedTimeStamp is null
05-26 14:01:59.164   562  2143 W ActivityTaskManager: Duplicate finish request for r=ActivityRecord{863765b u0 com.android.settings/.SubSettings t100 f}}
05-26 14:01:59.168   940   940 I TopLevelSettings: Set default menu key
05-26 14:01:59.168   940   940 D TopLevelHighlightMixin: Menu key: top_level_network
05-26 14:01:59.168   940   940 D HighlightableTopLevelAdapter: Request highlight position 0
05-26 14:01:59.168   940   940 D HighlightableTopLevelAdapter: Is highlight needed: false
05-26 14:01:59.170   940   940 D BatteryBroadcastRcvr: updateBatteryStatus: action=android.intent.action.BATTERY_CHANGED
05-26 14:01:59.170   940   940 D BatteryBroadcastRcvr: Battery changed: level: 100%| status: Cargada| chargingStatus: 0| health: 2
05-26 14:01:59.170   940   940 D TopLvBatteryPrefControl: onBatteryChanged: type=0
05-26 14:01:59.172   940   940 D DashboardFragment: register observer: @c3200c1, uri: content://com.google.android.apps.wellbeing.api/digitalWellbeingSummary
05-26 14:01:59.172   562  2143 W CpuPowerCalculator: UID 10206 CPU cluster # mismatch: Power Profile # 2 actual # 4
05-26 14:01:59.172   562  2143 W CpuPowerCalculator: UID 10206 CPU freq # mismatch: Power Profile # 2 actual # 8
05-26 14:01:59.172   562  2143 W CpuPowerCalculator: UID 10203 CPU cluster # mismatch: Power Profile # 2 actual # 4
05-26 14:01:59.172   562  2143 W CpuPowerCalculator: UID 10203 CPU freq # mismatch: Power Profile # 2 actual # 8
05-26 14:01:59.172   562  2143 W CpuPowerCalculator: UID 10202 CPU cluster # mismatch: Power Profile # 2 actual # 4
05-26 14:01:59.172   562  2143 W CpuPowerCalculator: UID 10202 CPU freq # mismatch: Power Profile # 2 actual # 8
05-26 14:01:59.172   562  2143 W CpuPowerCalculator: UID 10199 CPU freq # mismatch: Power Profile # 2 actual # 8
05-26 14:01:59.172   562  2143 W CpuPowerCalculator: UID 10196 CPU freq # mismatch: Power Profile # 2 actual # 8
05-26 14:01:59.172   562  2143 W CpuPowerCalculator: UID 10195 CPU cluster # mismatch: Power Profile # 2 actual # 4
05-26 14:01:59.172   562  2143 W CpuPowerCalculator: UID 10195 CPU freq # mismatch: Power Profile # 2 actual # 8
05-26 14:01:59.172   562  2143 W CpuPowerCalculator: UID 10194 CPU freq # mismatch: Power Profile # 2 actual # 8
05-26 14:01:59.172   562  2143 W CpuPowerCalculator: UID 10189 CPU cluster # mismatch: Power Profile # 2 actual # 4
05-26 14:01:59.172   562  2143 W CpuPowerCalculator: UID 10189 CPU freq # mismatch: Power Profile # 2 actual # 8
05-26 14:01:59.172   562  2143 W CpuPowerCalculator: UID 10188 CPU cluster # mismatch: Power Profile # 2 actual # 4
05-26 14:01:59.172   562  2143 W CpuPowerCalculator: UID 10188 CPU freq # mismatch: Power Profile # 2 actual # 8
05-26 14:01:59.172   562  2143 W CpuPowerCalculator: UID 10185 CPU cluster # mismatch: Power Profile # 2 actual # 4
05-26 14:01:59.172   562  2143 W CpuPowerCalculator: UID 10185 CPU freq # mismatch: Power Profile # 2 actual # 8
05-26 14:01:59.172   562  2143 W CpuPowerCalculator: UID 10184 CPU cluster # mismatch: Power Profile # 2 actual # 4
05-26 14:01:59.172   562  2143 W CpuPowerCalculator: UID 10184 CPU freq # mismatch: Power Profile # 2 actual # 8
05-26 14:01:59.172   562  2143 W CpuPowerCalculator: UID 10183 CPU cluster # mismatch: Power Profile # 2 actual # 4
05-26 14:01:59.172   562  2143 W CpuPowerCalculator: UID 10183 CPU freq # mismatch: Power Profile # 2 actual # 8
05-26 14:01:59.172   562  2143 W CpuPowerCalculator: UID 10181 CPU cluster # mismatch: Power Profile # 2 actual # 4
05-26 14:01:59.172   562  2143 W CpuPowerCalculator: UID 10181 CPU freq # mismatch: Power Profile # 2 actual # 8
05-26 14:01:59.172   562  2143 W CpuPowerCalculator: UID 10179 CPU cluster # mismatch: Power Profile # 2 actual # 4
05-26 14:01:59.172   562  2143 W CpuPowerCalculator: UID 10179 CPU freq # mismatch: Power Profile # 2 actual # 8
05-26 14:01:59.172   562  2143 W CpuPowerCalculator: UID 10176 CPU cluster # mismatch: Power Profile # 2 actual # 4
05-26 14:01:59.172   562  2143 W CpuPowerCalculator: UID 10176 CPU freq # mismatch: Power Profile # 2 actual # 8
05-26 14:01:59.172   562  2143 W CpuPowerCalculator: UID 10175 CPU cluster # mismatch: Power Profile # 2 actual # 4
05-26 14:01:59.172   562  2143 W CpuPowerCalculator: UID 10175 CPU freq # mismatch: Power Profile # 2 actual # 8
05-26 14:01:59.172   562  2143 W CpuPowerCalculator: UID 10174 CPU cluster # mismatch: Power Profile # 2 actual # 4
05-26 14:01:59.172   562  2143 W CpuPowerCalculator: UID 10174 CPU freq # mismatch: Power Profile # 2 actual # 8
05-26 14:01:59.172   562  2143 W CpuPowerCalculator: UID 10173 CPU cluster # mismatch: Power Profile # 2 actual # 4
05-26 14:01:59.172   562  2143 W CpuPowerCalculator: UID 10173 CPU freq # mismatch: Power Profile # 2 actual # 8
05-26 14:01:59.172   562  2143 W CpuPowerCalculator: UID 10167 CPU cluster # mismatch: Power Profile # 2 actual # 4
05-26 14:01:59.172   562  2143 W CpuPowerCalculator: UID 10167 CPU freq # mismatch: Power Profile # 2 actual # 8
05-26 14:01:59.172   562  2143 W CpuPowerCalculator: UID 10162 CPU cluster # mismatch: Power Profile # 2 actual # 4
05-26 14:01:59.172   562  2143 W CpuPowerCalculator: UID 10162 CPU freq # mismatch: Power Profile # 2 actual # 8
05-26 14:01:59.172   562  2143 W CpuPowerCalculator: UID 10161 CPU cluster # mismatch: Power Profile # 2 actual # 4
05-26 14:01:59.172   562  2143 W CpuPowerCalculator: UID 10161 CPU freq # mismatch: Power Profile # 2 actual # 8
05-26 14:01:59.172   562  2143 W CpuPowerCalculator: UID 10159 CPU cluster # mismatch: Power Profile # 2 actual # 4
05-26 14:01:59.172   562  2143 W CpuPowerCalculator: UID 10159 CPU freq # mismatch: Power Profile # 2 actual # 8
05-26 14:01:59.172   562  2143 W CpuPowerCalculator: UID 10158 CPU cluster # mismatch: Power Profile # 2 actual # 4
05-26 14:01:59.172   562  2143 W CpuPowerCalculator: UID 10158 CPU freq # mismatch: Power Profile # 2 actual # 8
05-26 14:01:59.172   562  2143 W CpuPowerCalculator: UID 10154 CPU cluster # mismatch: Power Profile # 2 actual # 4
05-26 14:01:59.172   562  2143 W CpuPowerCalculator: UID 10154 CPU freq # mismatch: Power Profile # 2 actual # 8
05-26 14:01:59.172   562  2143 W CpuPowerCalculator: UID 10153 CPU cluster # mismatch: Power Profile # 2 actual # 4
05-26 14:01:59.172   562  2143 W CpuPowerCalculator: UID 10153 CPU freq # mismatch: Power Profile # 2 actual # 8
05-26 14:01:59.172   562  2143 W CpuPowerCalculator: UID 10152 CPU cluster # mismatch: Power Profile # 2 actual # 4
05-26 14:01:59.172   562  2143 W CpuPowerCalculator: UID 10152 CPU freq # mismatch: Power Profile # 2 actual # 8
05-26 14:01:59.172   562  2143 W CpuPowerCalculator: UID 10150 CPU cluster # mismatch: Power Profile # 2 actual # 4
05-26 14:01:59.172   562  2143 W CpuPowerCalculator: UID 10150 CPU freq # mismatch: Power Profile # 2 actual # 8
05-26 14:01:59.172   562  2143 W CpuPowerCalculator: UID 10149 CPU cluster # mismatch: Power Profile # 2 actual # 4
05-26 14:01:59.172   562  2143 W CpuPowerCalculator: UID 10149 CPU freq # mismatch: Power Profile # 2 actual # 8
05-26 14:01:59.172   562  2143 W CpuPowerCalculator: UID 10147 CPU cluster # mismatch: Power Profile # 2 actual # 4
05-26 14:01:59.172   562  2143 W CpuPowerCalculator: UID 10147 CPU freq # mismatch: Power Profile # 2 actual # 8
05-26 14:01:59.172   562  2143 W CpuPowerCalculator: UID 10146 CPU cluster # mismatch: Power Profile # 2 actual # 4
05-26 14:01:59.172   562  2143 W CpuPowerCalculator: UID 10146 CPU freq # mismatch: Power Profile # 2 actual # 8
05-26 14:01:59.172   562  2143 W CpuPowerCalculator: UID 10143 CPU cluster # mismatch: Power Profile # 2 actual # 4
05-26 14:01:59.172   562  2143 W CpuPowerCalculator: UID 10143 CPU freq # mismatch: Power Profile # 2 actual # 8
05-26 14:01:59.172   562  2143 W CpuPowerCalculator: UID 10142 CPU cluster # mismatch: Power Profile # 2 actual # 4
05-26 14:01:59.172   562  2143 W CpuPowerCalculator: UID 10142 CPU freq # mismatch: Power Profile # 2 actual # 8
05-26 14:01:59.172   562  2143 W CpuPowerCalculator: UID 10141 CPU cluster # mismatch: Power Profile # 2 actual # 4
05-26 14:01:59.172   562  2143 W CpuPowerCalculator: UID 10141 CPU freq # mismatch: Power Profile # 2 actual # 8
05-26 14:01:59.172   562  2143 W CpuPowerCalculator: UID 10140 CPU cluster # mismatch: Power Profile # 2 actual # 4
05-26 14:01:59.172   562  2143 W CpuPowerCalculator: UID 10140 CPU freq # mismatch: Power Profile # 2 actual # 8
05-26 14:01:59.172   562  2143 W CpuPowerCalculator: UID 10139 CPU cluster # mismatch: Power Profile # 2 actual # 4
05-26 14:01:59.172   562  2143 W CpuPowerCalculator: UID 10139 CPU freq # mismatch: Power Profile # 2 actual # 8
05-26 14:01:59.172   562  2143 W CpuPowerCalculator: UID 10137 CPU cluster # mismatch: Power Profile # 2 actual # 4
05-26 14:01:59.172   562  2143 W CpuPowerCalculator: UID 10137 CPU freq # mismatch: Power Profile # 2 actual # 8
05-26 14:01:59.172   562  2143 W CpuPowerCalculator: UID 10136 CPU cluster # mismatch: Power Profile # 2 actual # 4
05-26 14:01:59.172   562  2143 W CpuPowerCalculator: UID 10136 CPU freq # mismatch: Power Profile # 2 actual # 8
05-26 14:01:59.172   562  2143 W CpuPowerCalculator: UID 10133 CPU cluster # mismatch: Power Profile # 2 actual # 4
05-26 14:01:59.172   562  2143 W CpuPowerCalculator: UID 10133 CPU freq # mismatch: Power Profile # 2 actual # 8
05-26 14:01:59.172   562  2143 W CpuPowerCalculator: UID 10132 CPU cluster # mismatch: Power Profile # 2 actual # 4
05-26 14:01:59.172   562  2143 W CpuPowerCalculator: UID 10132 CPU freq # mismatch: Power Profile # 2 actual # 8
05-26 14:01:59.172   562  2143 W CpuPowerCalculator: UID 10131 CPU cluster # mismatch: Power Profile # 2 actual # 4
05-26 14:01:59.172   562  2143 W CpuPowerCalculator: UID 10131 CPU freq # mismatch: Power Profile # 2 actual # 8
05-26 14:01:59.172   562  2143 W CpuPowerCalculator: UID 10130 CPU cluster # mismatch: Power Profile # 2 actual # 4
05-26 14:01:59.172   562  2143 W CpuPowerCalculator: UID 10130 CPU freq # mismatch: Power Profile # 2 actual # 8
05-26 14:01:59.172   562  2143 W CpuPowerCalculator: UID 10129 CPU cluster # mismatch: Power Profile # 2 actual # 4
05-26 14:01:59.172   562  2143 W CpuPowerCalculator: UID 10129 CPU freq # mismatch: Power Profile # 2 actual # 8
05-26 14:01:59.172   562  2143 W CpuPowerCalculator: UID 10128 CPU cluster # mismatch: Power Profile # 2 actual # 4
05-26 14:01:59.172   562  2143 W CpuPowerCalculator: UID 10128 CPU freq # mismatch: Power Profile # 2 actual # 8
05-26 14:01:59.172   562  2143 W CpuPowerCalculator: UID 10127 CPU cluster # mismatch: Power Profile # 2 actual # 4
05-26 14:01:59.172   562  2143 W CpuPowerCalculator: UID 10127 CPU freq # mismatch: Power Profile # 2 actual # 8
05-26 14:01:59.172   562  2143 W CpuPowerCalculator: UID 10126 CPU cluster # mismatch: Power Profile # 2 actual # 4
05-26 14:01:59.172   562  2143 W CpuPowerCalculator: UID 10126 CPU freq # mismatch: Power Profile # 2 actual # 8
05-26 14:01:59.172   562  2143 W CpuPowerCalculator: UID 10124 CPU cluster # mismatch: Power Profile # 2 actual # 4
05-26 14:01:59.172   562  2143 W CpuPowerCalculator: UID 10124 CPU freq # mismatch: Power Profile # 2 actual # 8
05-26 14:01:59.172   562  2143 W CpuPowerCalculator: UID 10123 CPU cluster # mismatch: Power Profile # 2 actual # 4
05-26 14:01:59.172   562  2143 W CpuPowerCalculator: UID 10123 CPU freq # mismatch: Power Profile # 2 actual # 8
05-26 14:01:59.172   562  2143 W CpuPowerCalculator: UID 10122 CPU cluster # mismatch: Power Profile # 2 actual # 4
05-26 14:01:59.172   562  2143 W CpuPowerCalculator: UID 10122 CPU freq # mismatch: Power Profile # 2 actual # 8
05-26 14:01:59.172   562  2143 W CpuPowerCalculator: UID 10121 CPU cluster # mismatch: Power Profile # 2 actual # 4
05-26 14:01:59.172   562  2143 W CpuPowerCalculator: UID 10121 CPU freq # mismatch: Power Profile # 2 actual # 8
05-26 14:01:59.172   562  2143 W CpuPowerCalculator: UID 10120 CPU cluster # mismatch: Power Profile # 2 actual # 4
05-26 14:01:59.172   562  2143 W CpuPowerCalculator: UID 10120 CPU freq # mismatch: Power Profile # 2 actual # 8
05-26 14:01:59.172   562  2143 W CpuPowerCalculator: UID 10118 CPU cluster # mismatch: Power Profile # 2 actual # 4
05-26 14:01:59.172   562  2143 W CpuPowerCalculator: UID 10118 CPU freq # mismatch: Power Profile # 2 actual # 8
05-26 14:01:59.172   562  2143 W CpuPowerCalculator: UID 10117 CPU cluster # mismatch: Power Profile # 2 actual # 4
05-26 14:01:59.172   562  2143 W CpuPowerCalculator: UID 10117 CPU freq # mismatch: Power Profile # 2 actual # 8
05-26 14:01:59.172   562  2143 W CpuPowerCalculator: UID 10116 CPU cluster # mismatch: Power Profile # 2 actual # 4
05-26 14:01:59.172   562  2143 W CpuPowerCalculator: UID 10116 CPU freq # mismatch: Power Profile # 2 actual # 8
05-26 14:01:59.172   562  2143 W CpuPowerCalculator: UID 10114 CPU cluster # mismatch: Power Profile # 2 actual # 4
05-26 14:01:59.172   562  2143 W CpuPowerCalculator: UID 10114 CPU freq # mismatch: Power Profile # 2 actual # 8
05-26 14:01:59.172   562  2143 W CpuPowerCalculator: UID 10111 CPU cluster # mismatch: Power Profile # 2 actual # 4
05-26 14:01:59.172   562  2143 W CpuPowerCalculator: UID 10111 CPU freq # mismatch: Power Profile # 2 actual # 8
05-26 14:01:59.172   562  2143 W CpuPowerCalculator: UID 10107 CPU cluster # mismatch: Power Profile # 2 actual # 4
05-26 14:01:59.172   562  2143 W CpuPowerCalculator: UID 10107 CPU freq # mismatch: Power Profile # 2 actual # 8
05-26 14:01:59.172   562  2143 W CpuPowerCalculator: UID 10100 CPU cluster # mismatch: Power Profile # 2 actual # 4
05-26 14:01:59.172   562  2143 W CpuPowerCalculator: UID 10100 CPU freq # mismatch: Power Profile # 2 actual # 8
05-26 14:01:59.172   562  2143 W CpuPowerCalculator: UID 10099 CPU cluster # mismatch: Power Profile # 2 actual # 4
05-26 14:01:59.172   562  2143 W CpuPowerCalculator: UID 10099 CPU freq # mismatch: Power Profile # 2 actual # 8
05-26 14:01:59.172   562  2143 W CpuPowerCalculator: UID 10098 CPU cluster # mismatch: Power Profile # 2 actual # 4
05-26 14:01:59.172   562  2143 W CpuPowerCalculator: UID 10098 CPU freq # mismatch: Power Profile # 2 actual # 8
05-26 14:01:59.173   562  2143 W CpuPowerCalculator: UID 10097 CPU cluster # mismatch: Power Profile # 2 actual # 4
05-26 14:01:59.173   562  2143 W CpuPowerCalculator: UID 10097 CPU freq # mismatch: Power Profile # 2 actual # 8
05-26 14:01:59.173   562  2143 W CpuPowerCalculator: UID 10096 CPU cluster # mismatch: Power Profile # 2 actual # 4
05-26 14:01:59.173   562  2143 W CpuPowerCalculator: UID 10096 CPU freq # mismatch: Power Profile # 2 actual # 8
05-26 14:01:59.173   562  2143 W CpuPowerCalculator: UID 10095 CPU cluster # mismatch: Power Profile # 2 actual # 4
05-26 14:01:59.173   562  2143 W CpuPowerCalculator: UID 10095 CPU freq # mismatch: Power Profile # 2 actual # 8
