05-26 13:57:48.296  1479  1479 I cjdp    : (REDACTED) [%s] onStart()
05-26 13:57:48.296  1479  1479 I cjfo    : Reloading theme data
05-26 13:57:48.300   785  1277 V ShellRecents: [130179142] RecentsController.detachNavigationBarFromApp
05-26 13:57:48.305  1346  1478 I AiAiEcho: Predicting[0]: 
05-26 13:57:48.305  1346  1478 I AiAiEcho: EchoTargets: 
05-26 13:57:48.305  1346  1478 I AiAiEcho: Filtered by AiAi flag check: 
05-26 13:57:48.305  1346  1478 I AiAiEcho: Ranked targets strategy: SORT, count: 0, ranking metadata: 
05-26 13:57:48.306  1346  1478 I AiAiEcho: #postPredictionTargets: Sending updates to UISurface home with targets# 0 (types=[])
05-26 13:57:48.310  1479  1479 I ckty    : onResume
05-26 13:57:48.316  1479  1479 I fpcm    : (REDACTED) Created gRPC endpoint for service %s
05-26 13:57:48.324   160   160 I hwservicemanager: getTransport: Cannot find entry android.hardware.graphics.mapper@4.0::IMapper/default in either framework or device VINTF manifest.
05-26 13:57:48.324  1346  3264 I Gralloc4: mapper 4.x is not supported
05-26 13:57:48.348   785   907 D EGL_emulation: app_time_stats: avg=12697.36ms min=15.45ms max=228020.73ms count=18
05-26 13:57:48.355  1346  8493 D libEGL  : loaded /vendor/lib64/egl/libEGL_emulation.so
05-26 13:57:48.357  1346  8493 D libEGL  : loaded /vendor/lib64/egl/libGLESv1_CM_emulation.so
05-26 13:57:48.358  1346  8493 D libEGL  : loaded /vendor/lib64/egl/libGLESv2_emulation.so
05-26 13:57:48.364  1044  1044 D SearchTargetUtil:  query= size=15
05-26 13:57:48.364  1044  1044 D SearchTargetUtil: layoutType=short_icon_row resultType=131072 packageName=com.google.android.googlequicksearchbox extras=Bundle{suggestion_type=33,suggest_truncate_start=false,is_answer=false,is_entity=false,is_personal=false,suggest_raw_text=powerball winning lottery numbers,group_id=web573263,response_id=5159e76a-2662-4523-987e-d87f7c8b852e,support_query_builder=false,} searchAction=powerball winning lottery numbers searchActionExtras=Bundle{learn_more_url=https://support.google.com/websearch/answer/106230?hl=106230,suggestion_action_text=Denunciar,should_start_for_result=true,allow_pinning=true,skip_logging_in_target_handler=true,suggestion_action_rpc=2,}ParentID: null targetID: 23360e65-1679-4073-8c34-779aa2ac9aca
05-26 13:57:48.364  1044  1044 D SearchTargetUtil: layoutType=short_icon_row resultType=131072 packageName=com.google.android.googlequicksearchbox extras=Bundle{suggestion_type=33,suggest_truncate_start=false,is_answer=false,is_entity=false,is_personal=false,suggest_raw_text=alex eala madison keys miami open,group_id=web573263,response_id=5159e76a-2662-4523-987e-d87f7c8b852e,support_query_builder=false,} searchAction=alex eala madison keys miami open searchActionExtras=Bundle{learn_more_url=https://support.google.com/websearch/answer/106230?hl=106230,suggestion_action_text=Denunciar,should_start_for_result=true,allow_pinning=true,skip_logging_in_target_handler=true,suggestion_action_rpc=2,}ParentID: null targetID: 36f70fff-a65c-4b45-800b-f215048931b8
05-26 13:57:48.364  1044  1044 D SearchTargetUtil: layoutType=short_icon_row resultType=131072 packageName=com.google.android.googlequicksearchbox extras=Bundle{suggestion_type=33,suggest_truncate_start=false,is_answer=false,is_entity=false,is_personal=false,suggest_raw_text=march 26 social security payments,group_id=web573263,response_id=5159e76a-2662-4523-987e-d87f7c8b852e,support_query_builder=false,} searchAction=march 26 social security payments searchActionExtras=Bundle{learn_more_url=https://support.google.com/websearch/answer/106230?hl=106230,suggestion_action_text=Denunciar,should_start_for_result=true,allow_pinning=true,skip_logging_in_target_handler=true,suggestion_action_rpc=2,}ParentID: null targetID: 492d8c08-bf2e-471e-a002-6faa351bb27e
05-26 13:57:48.364  1044  1044 D SearchTargetUtil: layoutType=short_icon_row resultType=131072 packageName=com.google.android.googlequicksearchbox extras=Bundle{suggestion_type=33,suggest_truncate_start=false,is_answer=false,is_entity=false,is_personal=false,suggest_raw_text=walt disney world epcot fire,group_id=web573263,response_id=5159e76a-2662-4523-987e-d87f7c8b852e,support_query_builder=false,} searchAction=walt disney world epcot fire searchActionExtras=Bundle{learn_more_url=https://support.google.com/websearch/answer/106230?hl=106230,suggestion_action_text=Denunciar,should_start_for_result=true,allow_pinning=true,skip_logging_in_target_handler=true,suggestion_action_rpc=2,}ParentID: null targetID: 3fd7684a-e98f-4fe7-97c4-406bdeb9364d
05-26 13:57:48.364  1044  1044 D SearchTargetUtil: layoutType=short_icon_row resultType=131072 packageName=com.google.android.googlequicksearchbox extras=Bundle{suggestion_type=33,suggest_truncate_start=false,is_answer=false,is_entity=false,is_personal=false,suggest_raw_text=gta 6 release date,group_id=web573263,response_id=5159e76a-2662-4523-987e-d87f7c8b852e,support_query_builder=false,} searchAction=gta 6 release date searchActionExtras=Bundle{learn_more_url=https://support.google.com/websearch/answer/106230?hl=106230,suggestion_action_text=Denunciar,should_start_for_result=true,allow_pinning=true,skip_logging_in_target_handler=true,suggestion_action_rpc=2,}ParentID: null targetID: e4e9f431-6c6a-40ac-9b2a-544d5d898c19
05-26 13:57:48.365  1044  1044 D SearchTargetUtil: layoutType=short_icon_row resultType=131072 packageName=com.google.android.googlequicksearchbox extras=Bundle{suggestion_type=33,suggest_truncate_start=false,is_answer=false,is_entity=false,is_personal=false,suggest_raw_text=sec gymnastics championships,group_id=web573263,response_id=5159e76a-2662-4523-987e-d87f7c8b852e,support_query_builder=false,} searchAction=sec gymnastics championships searchActionExtras=Bundle{learn_more_url=https://support.google.com/websearch/answer/106230?hl=106230,suggestion_action_text=Denunciar,should_start_for_result=true,allow_pinning=true,skip_logging_in_target_handler=true,suggestion_action_rpc=2,}ParentID: null targetID: 47a345b5-11da-48a1-9507-367c17258384
05-26 13:57:48.365  1044  1044 D SearchTargetUtil: layoutType=short_icon_row resultType=131072 packageName=com.google.android.googlequicksearchbox extras=Bundle{suggestion_type=33,suggest_truncate_start=false,is_answer=false,is_entity=false,is_personal=false,suggest_raw_text=rare bicentennial quarters,group_id=web573263,response_id=5159e76a-2662-4523-987e-d87f7c8b852e,support_query_builder=false,} searchAction=rare bicentennial quarters searchActionExtras=Bundle{learn_more_url=https://support.google.com/websearch/answer/106230?hl=106230,suggestion_action_text=Denunciar,should_start_for_result=true,allow_pinning=true,skip_logging_in_target_handler=true,suggestion_action_rpc=2,}ParentID: null targetID: 0571f14d-2897-4c24-8f05-93b611775dc6
05-26 13:57:48.365  1044  1044 D SearchTargetUtil: layoutType=short_icon_row resultType=131072 packageName=com.google.android.googlequicksearchbox extras=Bundle{suggestion_type=33,suggest_truncate_start=false,is_answer=false,is_entity=false,is_personal=false,suggest_raw_text=jujutsu kaisen season 3,group_id=web573263,response_id=5159e76a-2662-4523-987e-d87f7c8b852e,support_query_builder=false,} searchAction=jujutsu kaisen season 3 searchActionExtras=Bundle{learn_more_url=https://support.google.com/websearch/answer/106230?hl=106230,suggestion_action_text=Denunciar,should_start_for_result=true,allow_pinning=true,skip_logging_in_target_handler=true,suggestion_action_rpc=2,}ParentID: null targetID: 8dd4123a-89ad-439d-9b12-b5c327951fd4
05-26 13:57:48.365  1044  1044 D SearchTargetUtil: layoutType=short_icon_row resultType=131072 packageName=com.google.android.googlequicksearchbox extras=Bundle{suggestion_type=33,suggest_truncate_start=false,is_answer=false,is_entity=false,is_personal=false,suggest_raw_text=china cable cutter,group_id=web573263,response_id=5159e76a-2662-4523-987e-d87f7c8b852e,support_query_builder=false,} searchAction=china cable cutter searchActionExtras=Bundle{learn_more_url=https://support.google.com/websearch/answer/106230?hl=106230,suggestion_action_text=Denunciar,should_start_for_result=true,allow_pinning=true,skip_logging_in_target_handler=true,suggestion_action_rpc=2,}ParentID: null targetID: cc2cdcb7-6ffa-4ff2-8d31-857f5c3e736f
05-26 13:57:48.365  1044  1044 D SearchTargetUtil: layoutType=short_icon_row resultType=131072 packageName=com.google.android.googlequicksearchbox extras=Bundle{suggestion_type=33,suggest_truncate_start=false,is_answer=false,is_entity=false,is_personal=false,suggest_raw_text=takeru vs rodtang fight,group_id=web573263,response_id=5159e76a-2662-4523-987e-d87f7c8b852e,support_query_builder=false,} searchAction=takeru vs rodtang fight searchActionExtras=Bundle{learn_more_url=https://support.google.com/websearch/answer/106230?hl=106230,suggestion_action_text=Denunciar,should_start_for_result=true,allow_pinning=true,skip_logging_in_target_handler=true,suggestion_action_rpc=2,}ParentID: null targetID: 2ff45a0b-dcb5-475c-a580-ad1ffef94ee1
05-26 13:57:48.365  1044  1044 D SearchTargetUtil: layoutType=short_icon_row resultType=131072 packageName=com.google.android.googlequicksearchbox extras=Bundle{suggestion_type=33,suggest_truncate_start=false,is_answer=false,is_entity=false,is_personal=false,suggest_raw_text=nyt crossword clues,group_id=web573263,response_id=5159e76a-2662-4523-987e-d87f7c8b852e,support_query_builder=false,} searchAction=nyt crossword clues searchActionExtras=Bundle{learn_more_url=https://support.google.com/websearch/answer/106230?hl=106230,suggestion_action_text=Denunciar,should_start_for_result=true,allow_pinning=true,skip_logging_in_target_handler=true,suggestion_action_rpc=2,}ParentID: null targetID: 65dd7b1d-fc48-466d-bb32-404eeb30cf8f
05-26 13:57:48.365  1044  1044 D SearchTargetUtil: layoutType=short_icon_row resultType=131072 packageName=com.google.android.googlequicksearchbox extras=Bundle{suggestion_type=33,suggest_truncate_start=false,is_answer=false,is_entity=false,is_personal=false,suggest_raw_text=oregon ducks football recruiting,group_id=web573263,response_id=5159e76a-2662-4523-987e-d87f7c8b852e,support_query_builder=false,} searchAction=oregon ducks football recruiting searchActionExtras=Bundle{learn_more_url=https://support.google.com/websearch/answer/106230?hl=106230,suggestion_action_text=Denunciar,should_start_for_result=true,allow_pinning=true,skip_logging_in_target_handler=true,suggestion_action_rpc=2,}ParentID: null targetID: 4dde6241-f248-4abb-a3ff-6b4afac0d2fe
05-26 13:57:48.365  1044  1044 D SearchTargetUtil: layoutType=short_icon_row resultType=131072 packageName=com.google.android.googlequicksearchbox extras=Bundle{suggestion_type=33,suggest_truncate_start=false,is_answer=false,is_entity=false,is_personal=false,suggest_raw_text=saturday night live episodes,group_id=web573263,response_id=5159e76a-2662-4523-987e-d87f7c8b852e,support_query_builder=false,} searchAction=saturday night live episodes searchActionExtras=Bundle{learn_more_url=https://support.google.com/websearch/answer/106230?hl=106230,suggestion_action_text=Denunciar,should_start_for_result=true,allow_pinning=true,skip_logging_in_target_handler=true,suggestion_action_rpc=2,}ParentID: null targetID: cc23b939-d716-4294-9e2a-a7445e0e6d7a
05-26 13:57:48.365  1044  1044 D SearchTargetUtil: layoutType=short_icon_row resultType=131072 packageName=com.google.android.googlequicksearchbox extras=Bundle{suggestion_type=33,suggest_truncate_start=false,is_answer=false,is_entity=false,is_personal=false,suggest_raw_text=yellowjackets season 3 episode 7,group_id=web573263,response_id=5159e76a-2662-4523-987e-d87f7c8b852e,support_query_builder=false,} searchAction=yellowjackets season 3 episode 7 searchActionExtras=Bundle{learn_more_url=https://support.google.com/websearch/answer/106230?hl=106230,suggestion_action_text=Denunciar,should_start_for_result=true,allow_pinning=true,skip_logging_in_target_handler=true,suggestion_action_rpc=2,}ParentID: null targetID: 4147a807-bda8-48da-999a-e61d6d2270cb
05-26 13:57:48.365  1044  1044 D SearchTargetUtil: layoutType=short_icon_row resultType=131072 packageName=com.google.android.googlequicksearchbox extras=Bundle{suggestion_type=33,suggest_truncate_start=false,is_answer=false,is_entity=false,is_personal=false,suggest_raw_text=united airlines pilot,group_id=web573263,response_id=5159e76a-2662-4523-987e-d87f7c8b852e,support_query_builder=false,} searchAction=united airlines pilot searchActionExtras=Bundle{learn_more_url=https://support.google.com/websearch/answer/106230?hl=106230,suggestion_action_text=Denunciar,should_start_for_result=true,allow_pinning=true,skip_logging_in_target_handler=true,suggestion_action_rpc=2,}ParentID: null targetID: 8eef3db7-c174-413b-a9ab-58534fe2f9ca
05-26 13:57:48.371  1346  8493 W OpenGLRenderer: Failed to choose config with EGL_SWAP_BEHAVIOR_PRESERVED, retrying without...
05-26 13:57:48.371  1346  8493 W OpenGLRenderer: Failed to initialize 101010-2 format, error = EGL_SUCCESS
05-26 13:57:48.403  1346  2217 D nativeloader: Load /product/priv-app/DevicePersonalizationPrebuiltPixel2021/DevicePersonalizationPrebuiltPixel2021.apk!/lib/arm64-v8a/libparticle-extractor_jni.so using ns product-clns-6 from class loader (caller=/product/priv-app/DevicePersonalizationPrebuiltPixel2021/DevicePersonalizationPrebuiltPixel2021.apk): ok
05-26 13:57:48.404  1044  1056 I AiAiSuggestUi: Fetched content back in callback
05-26 13:57:48.405  1044  1044 I AiAiSuggestUi: Display indicators
05-26 13:57:48.877  1044  1462 D EGL_emulation: app_time_stats: avg=11.12ms min=0.93ms max=233.38ms count=48
05-26 13:57:48.982   785   814 W System  : A resource failed to call release. 
05-26 13:57:48.982   785   814 W System  : A resource failed to call release. 
05-26 13:57:48.982   785   814 W System  : A resource failed to call HardwareBuffer.close. 
05-26 13:57:49.362   785   907 D EGL_emulation: app_time_stats: avg=16.49ms min=13.39ms max=20.13ms count=61
05-26 13:57:49.691  1044  1112 D QuickstepModelDelegate: notifyAppTargetEvent action=1 launchLocation=task-switcher
05-26 13:57:49.693   385  2045 D audioserver: FGS Logger Transaction failed
05-26 13:57:49.693   385  2045 D audioserver: -129
05-26 13:57:49.701   385   488 D AudioFlinger: mixer(0xb400007b90974930) throttle end: throttle time(41)
05-26 13:57:49.860   385   488 D audioserver: FGS Logger Transaction failed
05-26 13:57:49.860   385   488 D audioserver: -129
05-26 13:57:49.894  1044  1462 D EGL_emulation: app_time_stats: avg=41.52ms min=12.83ms max=631.79ms count=24
05-26 13:57:50.043   785   847 V ShellRecents: [130179142] RecentsController.finishInner: toHome=false userLeave=false willFinishToHome=false state=0
05-26 13:57:50.043   785   847 V ShellRecents:   returning to app
05-26 13:57:50.043   785   847 V ShellRecents: [130179142] RecentsController.cleanup
05-26 13:57:50.043   785   847 V WindowManagerShell: Transition animation finished (aborted=false), notifying core (#45)android.os.BinderProxy@33c8207@0
05-26 13:57:50.047   562   580 V WindowManager: Finish Transition #45: created at 05-26 13:57:47.786 collect-started=0.177ms started=0.292ms ready=3.029ms sent=81.453ms finished=2260.301ms
05-26 13:57:50.048   785   847 V WindowManagerShell: Track 0 became idle
05-26 13:57:50.048   785   847 V WindowManagerShell: All active transition animations finished
05-26 13:57:50.077   562   583 V WindowManager: Unknown focus tokens, dropping reportFocusChanged
05-26 13:57:50.080   562   839 I ImeTracker: com.tfg.umeegunero:b20466e8: onRequestHide at ORIGIN_SERVER_HIDE_INPUT reason HIDE_SAME_WINDOW_FOCUSED_WITHOUT_EDITOR
05-26 13:57:50.080   562   839 I ImeTracker: com.tfg.umeegunero:b20466e8: onCancelled at PHASE_SERVER_SHOULD_HIDE
05-26 13:57:50.081  1429  1429 I GoogleInputMethodService: GoogleInputMethodService.onFinishInput():2043 
05-26 13:57:50.082  1044  1111 I ImeTracker: com.google.android.apps.nexuslauncher:eb749a4a: onRequestHide at ORIGIN_CLIENT_HIDE_SOFT_INPUT reason HIDE_SOFT_INPUT
05-26 13:57:50.082  1044  1111 I ImeTracker: com.google.android.apps.nexuslauncher:eb749a4a: onFailed at PHASE_CLIENT_VIEW_SERVED
05-26 13:57:50.082  1429  1429 I Module  : DeviceLockedStatusModuleProvider$Module.updateDeviceLockedStatus():100 repeatCheckTimes = 0, locked = false
05-26 13:57:50.082  1429  1429 I GoogleInputMethodService: GoogleInputMethodService.onStartInput():1293 onStartInput(EditorInfo{EditorInfo{packageName=com.tfg.umeegunero, inputType=0, inputTypeString=NULL, enableLearning=false, autoCorrection=false, autoComplete=false, imeOptions=0, privateImeOptions=null, actionName=UNSPECIFIED, actionLabel=null, initialSelStart=-1, initialSelEnd=-1, initialCapsMode=0, label=null, fieldId=0, fieldName=null, extras=null, hintText=null, hintLocales=[]}}, false)
05-26 13:57:50.083  1044  1044 I AiAiSuggestUi: Clearing suggestions.
05-26 13:57:50.083  1044  1044 I AiAiSuggestUi: Clearing suggestions.
05-26 13:57:50.083  1429  1429 I Module  : DeviceLockedStatusModuleProvider$Module.updateDeviceLockedStatus():100 repeatCheckTimes = 1, locked = false
05-26 13:57:50.083   562   578 W PackageConfigPersister: App-specific configuration not found for packageName: com.tfg.umeegunero and userId: 0
05-26 13:57:50.083  1479  1479 I ckty    : onPause
05-26 13:57:50.083  1479  1479 I ckty    : onStop
05-26 13:57:50.084  1044  1111 I ImeTracker: com.google.android.apps.nexuslauncher:c647541a: onRequestHide at ORIGIN_CLIENT_HIDE_SOFT_INPUT reason HIDE_SOFT_INPUT
05-26 13:57:50.084  1044  1111 I ImeTracker: com.google.android.apps.nexuslauncher:c647541a: onFailed at PHASE_CLIENT_VIEW_SERVED
05-26 13:57:50.084  1044  1612 D OneSearchSuggestProvider: Shut down the binder channel
05-26 13:57:50.085  1044  1081 I IPCThreadState: oneway function results for code 2 on binder at 0xb400007927969010 will be dropped but finished with status UNKNOWN_TRANSACTION
05-26 13:57:50.377   785   907 D EGL_emulation: app_time_stats: avg=16.80ms min=9.94ms max=31.46ms count=60
05-26 13:57:50.414   785   814 W System  : A resource failed to call release. 
05-26 13:57:50.414   785   814 W System  : A resource failed to call release. 
05-26 13:57:50.414   785   814 W System  : A resource failed to call release. 
05-26 13:57:51.411   785   907 D EGL_emulation: app_time_stats: avg=20.66ms min=8.62ms max=67.43ms count=50
05-26 13:57:52.076   785   847 V ShellRecents: RecentsTransitionHandler.startRecentsTransition
05-26 13:57:52.076   785   847 V WindowManagerShell: Directly starting a new transition type=3 wct=WindowContainerTransaction { changes = {} hops = [{PendingIntent: options=Bundle[mParcelledData.dataSize=332]}] errorCallbackToken=null taskFragmentOrganizer=null } handler=com.android.wm.shell.recents.RecentsTransitionHandler@b65f84a
05-26 13:57:52.079   785   847 V ShellRecents: [143320000] RecentsController.setTransition: id=android.os.BinderProxy@b07a8f9
05-26 13:57:52.092   388   388 I BpBinder: onLastStrongRef automatically unlinking death recipients: 
05-26 13:57:52.095  1044  1111 I ImeTracker: com.google.android.apps.nexuslauncher:caba131f: onRequestHide at ORIGIN_CLIENT_HIDE_SOFT_INPUT reason HIDE_SOFT_INPUT
05-26 13:57:52.095  1044  1111 I ImeTracker: com.google.android.apps.nexuslauncher:caba131f: onFailed at PHASE_CLIENT_VIEW_SERVED
05-26 13:57:52.097  1479  1904 E OpenGLRenderer: Unable to match the desired swap behavior.
05-26 13:57:52.112  1044  1462 E OpenGLRenderer: Unable to match the desired swap behavior.
05-26 13:57:52.123   562  2143 I InputDispatcher: Channel [Gesture Monitor] swipe-up (server) is stealing touch from [5f48fe1 com.tfg.umeegunero/com.tfg.umeegunero.MainActivity (server), [Gesture Monitor] edge-swipe (server)]
05-26 13:57:52.126   785   847 V WindowManagerShell: onTransitionReady android.os.BinderProxy@b07a8f9: {id=46 t=TO_FRONT f=0x80 trk=0 r=[0@Point(0, 0)] c=[{WCT{android.window.IWindowContainerToken$Stub$Proxy@2bf9686} m=TO_FRONT f=SHOW_WALLPAPER|MOVE_TO_TOP leash=Surface(name=Task=1)/@0x24fa8ba sb=Rect(0, 0 - 1080, 2400) eb=Rect(0, 0 - 1080, 2400) d=0},{WCT{android.window.IWindowContainerToken$Stub$Proxy@d141b47} m=TO_BACK f=NONE leash=Surface(name=Task=102)/@0xb2fb36b sb=Rect(0, 0 - 1080, 2400) eb=Rect(0, 0 - 1080, 2400) d=0},{null m=TO_FRONT f=IS_WALLPAPER leash=Surface(name=WallpaperWindowToken{234b52e token=android.os.Binder@fd25ba9})/@0xbbc2ec8 sb=Rect(0, 0 - 1080, 2400) eb=Rect(0, 0 - 1080, 2400) d=0}]}
05-26 13:57:52.126   785   847 V WindowManagerShell: Playing animation for (#46)android.os.BinderProxy@b07a8f9@0
05-26 13:57:52.126   785   847 V WindowManagerShell:  try firstHandler com.android.wm.shell.recents.RecentsTransitionHandler@b65f84a
05-26 13:57:52.126   785   847 V ShellRecents: [143320000] RecentsController.start
05-26 13:57:52.127   785   847 V ShellRecents:   adding pausing leaf taskId=102 at layer=8
05-26 13:57:52.128   785   847 V ShellRecents: [143320000] RecentsController.start: calling onAnimationStart
05-26 13:57:52.128   785   847 V WindowManagerShell:  animated by firstHandler
05-26 13:57:52.129   562   580 V WindowManager: Sent Transition #46 createdAt=05-26 13:57:52.077
05-26 13:57:52.129   562   580 V WindowManager:     startWCT=WindowContainerTransaction { changes = {} hops = [{PendingIntent: options=Bundle[{android.activity.splashScreenStyle=-1, android.activity.sourceInfo=android.app.ActivityOptions$SourceInfo@3a7ee74, android.activity.transientLaunch=true}]}] errorCallbackToken=null taskFragmentOrganizer=null }
05-26 13:57:52.129   562   580 V WindowManager:     info={id=46 t=TO_FRONT f=0x80 trk=0 r=[0@Point(0, 0)] c=[{WCT{RemoteToken{bff4ff2 Task{8dab265 #1 type=home}}} m=TO_FRONT f=SHOW_WALLPAPER|MOVE_TO_TOP leash=Surface(name=Task=1)/@0x8813bf sb=Rect(0, 0 - 1080, 2400) eb=Rect(0, 0 - 1080, 2400) d=0},{WCT{RemoteToken{339decc Task{eb9e807 #102 type=standard A=10199:com.tfg.umeegunero}}} m=TO_BACK f=NONE leash=Surface(name=Task=102)/@0x4fc301e sb=Rect(0, 0 - 1080, 2400) eb=Rect(0, 0 - 1080, 2400) d=0},{null m=TO_FRONT f=IS_WALLPAPER leash=Surface(name=WallpaperWindowToken{234b52e token=android.os.Binder@fd25ba9})/@0xf578d0a sb=Rect(0, 0 - 1080, 2400) eb=Rect(0, 0 - 1080, 2400) d=0}]}
05-26 13:57:52.130   388   492 I BpBinder: onLastStrongRef automatically unlinking death recipients: 
05-26 13:57:52.130  1044  1044 D RemoteTargetGluer: appCount: 1 handleLength: 2
05-26 13:57:52.130  1044  1044 D RemoteTargetGluer: resizing handles
05-26 13:57:52.130  1044  1044 D RemoteTargetGluer: containsSplitTargets? false handleLength: 1 appsLength: 1
05-26 13:57:52.130  1044  1044 D RemoteTargetGluer: appCount: 1 handleLength: 2
05-26 13:57:52.130  1044  1044 D RemoteTargetGluer: resizing handles
05-26 13:57:52.130  1044  1044 D RemoteTargetGluer: containsSplitTargets? false handleLength: 1 appsLength: 1
05-26 13:57:52.131   785   847 V ShellRecents: [143320000] RecentsController.setInputConsumerEnabled: set focus to recents
05-26 13:57:52.144   785   785 I vol.VolumeDialogImpl: mDialog.dismiss() reason: volume_controller from: com.android.systemui.volume.VolumeDialogImpl$7.onDismissRequested:3
05-26 13:57:52.166   785   907 D EGL_emulation: app_time_stats: avg=222.08ms min=2.26ms max=3754.52ms count=19
05-26 13:57:52.174   785   900 V ShellRecents: [143320000] RecentsController.detachNavigationBarFromApp
05-26 13:57:52.178   562  1397 W AppSearchIcing: icing-search-engine.cc:364: Error: 5, Message: Document (com.google.android.googlequicksearchbox$OneSearchZeroStateGoogleSuggestions/default, zp) not found.
05-26 13:57:52.178  1044  1612 E OneSearchSuggestProvider: Failed to fetch suggestions from AppSearch, fallback to AGA
05-26 13:57:52.178  1044  1612 E OneSearchSuggestProvider: java.util.concurrent.CompletionException: java.util.NoSuchElementException: No value present
05-26 13:57:52.178  1044  1612 E OneSearchSuggestProvider: 	at java.util.concurrent.CompletableFuture.encodeThrowable(CompletableFuture.java:308)
05-26 13:57:52.178  1044  1612 E OneSearchSuggestProvider: 	at java.util.concurrent.CompletableFuture.completeThrowable(CompletableFuture.java:323)
05-26 13:57:52.178  1044  1612 E OneSearchSuggestProvider: 	at java.util.concurrent.CompletableFuture$UniAccept.tryFire(CompletableFuture.java:684)
05-26 13:57:52.178  1044  1612 E OneSearchSuggestProvider: 	at java.util.concurrent.CompletableFuture.postComplete(CompletableFuture.java:486)
05-26 13:57:52.178  1044  1612 E OneSearchSuggestProvider: 	at java.util.concurrent.CompletableFuture.completeExceptionally(CompletableFuture.java:2138)
05-26 13:57:52.178  1044  1612 E OneSearchSuggestProvider: 	at com.google.android.apps.nexuslauncher.allapps.H0.onResult(Unknown Source:59)
05-26 13:57:52.178  1044  1612 E OneSearchSuggestProvider: 	at android.app.appsearch.SearchSessionUtil$1.lambda$onResult$0(go/retraceme a16d0ba016d0a960fac510978438a6150cd44e6e14a3b85e957db047c29f073b:144)
05-26 13:57:52.178  1044  1612 E OneSearchSuggestProvider: 	at android.app.appsearch.SearchSessionUtil$1.$r8$lambda$CEk3q8sDAQVhU3rQwVueB8FAj_M(go/retraceme a16d0ba016d0a960fac510978438a6150cd44e6e14a3b85e957db047c29f073b:1)
05-26 13:57:52.178  1044  1612 E OneSearchSuggestProvider: 	at android.app.appsearch.SearchSessionUtil$1$$ExternalSyntheticLambda0.run(go/retraceme a16d0ba016d0a960fac510978438a6150cd44e6e14a3b85e957db047c29f073b:22)
05-26 13:57:52.178  1044  1612 E OneSearchSuggestProvider: 	at android.os.Handler.handleCallback(Handler.java:958)
05-26 13:57:52.178  1044  1612 E OneSearchSuggestProvider: 	at android.os.Handler.dispatchMessage(Handler.java:99)
05-26 13:57:52.178  1044  1612 E OneSearchSuggestProvider: 	at android.os.Looper.loopOnce(Looper.java:205)
05-26 13:57:52.178  1044  1612 E OneSearchSuggestProvider: 	at android.os.Looper.loop(Looper.java:294)
05-26 13:57:52.178  1044  1612 E OneSearchSuggestProvider: 	at android.os.HandlerThread.run(HandlerThread.java:67)
05-26 13:57:52.178  1044  1612 E OneSearchSuggestProvider: Caused by: java.util.NoSuchElementException: No value present
05-26 13:57:52.178  1044  1612 E OneSearchSuggestProvider: 	at java.util.Optional.get(Optional.java:143)
05-26 13:57:52.178  1044  1612 E OneSearchSuggestProvider: 	at com.google.android.apps.nexuslauncher.allapps.H0.onResult(Unknown Source:16)
05-26 13:57:52.178  1044  1612 E OneSearchSuggestProvider: 	... 8 more
05-26 13:57:52.179  1044  1612 D OneSearchSuggestProvider: Created the binder channel successfully for end point service =com.google.android.apps.search.googleapp.search.suggest.plugins.onesearch.server.OneSearchSuggestService , mChannel=z1{delegate=s1{logId=45, target=directaddress:///AndroidComponentAddress%5BIntent%20%7B%20act=grpc.io.action.BIND%20cmp=com.google.android.googlequicksearchbox/com.google.android.apps.search.googleapp.search.suggest.plugins.onesearch.server.OneSearchSuggestService%20%7D%5D}} , mOneSearchConnection=X1.T@97d7c7d
05-26 13:57:52.179  1479  1479 I ckty    : onStart
05-26 13:57:52.180  1479  1479 I cjdp    : (REDACTED) [%s] onStart()
05-26 13:57:52.180  1479  1479 I cjfo    : Reloading theme data
05-26 13:57:52.180  1479  1479 I ckty    : onResume
05-26 13:57:52.185  1044  1112 D QuickstepModelDelegate: notifyAppTargetEvent action=1 launchLocation=workspace/0/[-1,-1]/[1,1]
05-26 13:57:52.185  1346  1478 I AiAiEcho: Predicting[0]: 
05-26 13:57:52.186  1346  1478 I AiAiEcho: EchoTargets: 
05-26 13:57:52.186  1346  1478 I AiAiEcho: Filtered by AiAi flag check: 
05-26 13:57:52.186  1346  1478 I AiAiEcho: Ranked targets strategy: SORT, count: 0, ranking metadata: 
05-26 13:57:52.189  1346  1478 I AiAiEcho: #postPredictionTargets: Sending updates to UISurface home with targets# 0 (types=[])
05-26 13:57:52.194  1479  1479 I fpcm    : (REDACTED) Created gRPC endpoint for service %s
05-26 13:57:52.206  1044  1044 D SearchTargetUtil:  query= size=15
05-26 13:57:52.207  1044  1044 D SearchTargetUtil: layoutType=short_icon_row resultType=131072 packageName=com.google.android.googlequicksearchbox extras=Bundle{suggestion_type=33,suggest_truncate_start=false,is_answer=false,is_entity=false,is_personal=false,suggest_raw_text=powerball winning lottery numbers,group_id=web573263,response_id=a3bf19e4-264c-4f73-9765-c3cda56b3f98,support_query_builder=false,} searchAction=powerball winning lottery numbers searchActionExtras=Bundle{learn_more_url=https://support.google.com/websearch/answer/106230?hl=106230,suggestion_action_text=Denunciar,should_start_for_result=true,allow_pinning=true,skip_logging_in_target_handler=true,suggestion_action_rpc=2,}ParentID: null targetID: 34eec23a-a779-4e08-9caa-d833cb96d6e9
05-26 13:57:52.207  1044  1044 D SearchTargetUtil: layoutType=short_icon_row resultType=131072 packageName=com.google.android.googlequicksearchbox extras=Bundle{suggestion_type=33,suggest_truncate_start=false,is_answer=false,is_entity=false,is_personal=false,suggest_raw_text=alex eala madison keys miami open,group_id=web573263,response_id=a3bf19e4-264c-4f73-9765-c3cda56b3f98,support_query_builder=false,} searchAction=alex eala madison keys miami open searchActionExtras=Bundle{learn_more_url=https://support.google.com/websearch/answer/106230?hl=106230,suggestion_action_text=Denunciar,should_start_for_result=true,allow_pinning=true,skip_logging_in_target_handler=true,suggestion_action_rpc=2,}ParentID: null targetID: 88de4375-f333-4aff-a2be-ad71d1c43aaa
05-26 13:57:52.207  1044  1044 D SearchTargetUtil: layoutType=short_icon_row resultType=131072 packageName=com.google.android.googlequicksearchbox extras=Bundle{suggestion_type=33,suggest_truncate_start=false,is_answer=false,is_entity=false,is_personal=false,suggest_raw_text=march 26 social security payments,group_id=web573263,response_id=a3bf19e4-264c-4f73-9765-c3cda56b3f98,support_query_builder=false,} searchAction=march 26 social security payments searchActionExtras=Bundle{learn_more_url=https://support.google.com/websearch/answer/106230?hl=106230,suggestion_action_text=Denunciar,should_start_for_result=true,allow_pinning=true,skip_logging_in_target_handler=true,suggestion_action_rpc=2,}ParentID: null targetID: b3f280f2-056e-4908-a59b-392103a2223e
05-26 13:57:52.207  1044  1044 D SearchTargetUtil: layoutType=short_icon_row resultType=131072 packageName=com.google.android.googlequicksearchbox extras=Bundle{suggestion_type=33,suggest_truncate_start=false,is_answer=false,is_entity=false,is_personal=false,suggest_raw_text=walt disney world epcot fire,group_id=web573263,response_id=a3bf19e4-264c-4f73-9765-c3cda56b3f98,support_query_builder=false,} searchAction=walt disney world epcot fire searchActionExtras=Bundle{learn_more_url=https://support.google.com/websearch/answer/106230?hl=106230,suggestion_action_text=Denunciar,should_start_for_result=true,allow_pinning=true,skip_logging_in_target_handler=true,suggestion_action_rpc=2,}ParentID: null targetID: 6247044e-c874-49e3-a7f7-8c9e3f8985eb
05-26 13:57:52.207  1044  1044 D SearchTargetUtil: layoutType=short_icon_row resultType=131072 packageName=com.google.android.googlequicksearchbox extras=Bundle{suggestion_type=33,suggest_truncate_start=false,is_answer=false,is_entity=false,is_personal=false,suggest_raw_text=gta 6 release date,group_id=web573263,response_id=a3bf19e4-264c-4f73-9765-c3cda56b3f98,support_query_builder=false,} searchAction=gta 6 release date searchActionExtras=Bundle{learn_more_url=https://support.google.com/websearch/answer/106230?hl=106230,suggestion_action_text=Denunciar,should_start_for_result=true,allow_pinning=true,skip_logging_in_target_handler=true,suggestion_action_rpc=2,}ParentID: null targetID: d6533298-fdd5-4c09-8742-c8bd26d40ec7
05-26 13:57:52.207  1044  1044 D SearchTargetUtil: layoutType=short_icon_row resultType=131072 packageName=com.google.android.googlequicksearchbox extras=Bundle{suggestion_type=33,suggest_truncate_start=false,is_answer=false,is_entity=false,is_personal=false,suggest_raw_text=sec gymnastics championships,group_id=web573263,response_id=a3bf19e4-264c-4f73-9765-c3cda56b3f98,support_query_builder=false,} searchAction=sec gymnastics championships searchActionExtras=Bundle{learn_more_url=https://support.google.com/websearch/answer/106230?hl=106230,suggestion_action_text=Denunciar,should_start_for_result=true,allow_pinning=true,skip_logging_in_target_handler=true,suggestion_action_rpc=2,}ParentID: null targetID: daff5742-a7d4-48af-8c59-ba5425164299
05-26 13:57:52.207  1044  1044 D SearchTargetUtil: layoutType=short_icon_row resultType=131072 packageName=com.google.android.googlequicksearchbox extras=Bundle{suggestion_type=33,suggest_truncate_start=false,is_answer=false,is_entity=false,is_personal=false,suggest_raw_text=rare bicentennial quarters,group_id=web573263,response_id=a3bf19e4-264c-4f73-9765-c3cda56b3f98,support_query_builder=false,} searchAction=rare bicentennial quarters searchActionExtras=Bundle{learn_more_url=https://support.google.com/websearch/answer/106230?hl=106230,suggestion_action_text=Denunciar,should_start_for_result=true,allow_pinning=true,skip_logging_in_target_handler=true,suggestion_action_rpc=2,}ParentID: null targetID: 822de52d-126e-482f-8c82-60862ae4f143
05-26 13:57:52.207  1044  1044 D SearchTargetUtil: layoutType=short_icon_row resultType=131072 packageName=com.google.android.googlequicksearchbox extras=Bundle{suggestion_type=33,suggest_truncate_start=false,is_answer=false,is_entity=false,is_personal=false,suggest_raw_text=jujutsu kaisen season 3,group_id=web573263,response_id=a3bf19e4-264c-4f73-9765-c3cda56b3f98,support_query_builder=false,} searchAction=jujutsu kaisen season 3 searchActionExtras=Bundle{learn_more_url=https://support.google.com/websearch/answer/106230?hl=106230,suggestion_action_text=Denunciar,should_start_for_result=true,allow_pinning=true,skip_logging_in_target_handler=true,suggestion_action_rpc=2,}ParentID: null targetID: 57f3dc24-dc32-44a7-b20b-8519cbf6ded7
05-26 13:57:52.207  1044  1044 D SearchTargetUtil: layoutType=short_icon_row resultType=131072 packageName=com.google.android.googlequicksearchbox extras=Bundle{suggestion_type=33,suggest_truncate_start=false,is_answer=false,is_entity=false,is_personal=false,suggest_raw_text=china cable cutter,group_id=web573263,response_id=a3bf19e4-264c-4f73-9765-c3cda56b3f98,support_query_builder=false,} searchAction=china cable cutter searchActionExtras=Bundle{learn_more_url=https://support.google.com/websearch/answer/106230?hl=106230,suggestion_action_text=Denunciar,should_start_for_result=true,allow_pinning=true,skip_logging_in_target_handler=true,suggestion_action_rpc=2,}ParentID: null targetID: 9d33ed6f-40dc-44e8-8f47-07eff9164617
05-26 13:57:52.207  1044  1044 D SearchTargetUtil: layoutType=short_icon_row resultType=131072 packageName=com.google.android.googlequicksearchbox extras=Bundle{suggestion_type=33,suggest_truncate_start=false,is_answer=false,is_entity=false,is_personal=false,suggest_raw_text=takeru vs rodtang fight,group_id=web573263,response_id=a3bf19e4-264c-4f73-9765-c3cda56b3f98,support_query_builder=false,} searchAction=takeru vs rodtang fight searchActionExtras=Bundle{learn_more_url=https://support.google.com/websearch/answer/106230?hl=106230,suggestion_action_text=Denunciar,should_start_for_result=true,allow_pinning=true,skip_logging_in_target_handler=true,suggestion_action_rpc=2,}ParentID: null targetID: ece0b900-9b21-4b13-b733-388aa0014931
05-26 13:57:52.207  1044  1044 D SearchTargetUtil: layoutType=short_icon_row resultType=131072 packageName=com.google.android.googlequicksearchbox extras=Bundle{suggestion_type=33,suggest_truncate_start=false,is_answer=false,is_entity=false,is_personal=false,suggest_raw_text=nyt crossword clues,group_id=web573263,response_id=a3bf19e4-264c-4f73-9765-c3cda56b3f98,support_query_builder=false,} searchAction=nyt crossword clues searchActionExtras=Bundle{learn_more_url=https://support.google.com/websearch/answer/106230?hl=106230,suggestion_action_text=Denunciar,should_start_for_result=true,allow_pinning=true,skip_logging_in_target_handler=true,suggestion_action_rpc=2,}ParentID: null targetID: 9d366998-54e1-4dbc-9723-ac5298547a2b
05-26 13:57:52.207  1044  1044 D SearchTargetUtil: layoutType=short_icon_row resultType=131072 packageName=com.google.android.googlequicksearchbox extras=Bundle{suggestion_type=33,suggest_truncate_start=false,is_answer=false,is_entity=false,is_personal=false,suggest_raw_text=oregon ducks football recruiting,group_id=web573263,response_id=a3bf19e4-264c-4f73-9765-c3cda56b3f98,support_query_builder=false,} searchAction=oregon ducks football recruiting searchActionExtras=Bundle{learn_more_url=https://support.google.com/websearch/answer/106230?hl=106230,suggestion_action_text=Denunciar,should_start_for_result=true,allow_pinning=true,skip_logging_in_target_handler=true,suggestion_action_rpc=2,}ParentID: null targetID: d6c44fb8-9947-4089-86f8-e930e8d68433
05-26 13:57:52.207  1044  1044 D SearchTargetUtil: layoutType=short_icon_row resultType=131072 packageName=com.google.android.googlequicksearchbox extras=Bundle{suggestion_type=33,suggest_truncate_start=false,is_answer=false,is_entity=false,is_personal=false,suggest_raw_text=saturday night live episodes,group_id=web573263,response_id=a3bf19e4-264c-4f73-9765-c3cda56b3f98,support_query_builder=false,} searchAction=saturday night live episodes searchActionExtras=Bundle{learn_more_url=https://support.google.com/websearch/answer/106230?hl=106230,suggestion_action_text=Denunciar,should_start_for_result=true,allow_pinning=true,skip_logging_in_target_handler=true,suggestion_action_rpc=2,}ParentID: null targetID: a2243583-47d0-4d20-8551-ef6af5abf4ad
05-26 13:57:52.207  1044  1044 D SearchTargetUtil: layoutType=short_icon_row resultType=131072 packageName=com.google.android.googlequicksearchbox extras=Bundle{suggestion_type=33,suggest_truncate_start=false,is_answer=false,is_entity=false,is_personal=false,suggest_raw_text=yellowjackets season 3 episode 7,group_id=web573263,response_id=a3bf19e4-264c-4f73-9765-c3cda56b3f98,support_query_builder=false,} searchAction=yellowjackets season 3 episode 7 searchActionExtras=Bundle{learn_more_url=https://support.google.com/websearch/answer/106230?hl=106230,suggestion_action_text=Denunciar,should_start_for_result=true,allow_pinning=true,skip_logging_in_target_handler=true,suggestion_action_rpc=2,}ParentID: null targetID: 20510c86-ee8f-4f37-b1b7-3a6d9f2ed2f3
05-26 13:57:52.207  1044  1044 D SearchTargetUtil: layoutType=short_icon_row resultType=131072 packageName=com.google.android.googlequicksearchbox extras=Bundle{suggestion_type=33,suggest_truncate_start=false,is_answer=false,is_entity=false,is_personal=false,suggest_raw_text=united airlines pilot,group_id=web573263,response_id=a3bf19e4-264c-4f73-9765-c3cda56b3f98,support_query_builder=false,} searchAction=united airlines pilot searchActionExtras=Bundle{learn_more_url=https://support.google.com/websearch/answer/106230?hl=106230,suggestion_action_text=Denunciar,should_start_for_result=true,allow_pinning=true,skip_logging_in_target_handler=true,suggestion_action_rpc=2,}ParentID: null targetID: c0a26928-2418-4bd0-af17-2c93c09bb5eb
05-26 13:57:52.209   388   388 I BpBinder: onLastStrongRef automatically unlinking death recipients: 
05-26 13:57:52.414   785   907 D EGL_emulation: app_time_stats: avg=77.06ms min=15.08ms max=719.45ms count=13
05-26 13:57:52.738   351  5656 D android.hardware.audio@7.1-impl.ranchu: threadLoop: entering standby, frames: 3954880
05-26 13:57:52.779   785  3370 V ShellRecents: [143320000] RecentsController.screenshotTask: taskId=102
05-26 13:57:52.784  1044  1111 I ImeTracker: com.google.android.apps.nexuslauncher:b4a6b0f0: onRequestHide at ORIGIN_CLIENT_HIDE_SOFT_INPUT reason HIDE_SOFT_INPUT
05-26 13:57:52.785  1044  1111 I ImeTracker: com.google.android.apps.nexuslauncher:b4a6b0f0: onFailed at PHASE_CLIENT_VIEW_SERVED
05-26 13:57:52.794   785   847 V ShellRecents: [143320000] RecentsController.finishInner: toHome=true userLeave=true willFinishToHome=true state=0
05-26 13:57:52.794   785   847 V ShellRecents:   normal finish
05-26 13:57:52.794   785   847 V ShellRecents: [143320000] RecentsController.cleanup
05-26 13:57:52.794   785   847 V WindowManagerShell: Transition animation finished (aborted=false), notifying core (#46)android.os.BinderProxy@b07a8f9@0
05-26 13:57:52.795   562   580 V WindowManager: Finish Transition #46: created at 05-26 13:57:52.077 collect-started=0.216ms started=0.273ms ready=1.558ms sent=46.889ms finished=718.129ms
05-26 13:57:52.798  8045  8079 D SessionLifecycleClient: Sending lifecycle 2 to service
05-26 13:57:52.798  8045  8117 D SessionLifecycleService: Activity backgrounding at 3245340
05-26 13:57:52.798   785   847 V WindowManagerShell: Track 0 became idle
05-26 13:57:52.799   785   847 V WindowManagerShell: All active transition animations finished
05-26 13:57:52.810   562   583 V WindowManager: Unknown focus tokens, dropping reportFocusChanged
05-26 13:57:52.815  1536  1536 D BoundBrokerSvc: onBind: Intent { act=com.google.android.gms.measurement.START pkg=com.google.android.gms }
05-26 13:57:52.815  1536  1536 D BoundBrokerSvc: Loading bound service for intent: Intent { act=com.google.android.gms.measurement.START pkg=com.google.android.gms }
05-26 13:57:52.826   562  2182 I ImeTracker: com.google.android.apps.nexuslauncher:beafcff2: onRequestHide at ORIGIN_SERVER_HIDE_INPUT reason HIDE_UNSPECIFIED_WINDOW
05-26 13:57:52.826   562  2182 I ImeTracker: com.google.android.apps.nexuslauncher:beafcff2: onCancelled at PHASE_SERVER_SHOULD_HIDE
05-26 13:57:52.827  1429  1429 I GoogleInputMethodService: GoogleInputMethodService.onFinishInput():2043 
05-26 13:57:52.828  1429  1429 I Module  : DeviceLockedStatusModuleProvider$Module.updateDeviceLockedStatus():100 repeatCheckTimes = 0, locked = false
05-26 13:57:52.828  1429  1429 I GoogleInputMethodService: GoogleInputMethodService.onStartInput():1293 onStartInput(EditorInfo{EditorInfo{packageName=com.google.android.apps.nexuslauncher, inputType=0, inputTypeString=NULL, enableLearning=false, autoCorrection=false, autoComplete=false, imeOptions=0, privateImeOptions=null, actionName=UNSPECIFIED, actionLabel=null, initialSelStart=-1, initialSelEnd=-1, initialCapsMode=0, label=null, fieldId=0, fieldName=null, extras=null, hintText=null, hintLocales=[]}}, false)
05-26 13:57:52.828  1429  1429 I Module  : DeviceLockedStatusModuleProvider$Module.updateDeviceLockedStatus():100 repeatCheckTimes = 1, locked = false
05-26 13:57:52.829   562   578 W PackageConfigPersister: App-specific configuration not found for packageName: com.google.android.apps.nexuslauncher and userId: 0
05-26 13:57:52.832  1536  8505 D AdvertisingIdClient: AdvertisingIdClient already created.
05-26 13:57:52.832  1536  8505 D AdvertisingIdClient: AdvertisingIdClient is not bounded. Starting to bind it...
05-26 13:57:52.834  1536  8505 D AdvertisingIdClient: AdvertisingIdClient is bounded
05-26 13:57:52.835  1536  8505 I AdvertisingIdClient: shouldSendLog 2054094
05-26 13:57:52.835  1536  8505 I AdvertisingIdClient: GetInfoInternal elapse 3ms
05-26 13:57:52.861  1536  1550 W gle.android.gms: Missing inline cache for void cieq.am(com.google.android.gms.measurement.internal.EventParcel, com.google.android.gms.measurement.internal.AppMetadata)
05-26 13:57:52.863  1536  1550 I gle.android.gms: Compiler allocated 5634KB to compile void cieq.am(com.google.android.gms.measurement.internal.EventParcel, com.google.android.gms.measurement.internal.AppMetadata)
05-26 13:57:53.047   562  1421 E TaskPersister: File error accessing recents directory (directory doesn't exist?).
05-26 13:57:53.264   785   814 W System  : A resource failed to call release. 
05-26 13:57:53.264   785   814 W System  : A resource failed to call release. 
05-26 13:57:53.264   785   814 W System  : A resource failed to call release. 
05-26 13:57:53.264   785   814 W System  : A resource failed to call HardwareBuffer.close. 
05-26 13:57:53.429   785   907 D EGL_emulation: app_time_stats: avg=16.63ms min=13.50ms max=19.13ms count=61
05-26 13:57:54.043   785   785 D StatusBarIconController: ignoring old pipeline callbacks, because the new mobile icons are enabled
05-26 13:57:54.819  8045  8503 I FA      : Application backgrounded at: timestamp_millis: 1748260672817
05-26 13:58:00.012  1346  1478 I AiAiEcho: Predicting[0]: 
05-26 13:58:00.012  1346  1478 I AiAiEcho: EchoTargets: 
05-26 13:58:00.012  1346  1478 I AiAiEcho: Filtered by AiAi flag check: 
05-26 13:58:00.012  1346  1478 I AiAiEcho: Ranked targets strategy: SORT, count: 0, ranking metadata: 
05-26 13:58:00.012  1346  1478 I AiAiEcho: #postPredictionTargets: Sending updates to UISurface lockscreen with targets# 0 (types=[])
05-26 13:58:00.031   785   785 W PageIndicator: Total number of pages invalid: 0. Assuming 1 page.
05-26 13:58:00.042   785   907 D EGL_emulation: app_time_stats: avg=874.67ms min=10.00ms max=7746.29ms count=9
05-26 13:58:02.806   562   583 W ProcessStats: Tracking association SourceState{a7175ed com.google.android.googlequicksearchbox:search/10132 BTop #7183} whose proc state 2 is better than process ProcessState{9157b74 com.google.android.adservices.api/10181 pkg=com.google.android.adservices.api} proc state 8 (178 skipped)
05-26 13:58:03.143  1392  1954 I bawb    : (REDACTED) getHotwordActive::active query: %s, watch: %s, devices connected: %s
05-26 13:58:04.049   785   785 D StatusBarIconController: ignoring old pipeline callbacks, because the new mobile icons are enabled
05-26 13:58:04.085   785   907 D EGL_emulation: app_time_stats: avg=4043.04ms min=4043.04ms max=4043.04ms count=1
05-26 13:58:04.836  1536  1536 D BoundBrokerSvc: onUnbind: Intent { act=com.google.android.gms.measurement.START pkg=com.google.android.gms }
05-26 13:58:14.047   785   785 D StatusBarIconController: ignoring old pipeline callbacks, because the new mobile icons are enabled
05-26 13:58:18.283   879  1019 D ApfFilter: (wlan0): Ignoring RA RA fe80::2 -> ff02::1 1800s fec0::/64 86400s/14400s  which matches RA fe80::2 -> ff02::1 1800s fec0::/64 86400s/14400s 
05-26 13:58:19.479   785   785 D StatusBarIconController: ignoring old pipeline callback because the new wifi icon is enabled
05-26 13:58:19.585   562   590 W ProcessStats: Tracking association SourceState{4d3403b com.google.android.apps.nexuslauncher/10161 BTop #7186} whose proc state 2 is better than process ProcessState{d68642f com.google.android.googlequicksearchbox:search/10132 pkg=com.google.android.googlequicksearchbox} proc state 14 (18 skipped)
05-26 13:58:20.169   562   578 W AppOps  : Noting op not finished: uid 10126 pkg com.google.android.gms code 113 startTime of in progress event=1748257279539
05-26 13:58:20.175   562   578 W AppOps  : Noting op not finished: uid 10126 pkg com.google.android.gms code 79 startTime of in progress event=1748258761936
05-26 13:58:20.183   562  2182 W AppOps  : Noting op not finished: uid 10126 pkg com.google.android.gms code 113 startTime of in progress event=1748257279539
05-26 13:58:20.188   562   839 W AppOps  : Noting op not finished: uid 10126 pkg com.google.android.gms code 113 startTime of in progress event=1748257279539
05-26 13:58:20.190  1016  1788 I ActivityScheduler: nextTriggerTime: 3510832, in 238100ms, detectorType: 39, FULL_TYPE alarmWindowMillis: 80000
05-26 13:58:22.496   785   785 D StatusBarIconController: ignoring old pipeline callback because the new wifi icon is enabled
05-26 13:58:24.068   785   785 D StatusBarIconController: ignoring old pipeline callbacks, because the new mobile icons are enabled
05-26 13:58:34.062   785   785 D StatusBarIconController: ignoring old pipeline callbacks, because the new mobile icons are enabled
05-26 13:58:44.063   785   785 D StatusBarIconController: ignoring old pipeline callbacks, because the new mobile icons are enabled
05-26 13:58:54.062   785   785 D StatusBarIconController: ignoring old pipeline callbacks, because the new mobile icons are enabled
05-26 13:59:00.036  1346  1478 I AiAiEcho: Predicting[0]: 
05-26 13:59:00.036  1346  1478 I AiAiEcho: EchoTargets: 
05-26 13:59:00.036  1346  1478 I AiAiEcho: Filtered by AiAi flag check: 
05-26 13:59:00.036  1346  1478 I AiAiEcho: Ranked targets strategy: SORT, count: 0, ranking metadata: 
05-26 13:59:00.037  1346  1478 I AiAiEcho: #postPredictionTargets: Sending updates to UISurface lockscreen with targets# 0 (types=[])
05-26 13:59:00.047   785   785 W PageIndicator: Total number of pages invalid: 0. Assuming 1 page.
05-26 13:59:00.075   785   907 D EGL_emulation: app_time_stats: avg=55989.61ms min=55989.61ms max=55989.61ms count=1
05-26 13:59:03.144  1392  1954 I bawb    : (REDACTED) getHotwordActive::active query: %s, watch: %s, devices connected: %s
05-26 13:59:04.062   785   785 D StatusBarIconController: ignoring old pipeline callbacks, because the new mobile icons are enabled
05-26 13:59:14.060   785   785 D StatusBarIconController: ignoring old pipeline callbacks, because the new mobile icons are enabled
05-26 13:59:14.067   939   955 W m.android.phone: Reducing the number of considered missed Gc histogram windows from 153 to 100
05-26 13:59:14.080   562   839 W ProcessStats: Tracking association SourceState{4d3403b com.google.android.apps.nexuslauncher/10161 BTop #7199} whose proc state 2 is better than process ProcessState{d68642f com.google.android.googlequicksearchbox:search/10132 pkg=com.google.android.googlequicksearchbox} proc state 14 (71 skipped)
05-26 13:59:24.061   785   785 D StatusBarIconController: ignoring old pipeline callbacks, because the new mobile icons are enabled
05-26 13:59:34.061   785   785 D StatusBarIconController: ignoring old pipeline callbacks, because the new mobile icons are enabled
05-26 13:59:41.865   562   578 W ProcessStats: Tracking association SourceState{97f4505 com.google.android.gms.persistent/10126 BTop #7200} whose proc state 2 is better than process ProcessState{f35c0a2 com.google.android.gms/10126 pkg=com.google.android.gms} proc state 14 (7 skipped)
05-26 13:59:41.869  1016  8423 I AlarmManager: setExactAndAllowWhileIdle [name: GCM_HB_ALARM type: 2 triggerAtMillis: 3884411]
