--------- beginning of main
05-26 13:52:23.988   785   785 D StatusBarIconController: ignoring old pipeline callbacks, because the new mobile icons are enabled
--------- beginning of system
05-26 13:52:24.560   562  2172 W ProcessStats: Tracking association SourceState{3400928 com.google.android.googlequicksearchbox:interactor/10132 BTop #7069} whose proc state 2 is better than process ProcessState{5620043 com.google.android.gms.persistent/10126 pkg=com.google.android.gms} proc state 4 (5 skipped)
05-26 13:52:30.782   785   785 D StatusBarIconController: ignoring old pipeline callback because the new wifi icon is enabled
05-26 13:52:33.780   785   785 D StatusBarIconController: ignoring old pipeline callback because the new wifi icon is enabled
05-26 13:52:33.985   785   785 D StatusBarIconController: ignoring old pipeline callbacks, because the new mobile icons are enabled
05-26 13:52:43.978   785   785 D StatusBarIconController: ignoring old pipeline callbacks, because the new mobile icons are enabled
05-26 13:52:47.714  1536  1536 D BoundBrokerSvc: onUnbind: Intent { act=com.google.android.gms.auth.service.START pkg=com.google.android.gms }
05-26 13:52:47.715   562  2058 W ProcessStats: Tracking association SourceState{3400928 com.google.android.googlequicksearchbox:interactor/10132 BTop #7070} whose proc state 2 is better than process ProcessState{5620043 com.google.android.gms.persistent/10126 pkg=com.google.android.gms} proc state 4 (5 skipped)
05-26 13:52:53.980   785   785 D StatusBarIconController: ignoring old pipeline callbacks, because the new mobile icons are enabled
05-26 13:53:00.019  1346  1478 I AiAiEcho: Predicting[0]: 
05-26 13:53:00.019  1346  1478 I AiAiEcho: EchoTargets: 
05-26 13:53:00.019  1346  1478 I AiAiEcho: Filtered by AiAi flag check: 
05-26 13:53:00.019  1346  1478 I AiAiEcho: Ranked targets strategy: SORT, count: 0, ranking metadata: 
05-26 13:53:00.020  1346  1478 I AiAiEcho: #postPredictionTargets: Sending updates to UISurface lockscreen with targets# 0 (types=[])
05-26 13:53:00.031   785   785 W PageIndicator: Total number of pages invalid: 0. Assuming 1 page.
05-26 13:53:00.051   785   907 D EGL_emulation: app_time_stats: avg=56058.20ms min=56058.20ms max=56058.20ms count=1
05-26 13:53:00.877   562   590 W ProcessStats: Tracking association SourceState{3400928 com.google.android.googlequicksearchbox:interactor/10132 BTop #7072} whose proc state 2 is better than process ProcessState{5620043 com.google.android.gms.persistent/10126 pkg=com.google.android.gms} proc state 4 (5 skipped)
05-26 13:53:00.932   562   644 D ActivityManager: sync unfroze 1059 com.google.android.permissioncontroller for 6
05-26 13:53:00.975   562   839 D IntervalStats: Unable to parse usage stats packages: [238]
05-26 13:53:00.977   562   839 D IntervalStats: Unable to parse usage stats packages: [238]
05-26 13:53:01.042  1059  1059 I HibernationController: Done hibernating apps [] 
05-26 13:53:01.042  1059  1059 I HibernationController:  Globally hibernating apps []
05-26 13:53:01.044  1059  1059 I AutoRevokePermissions: Done auto-revoke for user 0 - revoked []
05-26 13:53:01.062  1059  1065 W ssioncontroller: Reducing the number of considered missed Gc histogram windows from 225 to 100
05-26 13:53:01.470   562  2058 W AppOps  : Noting op not finished: uid 10126 pkg com.google.android.gms code 113 startTime of in progress event=1748257279539
05-26 13:53:01.475   562  1641 W AppOps  : Noting op not finished: uid 10126 pkg com.google.android.gms code 79 startTime of in progress event=1748258761936
05-26 13:53:01.478   562  1641 W AppOps  : Noting op not finished: uid 10126 pkg com.google.android.gms code 113 startTime of in progress event=1748257279539
05-26 13:53:01.479   562  1641 W AppOps  : Noting op not finished: uid 10126 pkg com.google.android.gms code 113 startTime of in progress event=1748257279539
05-26 13:53:01.480  1016  1788 I ActivityScheduler: nextTriggerTime: 3192122, in 238100ms, detectorType: 39, FULL_TYPE alarmWindowMillis: 80000
05-26 13:53:03.148  1392  1771 I bawb    : (REDACTED) getHotwordActive::active query: %s, watch: %s, devices connected: %s
05-26 13:53:03.980   785   785 D StatusBarIconController: ignoring old pipeline callbacks, because the new mobile icons are enabled
05-26 13:53:11.097   562   653 D ActivityManager: freezing 1059 com.google.android.permissioncontroller
05-26 13:53:13.996   785   785 D StatusBarIconController: ignoring old pipeline callbacks, because the new mobile icons are enabled
05-26 13:53:23.982   785   785 D StatusBarIconController: ignoring old pipeline callbacks, because the new mobile icons are enabled
05-26 13:53:26.437   562   761 E ClipboardService: Denying clipboard access to com.android.chrome, application is not in focus nor is it a system service for user 0
05-26 13:53:26.439  1346  1605 I AiAiTranslate: C2T - not in a conversation
05-26 13:53:26.453   785   785 I ClipboardListener: Clipboard overlay suppressed.
05-26 13:53:26.540  1346  1804 I AiAiTextClassifier: GenerateLinks did not find valid links, returning empty result
05-26 13:53:33.996   785   785 D StatusBarIconController: ignoring old pipeline callbacks, because the new mobile icons are enabled
05-26 13:53:39.137   879  1019 D ApfFilter: (wlan0): Adding RA fe80::2 -> ff02::1 1800s fec0::/64 86400s/14400s 
05-26 13:53:39.141   562   705 E WifiStaIfaceAidlImpl: installApfPacketFilter failed with service-specific exception: android.os.ServiceSpecificException:  (code 4)
05-26 13:53:39.928   785   785 D StatusBarIconController: ignoring old pipeline callback because the new wifi icon is enabled
05-26 13:53:42.944   785   785 D StatusBarIconController: ignoring old pipeline callback because the new wifi icon is enabled
05-26 13:53:43.995   785   785 D StatusBarIconController: ignoring old pipeline callbacks, because the new mobile icons are enabled
05-26 13:53:44.041   785   907 D EGL_emulation: app_time_stats: avg=43989.25ms min=43989.25ms max=43989.25ms count=1
05-26 13:53:53.264  6816  6873 I Finsky  : [61] Stats for Executor: BlockingExecutor six@b7b0bfe[Running, pool size = 0, active threads = 0, queued tasks = 0, completed tasks = 35]
05-26 13:53:53.265  6816  6873 I Finsky  : [61] Stats for Executor: LightweightExecutor six@57faf5f[Running, pool size = 3, active threads = 0, queued tasks = 0, completed tasks = 158]
05-26 13:53:53.347  6816  6873 I Finsky  : [61] Stats for Executor: bgExecutor six@146cdac[Running, pool size = 4, active threads = 0, queued tasks = 0, completed tasks = 135]
05-26 13:53:53.766  6816  6873 I Finsky  : [61] Stats for Executor: GrpcBackgroundExecutor six@cd82a75[Running, pool size = 1, active threads = 0, queued tasks = 0, completed tasks = 1]
05-26 13:53:53.966  7001  7026 I Finsky:background: [71] Stats for Executor: bgExecutor six@ffdda78[Running, pool size = 4, active threads = 0, queued tasks = 0, completed tasks = 43]
05-26 13:53:53.979  7001  7026 I Finsky:background: [71] Stats for Executor: LightweightExecutor six@876c551[Running, pool size = 3, active threads = 0, queued tasks = 0, completed tasks = 16]
05-26 13:53:53.995   785   785 D StatusBarIconController: ignoring old pipeline callbacks, because the new mobile icons are enabled
05-26 13:53:54.114  7001  7026 I Finsky:background: [71] Stats for Executor: BlockingExecutor six@856e1b6[Running, pool size = 0, active threads = 0, queued tasks = 0, completed tasks = 1]
05-26 13:53:58.201  1044  1462 D EGL_emulation: app_time_stats: avg=13271.52ms min=5.11ms max=596404.19ms count=45
05-26 13:53:58.240   562   894 D CompatibilityChangeReporter: Compat change id reported: 161252188; UID 10199; state: DISABLED
05-26 13:53:58.244   385   475 D audioserver: FGS Logger Transaction failed
05-26 13:53:58.245   385   475 D audioserver: -129
05-26 13:53:58.246   562   894 D CompatibilityChangeReporter: Compat change id reported: 265464455; UID 10199; state: DISABLED
05-26 13:53:58.247   562   894 D CompatibilityChangeReporter: Compat change id reported: 265452344; UID 10199; state: DISABLED
05-26 13:53:58.247   562   894 D CompatibilityChangeReporter: Compat change id reported: 266124927; UID 10199; state: DISABLED
05-26 13:53:58.247   562   894 D CompatibilityChangeReporter: Compat change id reported: 265451093; UID 10199; state: DISABLED
05-26 13:53:58.248   562   894 D CompatibilityChangeReporter: Compat change id reported: 265456536; UID 10199; state: DISABLED
05-26 13:53:58.248   562   894 D CompatibilityChangeReporter: Compat change id reported: 255940284; UID 10199; state: DISABLED
05-26 13:53:58.249   562   894 D CompatibilityChangeReporter: Compat change id reported: 236283604; UID 10199; state: DISABLED
05-26 13:53:58.249   562   894 D CompatibilityChangeReporter: Compat change id reported: 263959004; UID 10199; state: DISABLED
05-26 13:53:58.249   562   894 D CompatibilityChangeReporter: Compat change id reported: 264304459; UID 10199; state: DISABLED
05-26 13:53:58.249   562   894 D CompatibilityChangeReporter: Compat change id reported: 264301586; UID 10199; state: DISABLED
05-26 13:53:58.250   562   894 D CompatibilityChangeReporter: Compat change id reported: 254631730; UID 10199; state: DISABLED
05-26 13:53:58.251   562   894 D CompatibilityChangeReporter: Compat change id reported: 273509367; UID 10199; state: DISABLED
05-26 13:53:58.251   562   894 D CompatibilityChangeReporter: Compat change id reported: 263259275; UID 10199; state: DISABLED
05-26 13:53:58.252   562   894 D CompatibilityChangeReporter: Compat change id reported: 174042980; UID 10199; state: DISABLED
05-26 13:53:58.252   562   894 D CompatibilityChangeReporter: Compat change id reported: 174042936; UID 10199; state: DISABLED
05-26 13:53:58.252   562   894 D CompatibilityChangeReporter: Compat change id reported: 181136395; UID 10199; state: DISABLED
05-26 13:53:58.256   562   894 D CompatibilityChangeReporter: Compat change id reported: 194480991; UID 10199; state: ENABLED
05-26 13:53:58.257   385   488 D AudioFlinger: mixer(0xb400007b90974930) throttle end: throttle time(34)
05-26 13:53:58.264   562   894 D CompatibilityChangeReporter: Compat change id reported: 194833441; UID 10199; state: ENABLED
05-26 13:53:58.264   562   894 I ActivityTaskManager: START u0 {act=android.intent.action.MAIN cat=[android.intent.category.LAUNCHER] flg=0x10200000 cmp=com.tfg.umeegunero/.MainActivity bnds=[832,1873][1005,2068]} with LAUNCH_MULTIPLE from uid 10161 (BAL_ALLOW_ALLOWLISTED_COMPONENT) result code=2
05-26 13:53:58.264   785   847 V WindowManagerShell: Transition requested: android.os.BinderProxy@8451542 TransitionRequestInfo { type = OPEN, triggerTask = TaskInfo{userId=0 taskId=102 displayId=0 isRunning=true baseIntent=Intent { act=android.intent.action.MAIN cat=[android.intent.category.LAUNCHER] flg=0x10000000 cmp=com.tfg.umeegunero/.MainActivity } baseActivity=ComponentInfo{com.tfg.umeegunero/com.tfg.umeegunero.MainActivity} topActivity=ComponentInfo{com.tfg.umeegunero/com.tfg.umeegunero.MainActivity} origActivity=null realActivity=ComponentInfo{com.tfg.umeegunero/com.tfg.umeegunero.MainActivity} numActivities=1 lastActiveTime=2414186 supportsMultiWindow=true resizeMode=1 isResizeable=true minWidth=-1 minHeight=-1 defaultMinSize=220 token=WCT{android.window.IWindowContainerToken$Stub$Proxy@4f05953} topActivityType=1 pictureInPictureParams=null shouldDockBigOverlays=false launchIntoPipHostTaskId=-1 lastParentTaskIdBeforePip=-1 displayCutoutSafeInsets=Rect(0, 136 - 0, 0) topActivityInfo=ActivityInfo{ebf8290 com.tfg.umeegunero.MainActivity} launchCookies=[android.os.BinderProxy@cb2a789] positionInParent=Point(0, 0) parentTaskId=-1 isFocused=true isVisible=false isVisibleRequested=false isSleeping=false topActivityInSizeCompat=false topActivityEligibleForLetterboxEducation= false topActivityLetterboxed= false isFromDoubleTap= false topActivityLetterboxVerticalPosition= -1 topActivityLetterboxHorizontalPosition= -1 topActivityLetterboxWidth=-1 topActivityLetterboxHeight=-1 locusId=null displayAreaFeatureId=1 cameraCompatControlState=hidden}, remoteTransition = RemoteTransition { remoteTransition = android.window.IRemoteTransition$Stub$Proxy@413438e, appThread = android.app.IApplicationThread$Stub$Proxy@89d37af, debugName = QuickstepLaunch }, displayChange = null }
05-26 13:53:58.268   785   847 V WindowManagerShell: RemoteTransition directly requested for android.os.BinderProxy@8451542: RemoteTransition { remoteTransition = android.window.IRemoteTransition$Stub$Proxy@413438e, appThread = android.app.IApplicationThread$Stub$Proxy@89d37af, debugName = QuickstepLaunch }
05-26 13:53:58.268  1044  1112 D QuickstepModelDelegate: notifyAppTargetEvent action=1 launchLocation=predictions/hotseat
05-26 13:53:58.271   562   894 E Transition: Trying to add a ready-group twice: Display{#0 state=ON size=1080x2400 ROTATION_0}
05-26 13:53:58.272   785   897 V SnapshotDrawerUtils: Drawing snapshot surface sizeMismatch=true
05-26 13:53:58.272   562   583 W ProcessStats: Tracking association SourceState{565e19b com.tfg.umeegunero/10199 BTop #7088} whose proc state 2 is better than process ProcessState{9157b74 com.google.android.adservices.api/10181 pkg=com.google.android.adservices.api} proc state 8 (41 skipped)
05-26 13:53:58.276   785   847 D WindowManagerShell: onActivityRestartAttempt: ComponentInfo{com.tfg.umeegunero/com.tfg.umeegunero.MainActivity}
05-26 13:53:58.288   562   839 W BatteryExternalStatsWorker: error reading Bluetooth stats: 11
05-26 13:53:58.292   562  2058 D TelephonyManager: requestModemActivityInfo: Sending result to app: ModemActivityInfo{ mTimestamp=3010833 mSleepTimeMs=0 mIdleTimeMs=3010817 mActivityStatsTechSpecificInfo=[{mRat=UNKNOWN,mFrequencyRange=UNKNOWN,mTxTimeMs[]=[0, 0, 0, 0, 0],mRxTimeMs=0}]}
05-26 13:53:58.292   388   388 I BpBinder: onLastStrongRef automatically unlinking death recipients: 
05-26 13:53:58.294  8045  8060 D SessionLifecycleClient: Sending lifecycle 1 to service
05-26 13:53:58.295  8045  8117 D SessionLifecycleService: Activity foregrounding at 3010837.
05-26 13:53:58.302   785   847 V WindowManagerShell: onTransitionReady android.os.BinderProxy@8451542: {id=44 t=OPEN f=0x0 trk=0 r=[0@Point(0, 0)] c=[{WCT{android.window.IWindowContainerToken$Stub$Proxy@9c14a2d} m=TO_FRONT f=MOVE_TO_TOP leash=Surface(name=Task=102)/@0xa4cb7d6 sb=Rect(0, 0 - 1080, 2400) eb=Rect(0, 0 - 1080, 2400) d=0},{WCT{android.window.IWindowContainerToken$Stub$Proxy@7b47b62} m=TO_BACK f=SHOW_WALLPAPER leash=Surface(name=Task=1)/@0x831aa57 sb=Rect(0, 0 - 1080, 2400) eb=Rect(0, 0 - 1080, 2400) d=0}]}
05-26 13:53:58.302   785   847 V WindowManagerShell: Playing animation for (#44)android.os.BinderProxy@8451542@0
05-26 13:53:58.302   562   580 V WindowManager: Sent Transition #44 createdAt=05-26 13:53:58.256 via request=TransitionRequestInfo { type = OPEN, triggerTask = TaskInfo{userId=0 taskId=102 displayId=0 isRunning=true baseIntent=Intent { act=android.intent.action.MAIN cat=[android.intent.category.LAUNCHER] flg=0x10000000 cmp=com.tfg.umeegunero/.MainActivity } baseActivity=ComponentInfo{com.tfg.umeegunero/com.tfg.umeegunero.MainActivity} topActivity=ComponentInfo{com.tfg.umeegunero/com.tfg.umeegunero.MainActivity} origActivity=null realActivity=ComponentInfo{com.tfg.umeegunero/com.tfg.umeegunero.MainActivity} numActivities=1 lastActiveTime=2414186 supportsMultiWindow=true resizeMode=1 isResizeable=true minWidth=-1 minHeight=-1 defaultMinSize=220 token=WCT{RemoteToken{339decc Task{eb9e807 #102 type=standard A=10199:com.tfg.umeegunero}}} topActivityType=1 pictureInPictureParams=null shouldDockBigOverlays=false launchIntoPipHostTaskId=-1 lastParentTaskIdBeforePip=-1 displayCutoutSafeInsets=Rect(0, 136 - 0, 0) topActivityInfo=ActivityInfo{f4e3515 com.tfg.umeegunero.MainActivity} launchCookies=[android.os.BinderProxy@3456d19] positionInParent=Point(0, 0) parentTaskId=-1 isFocused=true isVisible=false isVisibleRequested=false isSleeping=false topActivityInSizeCompat=false topActivityEligibleForLetterboxEducation= false topActivityLetterboxed= false isFromDoubleTap= false topActivityLetterboxVerticalPosition= -1 topActivityLetterboxHorizontalPosition= -1 topActivityLetterboxWidth=-1 topActivityLetterboxHeight=-1 locusId=null displayAreaFeatureId=1 cameraCompatControlState=hidden}, remoteTransition = RemoteTransition { remoteTransition = android.window.IRemoteTransition$Stub$Proxy@62341de, appThread = android.app.IApplicationThread$Stub$Proxy@ac8dfbf, debugName = QuickstepLaunch }, displayChange = null }
05-26 13:53:58.302   785   847 V WindowManagerShell:  try firstHandler com.android.wm.shell.transition.DefaultMixedHandler@d80ac9f
05-26 13:53:58.302   562   580 V WindowManager:     startWCT=WindowContainerTransaction { changes = {} hops = [] errorCallbackToken=null taskFragmentOrganizer=null }
05-26 13:53:58.302   562   580 V WindowManager:     info={id=44 t=OPEN f=0x0 trk=0 r=[0@Point(0, 0)] c=[{WCT{RemoteToken{339decc Task{eb9e807 #102 type=standard A=10199:com.tfg.umeegunero}}} m=TO_FRONT f=MOVE_TO_TOP leash=Surface(name=Task=102)/@0x4fc301e sb=Rect(0, 0 - 1080, 2400) eb=Rect(0, 0 - 1080, 2400) d=0},{WCT{RemoteToken{bff4ff2 Task{8dab265 #1 type=home}}} m=TO_BACK f=SHOW_WALLPAPER leash=Surface(name=Task=1)/@0x8813bf sb=Rect(0, 0 - 1080, 2400) eb=Rect(0, 0 - 1080, 2400) d=0}]}
05-26 13:53:58.302   785   847 V WindowManagerShell:  Delegate animation for #44 to RemoteTransition { remoteTransition = android.window.IRemoteTransition$Stub$Proxy@413438e, appThread = android.app.IApplicationThread$Stub$Proxy@89d37af, debugName = QuickstepLaunch }
05-26 13:53:58.303  8045  8107 E OpenGLRenderer: Unable to match the desired swap behavior.
05-26 13:53:58.303   785   847 V WindowManagerShell:  animated by firstHandler
05-26 13:53:58.352   562   580 W ziparchive: Unable to open '/data/app/~~hwxirHT-ueUXpOmjL1Hu6g==/com.tfg.umeegunero-BpiKHTkELQGqttFmn6qsqg==/base.dm': No such file or directory
05-26 13:53:58.353  1536  1536 D BoundBrokerSvc: onBind: Intent { act=com.google.android.gms.measurement.START pkg=com.google.android.gms }
05-26 13:53:58.353  1536  1536 D BoundBrokerSvc: Loading bound service for intent: Intent { act=com.google.android.gms.measurement.START pkg=com.google.android.gms }
05-26 13:53:58.364   562   633 I ImeTracker: com.tfg.umeegunero:6965bc24: onRequestHide at ORIGIN_SERVER_HIDE_INPUT reason HIDE_UNSPECIFIED_WINDOW
05-26 13:53:58.364   562   633 I ImeTracker: com.tfg.umeegunero:6965bc24: onCancelled at PHASE_SERVER_SHOULD_HIDE
05-26 13:53:58.367   562   600 W CpuPowerCalculator: UID 10206 CPU cluster # mismatch: Power Profile # 2 actual # 4
05-26 13:53:58.367   562   600 W CpuPowerCalculator: UID 10206 CPU freq # mismatch: Power Profile # 2 actual # 8
05-26 13:53:58.367   562   600 W CpuPowerCalculator: UID 10206 CPU freq # mismatch: Power Profile # 2 actual # 8
05-26 13:53:58.367   562   600 W CpuPowerCalculator: UID 10206 CPU freq # mismatch: Power Profile # 2 actual # 8
05-26 13:53:58.367   562   600 W CpuPowerCalculator: UID 10206 CPU freq # mismatch: Power Profile # 2 actual # 8
05-26 13:53:58.367   562   600 W CpuPowerCalculator: UID 10206 CPU freq # mismatch: Power Profile # 2 actual # 8
05-26 13:53:58.367   562   600 W CpuPowerCalculator: UID 10203 CPU cluster # mismatch: Power Profile # 2 actual # 4
05-26 13:53:58.367   562   600 W CpuPowerCalculator: UID 10203 CPU freq # mismatch: Power Profile # 2 actual # 8
05-26 13:53:58.367   562   600 W CpuPowerCalculator: UID 10202 CPU cluster # mismatch: Power Profile # 2 actual # 4
05-26 13:53:58.367   562   600 W CpuPowerCalculator: UID 10202 CPU freq # mismatch: Power Profile # 2 actual # 8
05-26 13:53:58.367   562   600 W CpuPowerCalculator: UID 10199 CPU freq # mismatch: Power Profile # 2 actual # 8
05-26 13:53:58.367   562   600 W CpuPowerCalculator: UID 10199 CPU freq # mismatch: Power Profile # 2 actual # 8
05-26 13:53:58.367   562   600 W CpuPowerCalculator: UID 10199 CPU freq # mismatch: Power Profile # 2 actual # 8
05-26 13:53:58.367   562   600 W CpuPowerCalculator: UID 10199 CPU freq # mismatch: Power Profile # 2 actual # 8
05-26 13:53:58.367   562   600 W CpuPowerCalculator: UID 10199 CPU freq # mismatch: Power Profile # 2 actual # 8
05-26 13:53:58.367   562   600 W CpuPowerCalculator: UID 10196 CPU freq # mismatch: Power Profile # 2 actual # 8
05-26 13:53:58.367   562   600 W CpuPowerCalculator: UID 10195 CPU cluster # mismatch: Power Profile # 2 actual # 4
05-26 13:53:58.367   562   600 W CpuPowerCalculator: UID 10195 CPU freq # mismatch: Power Profile # 2 actual # 8
05-26 13:53:58.367   562   600 W CpuPowerCalculator: UID 10195 CPU freq # mismatch: Power Profile # 2 actual # 8
05-26 13:53:58.367   562   600 W CpuPowerCalculator: UID 10195 CPU freq # mismatch: Power Profile # 2 actual # 8
05-26 13:53:58.368   562   600 W CpuPowerCalculator: UID 10195 CPU freq # mismatch: Power Profile # 2 actual # 8
05-26 13:53:58.368   562   600 W CpuPowerCalculator: UID 10194 CPU freq # mismatch: Power Profile # 2 actual # 8
05-26 13:53:58.368   562   600 W CpuPowerCalculator: UID 10189 CPU cluster # mismatch: Power Profile # 2 actual # 4
05-26 13:53:58.368   562   600 W CpuPowerCalculator: UID 10189 CPU freq # mismatch: Power Profile # 2 actual # 8
05-26 13:53:58.368   562   600 W CpuPowerCalculator: UID 10189 CPU freq # mismatch: Power Profile # 2 actual # 8
05-26 13:53:58.368   562   600 W CpuPowerCalculator: UID 10189 CPU freq # mismatch: Power Profile # 2 actual # 8
05-26 13:53:58.368   562   600 W CpuPowerCalculator: UID 10188 CPU cluster # mismatch: Power Profile # 2 actual # 4
05-26 13:53:58.368   562   600 W CpuPowerCalculator: UID 10188 CPU freq # mismatch: Power Profile # 2 actual # 8
05-26 13:53:58.368   562   600 W CpuPowerCalculator: UID 10188 CPU freq # mismatch: Power Profile # 2 actual # 8
05-26 13:53:58.368   562   600 W CpuPowerCalculator: UID 10188 CPU freq # mismatch: Power Profile # 2 actual # 8
05-26 13:53:58.368   562   600 W CpuPowerCalculator: UID 10188 CPU freq # mismatch: Power Profile # 2 actual # 8
05-26 13:53:58.368   562   600 W CpuPowerCalculator: UID 10188 CPU freq # mismatch: Power Profile # 2 actual # 8
05-26 13:53:58.368   562   600 W CpuPowerCalculator: UID 10188 CPU freq # mismatch: Power Profile # 2 actual # 8
05-26 13:53:58.368   562   600 W CpuPowerCalculator: UID 10185 CPU cluster # mismatch: Power Profile # 2 actual # 4
05-26 13:53:58.368   562   600 W CpuPowerCalculator: UID 10185 CPU freq # mismatch: Power Profile # 2 actual # 8
05-26 13:53:58.368   562   600 W CpuPowerCalculator: UID 10185 CPU freq # mismatch: Power Profile # 2 actual # 8
05-26 13:53:58.368   562   600 W CpuPowerCalculator: UID 10185 CPU freq # mismatch: Power Profile # 2 actual # 8
05-26 13:53:58.368   562   600 W CpuPowerCalculator: UID 10185 CPU freq # mismatch: Power Profile # 2 actual # 8
05-26 13:53:58.368   562   600 W CpuPowerCalculator: UID 10184 CPU cluster # mismatch: Power Profile # 2 actual # 4
05-26 13:53:58.368   562   600 W CpuPowerCalculator: UID 10184 CPU freq # mismatch: Power Profile # 2 actual # 8
05-26 13:53:58.368   562   600 W CpuPowerCalculator: UID 10184 CPU freq # mismatch: Power Profile # 2 actual # 8
05-26 13:53:58.368   562   600 W CpuPowerCalculator: UID 10184 CPU freq # mismatch: Power Profile # 2 actual # 8
05-26 13:53:58.368   562   600 W CpuPowerCalculator: UID 10184 CPU freq # mismatch: Power Profile # 2 actual # 8
05-26 13:53:58.368   562   600 W CpuPowerCalculator: UID 10184 CPU freq # mismatch: Power Profile # 2 actual # 8
05-26 13:53:58.368   562   600 W CpuPowerCalculator: UID 10183 CPU cluster # mismatch: Power Profile # 2 actual # 4
05-26 13:53:58.368   562   600 W CpuPowerCalculator: UID 10183 CPU freq # mismatch: Power Profile # 2 actual # 8
05-26 13:53:58.369   562   600 W CpuPowerCalculator: UID 10183 CPU freq # mismatch: Power Profile # 2 actual # 8
05-26 13:53:58.369   562   600 W CpuPowerCalculator: UID 10183 CPU freq # mismatch: Power Profile # 2 actual # 8
05-26 13:53:58.369   562   600 W CpuPowerCalculator: UID 10183 CPU freq # mismatch: Power Profile # 2 actual # 8
05-26 13:53:58.369   562   600 W CpuPowerCalculator: UID 10181 CPU cluster # mismatch: Power Profile # 2 actual # 4
05-26 13:53:58.369   562   600 W CpuPowerCalculator: UID 10181 CPU freq # mismatch: Power Profile # 2 actual # 8
05-26 13:53:58.369   562   600 W CpuPowerCalculator: UID 10181 CPU freq # mismatch: Power Profile # 2 actual # 8
05-26 13:53:58.369   562   600 W CpuPowerCalculator: UID 10181 CPU freq # mismatch: Power Profile # 2 actual # 8
05-26 13:53:58.369   562   600 W CpuPowerCalculator: UID 10181 CPU freq # mismatch: Power Profile # 2 actual # 8
05-26 13:53:58.369   562   600 W CpuPowerCalculator: UID 10181 CPU freq # mismatch: Power Profile # 2 actual # 8
05-26 13:53:58.369   562   600 W CpuPowerCalculator: UID 10179 CPU cluster # mismatch: Power Profile # 2 actual # 4
05-26 13:53:58.369   562   600 W CpuPowerCalculator: UID 10179 CPU freq # mismatch: Power Profile # 2 actual # 8
05-26 13:53:58.369   562   600 W CpuPowerCalculator: UID 10179 CPU freq # mismatch: Power Profile # 2 actual # 8
05-26 13:53:58.369   562   600 W CpuPowerCalculator: UID 10179 CPU freq # mismatch: Power Profile # 2 actual # 8
05-26 13:53:58.369   562   600 W CpuPowerCalculator: UID 10179 CPU freq # mismatch: Power Profile # 2 actual # 8
05-26 13:53:58.369   562   600 W CpuPowerCalculator: UID 10176 CPU cluster # mismatch: Power Profile # 2 actual # 4
05-26 13:53:58.369   562   600 W CpuPowerCalculator: UID 10176 CPU freq # mismatch: Power Profile # 2 actual # 8
05-26 13:53:58.369   562   600 W CpuPowerCalculator: UID 10176 CPU freq # mismatch: Power Profile # 2 actual # 8
05-26 13:53:58.369   562   600 W CpuPowerCalculator: UID 10176 CPU freq # mismatch: Power Profile # 2 actual # 8
05-26 13:53:58.369   562   600 W CpuPowerCalculator: UID 10175 CPU cluster # mismatch: Power Profile # 2 actual # 4
05-26 13:53:58.369   562   600 W CpuPowerCalculator: UID 10175 CPU freq # mismatch: Power Profile # 2 actual # 8
05-26 13:53:58.369   562   600 W CpuPowerCalculator: UID 10175 CPU freq # mismatch: Power Profile # 2 actual # 8
05-26 13:53:58.370   562   600 W CpuPowerCalculator: UID 10175 CPU freq # mismatch: Power Profile # 2 actual # 8
05-26 13:53:58.370   562   600 W CpuPowerCalculator: UID 10174 CPU cluster # mismatch: Power Profile # 2 actual # 4
05-26 13:53:58.370   562   600 W CpuPowerCalculator: UID 10174 CPU freq # mismatch: Power Profile # 2 actual # 8
05-26 13:53:58.370   562   600 W CpuPowerCalculator: UID 10174 CPU freq # mismatch: Power Profile # 2 actual # 8
05-26 13:53:58.370   562   600 W CpuPowerCalculator: UID 10174 CPU freq # mismatch: Power Profile # 2 actual # 8
05-26 13:53:58.370   562   600 W CpuPowerCalculator: UID 10173 CPU cluster # mismatch: Power Profile # 2 actual # 4
05-26 13:53:58.370   562   600 W CpuPowerCalculator: UID 10173 CPU freq # mismatch: Power Profile # 2 actual # 8
05-26 13:53:58.370   562   600 W CpuPowerCalculator: UID 10173 CPU freq # mismatch: Power Profile # 2 actual # 8
05-26 13:53:58.370   562   600 W CpuPowerCalculator: UID 10173 CPU freq # mismatch: Power Profile # 2 actual # 8
05-26 13:53:58.370   562   600 W CpuPowerCalculator: UID 10173 CPU freq # mismatch: Power Profile # 2 actual # 8
05-26 13:53:58.370   562   600 W CpuPowerCalculator: UID 10167 CPU cluster # mismatch: Power Profile # 2 actual # 4
05-26 13:53:58.370   562   600 W CpuPowerCalculator: UID 10167 CPU freq # mismatch: Power Profile # 2 actual # 8
05-26 13:53:58.370   562   600 W CpuPowerCalculator: UID 10167 CPU freq # mismatch: Power Profile # 2 actual # 8
05-26 13:53:58.370   562   600 W CpuPowerCalculator: UID 10167 CPU freq # mismatch: Power Profile # 2 actual # 8
05-26 13:53:58.370   562   600 W CpuPowerCalculator: UID 10167 CPU freq # mismatch: Power Profile # 2 actual # 8
05-26 13:53:58.370   562   600 W CpuPowerCalculator: UID 10162 CPU cluster # mismatch: Power Profile # 2 actual # 4
05-26 13:53:58.370   562   600 W CpuPowerCalculator: UID 10162 CPU freq # mismatch: Power Profile # 2 actual # 8
05-26 13:53:58.370   562   600 W CpuPowerCalculator: UID 10162 CPU freq # mismatch: Power Profile # 2 actual # 8
05-26 13:53:58.370   562   600 W CpuPowerCalculator: UID 10162 CPU freq # mismatch: Power Profile # 2 actual # 8
05-26 13:53:58.370   562   600 W CpuPowerCalculator: UID 10161 CPU cluster # mismatch: Power Profile # 2 actual # 4
05-26 13:53:58.370   562   600 W CpuPowerCalculator: UID 10161 CPU freq # mismatch: Power Profile # 2 actual # 8
05-26 13:53:58.370   562   600 W CpuPowerCalculator: UID 10161 CPU freq # mismatch: Power Profile # 2 actual # 8
05-26 13:53:58.370   562   600 W CpuPowerCalculator: UID 10161 CPU freq # mismatch: Power Profile # 2 actual # 8
05-26 13:53:58.370   562   600 W CpuPowerCalculator: UID 10161 CPU freq # mismatch: Power Profile # 2 actual # 8
05-26 13:53:58.370   562   600 W CpuPowerCalculator: UID 10161 CPU freq # mismatch: Power Profile # 2 actual # 8
05-26 13:53:58.370   562   600 W CpuPowerCalculator: UID 10159 CPU cluster # mismatch: Power Profile # 2 actual # 4
05-26 13:53:58.371   562   600 W CpuPowerCalculator: UID 10159 CPU freq # mismatch: Power Profile # 2 actual # 8
05-26 13:53:58.371   562   600 W CpuPowerCalculator: UID 10159 CPU freq # mismatch: Power Profile # 2 actual # 8
05-26 13:53:58.371   562   600 W CpuPowerCalculator: UID 10159 CPU freq # mismatch: Power Profile # 2 actual # 8
05-26 13:53:58.371   562   600 W CpuPowerCalculator: UID 10159 CPU freq # mismatch: Power Profile # 2 actual # 8
05-26 13:53:58.371   562   600 W CpuPowerCalculator: UID 10159 CPU freq # mismatch: Power Profile # 2 actual # 8
05-26 13:53:58.371   562   600 W CpuPowerCalculator: UID 10158 CPU cluster # mismatch: Power Profile # 2 actual # 4
05-26 13:53:58.371   562   600 W CpuPowerCalculator: UID 10158 CPU freq # mismatch: Power Profile # 2 actual # 8
05-26 13:53:58.371   562   600 W CpuPowerCalculator: UID 10158 CPU freq # mismatch: Power Profile # 2 actual # 8
05-26 13:53:58.371   562   600 W CpuPowerCalculator: UID 10158 CPU freq # mismatch: Power Profile # 2 actual # 8
05-26 13:53:58.371   562   600 W CpuPowerCalculator: UID 10158 CPU freq # mismatch: Power Profile # 2 actual # 8
05-26 13:53:58.371   562   600 W CpuPowerCalculator: UID 10154 CPU cluster # mismatch: Power Profile # 2 actual # 4
05-26 13:53:58.371   562   600 W CpuPowerCalculator: UID 10154 CPU freq # mismatch: Power Profile # 2 actual # 8
05-26 13:53:58.371   562   600 W CpuPowerCalculator: UID 10154 CPU freq # mismatch: Power Profile # 2 actual # 8
05-26 13:53:58.371   562   600 W CpuPowerCalculator: UID 10154 CPU freq # mismatch: Power Profile # 2 actual # 8
05-26 13:53:58.371   562   600 W CpuPowerCalculator: UID 10154 CPU freq # mismatch: Power Profile # 2 actual # 8
05-26 13:53:58.371   562   600 W CpuPowerCalculator: UID 10154 CPU freq # mismatch: Power Profile # 2 actual # 8
05-26 13:53:58.371   562   600 W CpuPowerCalculator: UID 10153 CPU cluster # mismatch: Power Profile # 2 actual # 4
05-26 13:53:58.371   562   600 W CpuPowerCalculator: UID 10153 CPU freq # mismatch: Power Profile # 2 actual # 8
05-26 13:53:58.371   562   600 W CpuPowerCalculator: UID 10153 CPU freq # mismatch: Power Profile # 2 actual # 8
05-26 13:53:58.371   562   600 W CpuPowerCalculator: UID 10153 CPU freq # mismatch: Power Profile # 2 actual # 8
05-26 13:53:58.371   562   600 W CpuPowerCalculator: UID 10153 CPU freq # mismatch: Power Profile # 2 actual # 8
05-26 13:53:58.371   562   600 W CpuPowerCalculator: UID 10153 CPU freq # mismatch: Power Profile # 2 actual # 8
05-26 13:53:58.371   562   600 W CpuPowerCalculator: UID 10152 CPU cluster # mismatch: Power Profile # 2 actual # 4
05-26 13:53:58.371   562   600 W CpuPowerCalculator: UID 10152 CPU freq # mismatch: Power Profile # 2 actual # 8
05-26 13:53:58.371   562   600 W CpuPowerCalculator: UID 10152 CPU freq # mismatch: Power Profile # 2 actual # 8
05-26 13:53:58.371   562   600 W CpuPowerCalculator: UID 10152 CPU freq # mismatch: Power Profile # 2 actual # 8
05-26 13:53:58.371   562   600 W CpuPowerCalculator: UID 10152 CPU freq # mismatch: Power Profile # 2 actual # 8
05-26 13:53:58.371   562   600 W CpuPowerCalculator: UID 10150 CPU cluster # mismatch: Power Profile # 2 actual # 4
05-26 13:53:58.371   562   600 W CpuPowerCalculator: UID 10150 CPU freq # mismatch: Power Profile # 2 actual # 8
05-26 13:53:58.371   562   600 W CpuPowerCalculator: UID 10150 CPU freq # mismatch: Power Profile # 2 actual # 8
05-26 13:53:58.371   562   600 W CpuPowerCalculator: UID 10150 CPU freq # mismatch: Power Profile # 2 actual # 8
05-26 13:53:58.371   562   600 W CpuPowerCalculator: UID 10150 CPU freq # mismatch: Power Profile # 2 actual # 8
05-26 13:53:58.371   562   600 W CpuPowerCalculator: UID 10150 CPU freq # mismatch: Power Profile # 2 actual # 8
05-26 13:53:58.371   562   600 W CpuPowerCalculator: UID 10149 CPU cluster # mismatch: Power Profile # 2 actual # 4
05-26 13:53:58.371   562   600 W CpuPowerCalculator: UID 10149 CPU freq # mismatch: Power Profile # 2 actual # 8
05-26 13:53:58.371   562   600 W CpuPowerCalculator: UID 10149 CPU freq # mismatch: Power Profile # 2 actual # 8
05-26 13:53:58.371   562   600 W CpuPowerCalculator: UID 10149 CPU freq # mismatch: Power Profile # 2 actual # 8
05-26 13:53:58.371  1479  1479 I ckty    : onPause
05-26 13:53:58.372   562   600 W CpuPowerCalculator: UID 10147 CPU cluster # mismatch: Power Profile # 2 actual # 4
05-26 13:53:58.372   562   600 W CpuPowerCalculator: UID 10147 CPU freq # mismatch: Power Profile # 2 actual # 8
05-26 13:53:58.372   562   600 W CpuPowerCalculator: UID 10147 CPU freq # mismatch: Power Profile # 2 actual # 8
05-26 13:53:58.372  1429  1429 I GoogleInputMethodService: GoogleInputMethodService.onFinishInput():2043 
05-26 13:53:58.372   562   600 W CpuPowerCalculator: UID 10147 CPU freq # mismatch: Power Profile # 2 actual # 8
05-26 13:53:58.372   562   600 W CpuPowerCalculator: UID 10147 CPU freq # mismatch: Power Profile # 2 actual # 8
05-26 13:53:58.372   562   600 W CpuPowerCalculator: UID 10146 CPU cluster # mismatch: Power Profile # 2 actual # 4
05-26 13:53:58.372   562   600 W CpuPowerCalculator: UID 10146 CPU freq # mismatch: Power Profile # 2 actual # 8
05-26 13:53:58.372   562   600 W CpuPowerCalculator: UID 10146 CPU freq # mismatch: Power Profile # 2 actual # 8
05-26 13:53:58.372   562   600 W CpuPowerCalculator: UID 10146 CPU freq # mismatch: Power Profile # 2 actual # 8
05-26 13:53:58.372   562   600 W CpuPowerCalculator: UID 10146 CPU freq # mismatch: Power Profile # 2 actual # 8
05-26 13:53:58.372   562   600 W CpuPowerCalculator: UID 10146 CPU freq # mismatch: Power Profile # 2 actual # 8
05-26 13:53:58.373   562   600 W CpuPowerCalculator: UID 10146 CPU freq # mismatch: Power Profile # 2 actual # 8
05-26 13:53:58.373   562   600 W CpuPowerCalculator: UID 10143 CPU cluster # mismatch: Power Profile # 2 actual # 4
05-26 13:53:58.373   562   600 W CpuPowerCalculator: UID 10143 CPU freq # mismatch: Power Profile # 2 actual # 8
05-26 13:53:58.373   562   600 W CpuPowerCalculator: UID 10143 CPU freq # mismatch: Power Profile # 2 actual # 8
05-26 13:53:58.373   562   600 W CpuPowerCalculator: UID 10143 CPU freq # mismatch: Power Profile # 2 actual # 8
05-26 13:53:58.373  1429  1429 I Module  : DeviceLockedStatusModuleProvider$Module.updateDeviceLockedStatus():100 repeatCheckTimes = 0, locked = false
05-26 13:53:58.374  1429  1429 I GoogleInputMethodService: GoogleInputMethodService.onStartInput():1293 onStartInput(EditorInfo{EditorInfo{packageName=com.tfg.umeegunero, inputType=0, inputTypeString=NULL, enableLearning=false, autoCorrection=false, autoComplete=false, imeOptions=0, privateImeOptions=null, actionName=UNSPECIFIED, actionLabel=null, initialSelStart=-1, initialSelEnd=-1, initialCapsMode=0, label=null, fieldId=0, fieldName=null, extras=null, hintText=null, hintLocales=[]}}, false)
05-26 13:53:58.374   562   600 W CpuPowerCalculator: UID 10142 CPU cluster # mismatch: Power Profile # 2 actual # 4
05-26 13:53:58.374   562   600 W CpuPowerCalculator: UID 10142 CPU freq # mismatch: Power Profile # 2 actual # 8
05-26 13:53:58.375   562   600 W CpuPowerCalculator: UID 10142 CPU freq # mismatch: Power Profile # 2 actual # 8
05-26 13:53:58.375   562   600 W CpuPowerCalculator: UID 10142 CPU freq # mismatch: Power Profile # 2 actual # 8
05-26 13:53:58.375   562   600 W CpuPowerCalculator: UID 10142 CPU freq # mismatch: Power Profile # 2 actual # 8
05-26 13:53:58.375   562   600 W CpuPowerCalculator: UID 10141 CPU cluster # mismatch: Power Profile # 2 actual # 4
05-26 13:53:58.375   562   600 W CpuPowerCalculator: UID 10141 CPU freq # mismatch: Power Profile # 2 actual # 8
05-26 13:53:58.375   562   600 W CpuPowerCalculator: UID 10141 CPU freq # mismatch: Power Profile # 2 actual # 8
05-26 13:53:58.375   562   600 W CpuPowerCalculator: UID 10141 CPU freq # mismatch: Power Profile # 2 actual # 8
05-26 13:53:58.375   562   600 W CpuPowerCalculator: UID 10141 CPU freq # mismatch: Power Profile # 2 actual # 8
05-26 13:53:58.375  1429  1429 I Module  : DeviceLockedStatusModuleProvider$Module.updateDeviceLockedStatus():100 repeatCheckTimes = 1, locked = false
05-26 13:53:58.375   562   600 W CpuPowerCalculator: UID 10140 CPU cluster # mismatch: Power Profile # 2 actual # 4
05-26 13:53:58.375   562   600 W CpuPowerCalculator: UID 10140 CPU freq # mismatch: Power Profile # 2 actual # 8
05-26 13:53:58.377   562   894 W PackageConfigPersister: App-specific configuration not found for packageName: com.tfg.umeegunero and userId: 0
05-26 13:53:58.379   562   600 W CpuPowerCalculator: UID 10140 CPU freq # mismatch: Power Profile # 2 actual # 8
05-26 13:53:58.379   562   600 W CpuPowerCalculator: UID 10140 CPU freq # mismatch: Power Profile # 2 actual # 8
05-26 13:53:58.379   562   600 W CpuPowerCalculator: UID 10140 CPU freq # mismatch: Power Profile # 2 actual # 8
05-26 13:53:58.379   562   600 W CpuPowerCalculator: UID 10140 CPU freq # mismatch: Power Profile # 2 actual # 8
05-26 13:53:58.379   562   600 W CpuPowerCalculator: UID 10139 CPU cluster # mismatch: Power Profile # 2 actual # 4
05-26 13:53:58.379   562   600 W CpuPowerCalculator: UID 10139 CPU freq # mismatch: Power Profile # 2 actual # 8
05-26 13:53:58.379   562   600 W CpuPowerCalculator: UID 10139 CPU freq # mismatch: Power Profile # 2 actual # 8
05-26 13:53:58.379   562   600 W CpuPowerCalculator: UID 10139 CPU freq # mismatch: Power Profile # 2 actual # 8
05-26 13:53:58.379   562   600 W CpuPowerCalculator: UID 10137 CPU cluster # mismatch: Power Profile # 2 actual # 4
05-26 13:53:58.379   562   600 W CpuPowerCalculator: UID 10137 CPU freq # mismatch: Power Profile # 2 actual # 8
05-26 13:53:58.379   562   600 W CpuPowerCalculator: UID 10137 CPU freq # mismatch: Power Profile # 2 actual # 8
05-26 13:53:58.379   562   600 W CpuPowerCalculator: UID 10137 CPU freq # mismatch: Power Profile # 2 actual # 8
05-26 13:53:58.379   562   600 W CpuPowerCalculator: UID 10137 CPU freq # mismatch: Power Profile # 2 actual # 8
05-26 13:53:58.379   562   600 W CpuPowerCalculator: UID 10136 CPU cluster # mismatch: Power Profile # 2 actual # 4
05-26 13:53:58.379   562   600 W CpuPowerCalculator: UID 10136 CPU freq # mismatch: Power Profile # 2 actual # 8
05-26 13:53:58.379   562   600 W CpuPowerCalculator: UID 10136 CPU freq # mismatch: Power Profile # 2 actual # 8
05-26 13:53:58.379   562   600 W CpuPowerCalculator: UID 10136 CPU freq # mismatch: Power Profile # 2 actual # 8
05-26 13:53:58.379   562   600 W CpuPowerCalculator: UID 10136 CPU freq # mismatch: Power Profile # 2 actual # 8
05-26 13:53:58.379   562   600 W CpuPowerCalculator: UID 10133 CPU cluster # mismatch: Power Profile # 2 actual # 4
05-26 13:53:58.379   562   600 W CpuPowerCalculator: UID 10133 CPU freq # mismatch: Power Profile # 2 actual # 8
05-26 13:53:58.379   562   600 W CpuPowerCalculator: UID 10133 CPU freq # mismatch: Power Profile # 2 actual # 8
05-26 13:53:58.379   562   600 W CpuPowerCalculator: UID 10133 CPU freq # mismatch: Power Profile # 2 actual # 8
05-26 13:53:58.379   562   600 W CpuPowerCalculator: UID 10133 CPU freq # mismatch: Power Profile # 2 actual # 8
05-26 13:53:58.379   562   600 W CpuPowerCalculator: UID 10132 CPU cluster # mismatch: Power Profile # 2 actual # 4
05-26 13:53:58.379   562   600 W CpuPowerCalculator: UID 10132 CPU freq # mismatch: Power Profile # 2 actual # 8
05-26 13:53:58.379   562   600 W CpuPowerCalculator: UID 10132 CPU freq # mismatch: Power Profile # 2 actual # 8
05-26 13:53:58.379   562   600 W CpuPowerCalculator: UID 10132 CPU freq # mismatch: Power Profile # 2 actual # 8
05-26 13:53:58.379   562   600 W CpuPowerCalculator: UID 10132 CPU freq # mismatch: Power Profile # 2 actual # 8
05-26 13:53:58.379   562   600 W CpuPowerCalculator: UID 10132 CPU freq # mismatch: Power Profile # 2 actual # 8
05-26 13:53:58.379   562   600 W CpuPowerCalculator: UID 10131 CPU cluster # mismatch: Power Profile # 2 actual # 4
05-26 13:53:58.379   562   600 W CpuPowerCalculator: UID 10131 CPU freq # mismatch: Power Profile # 2 actual # 8
05-26 13:53:58.379   562   600 W CpuPowerCalculator: UID 10131 CPU freq # mismatch: Power Profile # 2 actual # 8
05-26 13:53:58.379   562   600 W CpuPowerCalculator: UID 10131 CPU freq # mismatch: Power Profile # 2 actual # 8
05-26 13:53:58.379   562   600 W CpuPowerCalculator: UID 10131 CPU freq # mismatch: Power Profile # 2 actual # 8
05-26 13:53:58.379   562   600 W CpuPowerCalculator: UID 10131 CPU freq # mismatch: Power Profile # 2 actual # 8
05-26 13:53:58.379   562   600 W CpuPowerCalculator: UID 10130 CPU cluster # mismatch: Power Profile # 2 actual # 4
05-26 13:53:58.379   562   600 W CpuPowerCalculator: UID 10130 CPU freq # mismatch: Power Profile # 2 actual # 8
05-26 13:53:58.379   562   600 W CpuPowerCalculator: UID 10130 CPU freq # mismatch: Power Profile # 2 actual # 8
05-26 13:53:58.379   562   600 W CpuPowerCalculator: UID 10130 CPU freq # mismatch: Power Profile # 2 actual # 8
05-26 13:53:58.379   562   600 W CpuPowerCalculator: UID 10130 CPU freq # mismatch: Power Profile # 2 actual # 8
05-26 13:53:58.379   562   600 W CpuPowerCalculator: UID 10129 CPU cluster # mismatch: Power Profile # 2 actual # 4
05-26 13:53:58.379   562   600 W CpuPowerCalculator: UID 10129 CPU freq # mismatch: Power Profile # 2 actual # 8
05-26 13:53:58.379   562   600 W CpuPowerCalculator: UID 10129 CPU freq # mismatch: Power Profile # 2 actual # 8
05-26 13:53:58.379   562   600 W CpuPowerCalculator: UID 10129 CPU freq # mismatch: Power Profile # 2 actual # 8
05-26 13:53:58.379   562   600 W CpuPowerCalculator: UID 10128 CPU cluster # mismatch: Power Profile # 2 actual # 4
05-26 13:53:58.379   562   600 W CpuPowerCalculator: UID 10128 CPU freq # mismatch: Power Profile # 2 actual # 8
05-26 13:53:58.379   562   600 W CpuPowerCalculator: UID 10128 CPU freq # mismatch: Power Profile # 2 actual # 8
05-26 13:53:58.379   562   600 W CpuPowerCalculator: UID 10128 CPU freq # mismatch: Power Profile # 2 actual # 8
05-26 13:53:58.379   562   600 W CpuPowerCalculator: UID 10128 CPU freq # mismatch: Power Profile # 2 actual # 8
05-26 13:53:58.379   562   600 W CpuPowerCalculator: UID 10128 CPU freq # mismatch: Power Profile # 2 actual # 8
05-26 13:53:58.379   562   600 W CpuPowerCalculator: UID 10127 CPU cluster # mismatch: Power Profile # 2 actual # 4
05-26 13:53:58.379   562   600 W CpuPowerCalculator: UID 10127 CPU freq # mismatch: Power Profile # 2 actual # 8
05-26 13:53:58.379   562   600 W CpuPowerCalculator: UID 10127 CPU freq # mismatch: Power Profile # 2 actual # 8
05-26 13:53:58.379   562   600 W CpuPowerCalculator: UID 10127 CPU freq # mismatch: Power Profile # 2 actual # 8
05-26 13:53:58.379   562   600 W CpuPowerCalculator: UID 10127 CPU freq # mismatch: Power Profile # 2 actual # 8
05-26 13:53:58.379   562   600 W CpuPowerCalculator: UID 10126 CPU cluster # mismatch: Power Profile # 2 actual # 4
05-26 13:53:58.379   562   600 W CpuPowerCalculator: UID 10126 CPU freq # mismatch: Power Profile # 2 actual # 8
05-26 13:53:58.379   562   600 W CpuPowerCalculator: UID 10126 CPU freq # mismatch: Power Profile # 2 actual # 8
05-26 13:53:58.379   562   600 W CpuPowerCalculator: UID 10126 CPU freq # mismatch: Power Profile # 2 actual # 8
05-26 13:53:58.379   562   600 W CpuPowerCalculator: UID 10126 CPU freq # mismatch: Power Profile # 2 actual # 8
05-26 13:53:58.379   562   600 W CpuPowerCalculator: UID 10126 CPU freq # mismatch: Power Profile # 2 actual # 8
05-26 13:53:58.379   562   600 W CpuPowerCalculator: UID 10126 CPU freq # mismatch: Power Profile # 2 actual # 8
05-26 13:53:58.380   562   600 W CpuPowerCalculator: UID 10124 CPU cluster # mismatch: Power Profile # 2 actual # 4
05-26 13:53:58.380   562   600 W CpuPowerCalculator: UID 10124 CPU freq # mismatch: Power Profile # 2 actual # 8
05-26 13:53:58.380   562   600 W CpuPowerCalculator: UID 10124 CPU freq # mismatch: Power Profile # 2 actual # 8
05-26 13:53:58.380   562   600 W CpuPowerCalculator: UID 10124 CPU freq # mismatch: Power Profile # 2 actual # 8
05-26 13:53:58.380   562   600 W CpuPowerCalculator: UID 10123 CPU cluster # mismatch: Power Profile # 2 actual # 4
05-26 13:53:58.380   562   600 W CpuPowerCalculator: UID 10123 CPU freq # mismatch: Power Profile # 2 actual # 8
05-26 13:53:58.380   562   600 W CpuPowerCalculator: UID 10123 CPU freq # mismatch: Power Profile # 2 actual # 8
05-26 13:53:58.380   562   600 W CpuPowerCalculator: UID 10123 CPU freq # mismatch: Power Profile # 2 actual # 8
05-26 13:53:58.380   562   600 W CpuPowerCalculator: UID 10122 CPU cluster # mismatch: Power Profile # 2 actual # 4
05-26 13:53:58.380   562   600 W CpuPowerCalculator: UID 10122 CPU freq # mismatch: Power Profile # 2 actual # 8
05-26 13:53:58.380   562   600 W CpuPowerCalculator: UID 10122 CPU freq # mismatch: Power Profile # 2 actual # 8
05-26 13:53:58.380   562   600 W CpuPowerCalculator: UID 10122 CPU freq # mismatch: Power Profile # 2 actual # 8
05-26 13:53:58.380   562   600 W CpuPowerCalculator: UID 10122 CPU freq # mismatch: Power Profile # 2 actual # 8
05-26 13:53:58.380   562   600 W CpuPowerCalculator: UID 10121 CPU cluster # mismatch: Power Profile # 2 actual # 4
05-26 13:53:58.380   562   600 W CpuPowerCalculator: UID 10121 CPU freq # mismatch: Power Profile # 2 actual # 8
05-26 13:53:58.380   562   600 W CpuPowerCalculator: UID 10121 CPU freq # mismatch: Power Profile # 2 actual # 8
05-26 13:53:58.380   562   600 W CpuPowerCalculator: UID 10121 CPU freq # mismatch: Power Profile # 2 actual # 8
05-26 13:53:58.380   562   600 W CpuPowerCalculator: UID 10120 CPU cluster # mismatch: Power Profile # 2 actual # 4
05-26 13:53:58.380   562   600 W CpuPowerCalculator: UID 10120 CPU freq # mismatch: Power Profile # 2 actual # 8
05-26 13:53:58.380   562   600 W CpuPowerCalculator: UID 10120 CPU freq # mismatch: Power Profile # 2 actual # 8
05-26 13:53:58.380   562   600 W CpuPowerCalculator: UID 10120 CPU freq # mismatch: Power Profile # 2 actual # 8
05-26 13:53:58.380   562   600 W CpuPowerCalculator: UID 10120 CPU freq # mismatch: Power Profile # 2 actual # 8
05-26 13:53:58.380   562   600 W CpuPowerCalculator: UID 10120 CPU freq # mismatch: Power Profile # 2 actual # 8
05-26 13:53:58.380   562   600 W CpuPowerCalculator: UID 10118 CPU cluster # mismatch: Power Profile # 2 actual # 4
05-26 13:53:58.380   562   600 W CpuPowerCalculator: UID 10118 CPU freq # mismatch: Power Profile # 2 actual # 8
05-26 13:53:58.380   562   600 W CpuPowerCalculator: UID 10118 CPU freq # mismatch: Power Profile # 2 actual # 8
05-26 13:53:58.380   562   600 W CpuPowerCalculator: UID 10118 CPU freq # mismatch: Power Profile # 2 actual # 8
05-26 13:53:58.380   562   600 W CpuPowerCalculator: UID 10118 CPU freq # mismatch: Power Profile # 2 actual # 8
05-26 13:53:58.380   562   600 W CpuPowerCalculator: UID 10118 CPU freq # mismatch: Power Profile # 2 actual # 8
05-26 13:53:58.380   562   600 W CpuPowerCalculator: UID 10117 CPU cluster # mismatch: Power Profile # 2 actual # 4
05-26 13:53:58.380   562   600 W CpuPowerCalculator: UID 10117 CPU freq # mismatch: Power Profile # 2 actual # 8
05-26 13:53:58.380   562   600 W CpuPowerCalculator: UID 10117 CPU freq # mismatch: Power Profile # 2 actual # 8
05-26 13:53:58.380   562   600 W CpuPowerCalculator: UID 10117 CPU freq # mismatch: Power Profile # 2 actual # 8
05-26 13:53:58.380   562   600 W CpuPowerCalculator: UID 10116 CPU cluster # mismatch: Power Profile # 2 actual # 4
05-26 13:53:58.380   562   600 W CpuPowerCalculator: UID 10116 CPU freq # mismatch: Power Profile # 2 actual # 8
05-26 13:53:58.380   562   600 W CpuPowerCalculator: UID 10116 CPU freq # mismatch: Power Profile # 2 actual # 8
05-26 13:53:58.380   562   600 W CpuPowerCalculator: UID 10116 CPU freq # mismatch: Power Profile # 2 actual # 8
05-26 13:53:58.380   562   600 W CpuPowerCalculator: UID 10116 CPU freq # mismatch: Power Profile # 2 actual # 8
05-26 13:53:58.380   562   600 W CpuPowerCalculator: UID 10114 CPU cluster # mismatch: Power Profile # 2 actual # 4
05-26 13:53:58.380   562   600 W CpuPowerCalculator: UID 10114 CPU freq # mismatch: Power Profile # 2 actual # 8
05-26 13:53:58.380   562   600 W CpuPowerCalculator: UID 10114 CPU freq # mismatch: Power Profile # 2 actual # 8
05-26 13:53:58.380   562   600 W CpuPowerCalculator: UID 10114 CPU freq # mismatch: Power Profile # 2 actual # 8
05-26 13:53:58.380   562   600 W CpuPowerCalculator: UID 10111 CPU cluster # mismatch: Power Profile # 2 actual # 4
05-26 13:53:58.380   562   600 W CpuPowerCalculator: UID 10111 CPU freq # mismatch: Power Profile # 2 actual # 8
05-26 13:53:58.380   562   600 W CpuPowerCalculator: UID 10111 CPU freq # mismatch: Power Profile # 2 actual # 8
05-26 13:53:58.380   562   600 W CpuPowerCalculator: UID 10111 CPU freq # mismatch: Power Profile # 2 actual # 8
05-26 13:53:58.380   562   600 W CpuPowerCalculator: UID 10111 CPU freq # mismatch: Power Profile # 2 actual # 8
