05-26 14:02:11.454   562   644 D CompatibilityChangeReporter: Compat change id reported: 265195908; UID 10154; state: ENABLED
05-26 14:02:11.454  8722  8722 D CompatibilityChangeReporter: Compat change id reported: 171979766; UID 10154; state: ENABLED
05-26 14:02:11.454  8722  8722 D CompatibilityChangeReporter: Compat change id reported: 242716250; UID 10154; state: ENABLED
05-26 14:02:11.457   562  2172 D CompatibilityChangeReporter: Compat change id reported: 170503758; UID 10154; state: ENABLED
05-26 14:02:11.460  8722  8722 D nativeloader: Configuring clns-6 for other apk /system/framework/org.apache.http.legacy.jar. target_sdk_version=35, uses_libraries=ALL, library_path=/data/app/~~bOhc1xCx9_rHKnfiObIelA==/com.google.android.gm-RMkmRhOv-bR4EwBaoykZWQ==/lib/arm64:/data/app/~~bOhc1xCx9_rHKnfiObIelA==/com.google.android.gm-RMkmRhOv-bR4EwBaoykZWQ==/base.apk!/lib/arm64-v8a:/data/app/~~bOhc1xCx9_rHKnfiObIelA==/com.google.android.gm-RMkmRhOv-bR4EwBaoykZWQ==/split_config.arm64_v8a.apk!/lib/arm64-v8a:/data/app/~~bOhc1xCx9_rHKnfiObIelA==/com.google.android.gm-RMkmRhOv-bR4EwBaoykZWQ==/split_config.en.apk!/lib/arm64-v8a:/data/app/~~bOhc1xCx9_rHKnfiObIelA==/com.google.android.gm-RMkmRhOv-bR4EwBaoykZWQ==/split_config.es.apk!/lib/arm64-v8a:/data/app/~~bOhc1xCx9_rHKnfiObIelA==/com.google.android.gm-RMkmRhOv-bR4EwBaoykZWQ==/split_config.xxhdpi.apk!/lib/arm64-v8a, permitted_path=/data:/mnt/expand:/data/user/0/com.google.android.gm
05-26 14:02:11.460  8722  8722 D ApplicationLoaders: Returning zygote-cached class loader: /system_ext/framework/androidx.window.extensions.jar
05-26 14:02:11.460  8722  8722 D ApplicationLoaders: Returning zygote-cached class loader: /system_ext/framework/androidx.window.sidecar.jar
05-26 14:02:11.479  8722  8722 W ziparchive: Unable to open '/data/app/~~bOhc1xCx9_rHKnfiObIelA==/com.google.android.gm-RMkmRhOv-bR4EwBaoykZWQ==/split_config.arm64_v8a.dm': No such file or directory
05-26 14:02:11.479  8722  8722 W ziparchive: Unable to open '/data/app/~~bOhc1xCx9_rHKnfiObIelA==/com.google.android.gm-RMkmRhOv-bR4EwBaoykZWQ==/split_config.arm64_v8a.dm': No such file or directory
05-26 14:02:11.479  8722  8722 W ogle.android.gm: Entry not found
05-26 14:02:11.480  8722  8722 W ziparchive: Unable to open '/data/app/~~bOhc1xCx9_rHKnfiObIelA==/com.google.android.gm-RMkmRhOv-bR4EwBaoykZWQ==/split_config.en.dm': No such file or directory
05-26 14:02:11.480  8722  8722 W ziparchive: Unable to open '/data/app/~~bOhc1xCx9_rHKnfiObIelA==/com.google.android.gm-RMkmRhOv-bR4EwBaoykZWQ==/split_config.en.dm': No such file or directory
05-26 14:02:11.480  8722  8722 W ogle.android.gm: Entry not found
05-26 14:02:11.480  8722  8722 W ziparchive: Unable to open '/data/app/~~bOhc1xCx9_rHKnfiObIelA==/com.google.android.gm-RMkmRhOv-bR4EwBaoykZWQ==/split_config.es.dm': No such file or directory
05-26 14:02:11.480  8722  8722 W ziparchive: Unable to open '/data/app/~~bOhc1xCx9_rHKnfiObIelA==/com.google.android.gm-RMkmRhOv-bR4EwBaoykZWQ==/split_config.es.dm': No such file or directory
05-26 14:02:11.480  8722  8722 W ogle.android.gm: Entry not found
05-26 14:02:11.480  8722  8722 W ziparchive: Unable to open '/data/app/~~bOhc1xCx9_rHKnfiObIelA==/com.google.android.gm-RMkmRhOv-bR4EwBaoykZWQ==/split_config.xxhdpi.dm': No such file or directory
05-26 14:02:11.480  8722  8722 W ziparchive: Unable to open '/data/app/~~bOhc1xCx9_rHKnfiObIelA==/com.google.android.gm-RMkmRhOv-bR4EwBaoykZWQ==/split_config.xxhdpi.dm': No such file or directory
05-26 14:02:11.480  8722  8722 W ogle.android.gm: Entry not found
05-26 14:02:11.480  8722  8722 D nativeloader: Configuring clns-7 for other apk /data/app/~~bOhc1xCx9_rHKnfiObIelA==/com.google.android.gm-RMkmRhOv-bR4EwBaoykZWQ==/base.apk:/data/app/~~bOhc1xCx9_rHKnfiObIelA==/com.google.android.gm-RMkmRhOv-bR4EwBaoykZWQ==/split_config.arm64_v8a.apk:/data/app/~~bOhc1xCx9_rHKnfiObIelA==/com.google.android.gm-RMkmRhOv-bR4EwBaoykZWQ==/split_config.en.apk:/data/app/~~bOhc1xCx9_rHKnfiObIelA==/com.google.android.gm-RMkmRhOv-bR4EwBaoykZWQ==/split_config.es.apk:/data/app/~~bOhc1xCx9_rHKnfiObIelA==/com.google.android.gm-RMkmRhOv-bR4EwBaoykZWQ==/split_config.xxhdpi.apk. target_sdk_version=35, uses_libraries=, library_path=/data/app/~~bOhc1xCx9_rHKnfiObIelA==/com.google.android.gm-RMkmRhOv-bR4EwBaoykZWQ==/lib/arm64:/data/app/~~bOhc1xCx9_rHKnfiObIelA==/com.google.android.gm-RMkmRhOv-bR4EwBaoykZWQ==/base.apk!/lib/arm64-v8a:/data/app/~~bOhc1xCx9_rHKnfiObIelA==/com.google.android.gm-RMkmRhOv-bR4EwBaoykZWQ==/split_config.arm64_v8a.apk!/lib/arm64-v8a:/data/app/~~bOhc1xCx9_rHKnfiObIelA==/com.google.android.gm-RMkmRhOv-bR4EwBaoykZWQ==/spli
05-26 14:02:11.484  8722  8722 D nativeloader: Load libframework-connectivity-jni.so using APEX ns com_android_tethering for caller /apex/com.android.tethering/javalib/framework-connectivity.jar: ok
05-26 14:02:11.486  8722  8722 V GraphicsEnvironment: Currently set values for:
05-26 14:02:11.486  8722  8722 V GraphicsEnvironment:   angle_gl_driver_selection_pkgs=[]
05-26 14:02:11.486  8722  8722 V GraphicsEnvironment:   angle_gl_driver_selection_values=[]
05-26 14:02:11.486  8722  8722 V GraphicsEnvironment: ANGLE GameManagerService for com.google.android.gm: false
05-26 14:02:11.486  8722  8722 V GraphicsEnvironment: com.google.android.gm is not listed in per-application setting
05-26 14:02:11.486  8722  8722 V GraphicsEnvironment: Neither updatable production driver nor prerelease driver is supported.
05-26 14:02:11.503  8722  8722 W AndroidLoggerBackend: AndroidLoggerBackend configured with enableAndroidLogger:false; no logs will be emitted.
05-26 14:02:11.518  8722  8722 D CompatibilityChangeReporter: Compat change id reported: 3400644; UID 10154; state: ENABLED
05-26 14:02:11.524   562  2142 D CompatibilityChangeReporter: Compat change id reported: 261072174; UID 10154; state: ENABLED
05-26 14:02:11.532  8722  8750 D nativeloader: Load /data/app/~~bOhc1xCx9_rHKnfiObIelA==/com.google.android.gm-RMkmRhOv-bR4EwBaoykZWQ==/split_config.arm64_v8a.apk!/lib/arm64-v8a/libnative_crash_handler_jni.so using ns clns-7 from class loader (caller=/data/app/~~nRVdjeFfncIT_dwUqMATmw==/com.google.android.gm-SXcNVWbr-uKOKTxM70b_Lw==/base.apk!classes2.dex): ok
05-26 14:02:11.534   562  2172 D CompatibilityChangeReporter: Compat change id reported: 161145287; UID 10154; state: ENABLED
05-26 14:02:11.542  8722  8752 D StrictMode: StrictMode policy violation: android.os.strictmode.DiskReadViolation
05-26 14:02:11.542  8722  8752 D StrictMode: 	at android.os.StrictMode$AndroidBlockGuardPolicy.onReadFromDisk(StrictMode.java:1666)
05-26 14:02:11.542  8722  8752 D StrictMode: 	at libcore.io.BlockGuardOs.access(BlockGuardOs.java:74)
05-26 14:02:11.542  8722  8752 D StrictMode: 	at libcore.io.ForwardingOs.access(ForwardingOs.java:128)
05-26 14:02:11.542  8722  8752 D StrictMode: 	at android.app.ActivityThread$AndroidOs.access(ActivityThread.java:8054)
05-26 14:02:11.542  8722  8752 D StrictMode: 	at java.io.UnixFileSystem.checkAccess(UnixFileSystem.java:332)
05-26 14:02:11.542  8722  8752 D StrictMode: 	at java.io.File.exists(File.java:829)
05-26 14:02:11.542  8722  8752 D StrictMode: 	at android.app.ContextImpl.ensurePrivateDirExists(ContextImpl.java:790)
05-26 14:02:11.542  8722  8752 D StrictMode: 	at android.app.ContextImpl.ensurePrivateDirExists(ContextImpl.java:781)
05-26 14:02:11.542  8722  8752 D StrictMode: 	at android.app.ContextImpl.getPreferencesDir(ContextImpl.java:737)
05-26 14:02:11.542  8722  8752 D StrictMode: 	at android.app.ContextImpl.getSharedPreferencesPath(ContextImpl.java:962)
05-26 14:02:11.542  8722  8752 D StrictMode: 	at android.app.ContextImpl.getSharedPreferences(ContextImpl.java:583)
05-26 14:02:11.542  8722  8752 D StrictMode: 	at android.content.ContextWrapper.getSharedPreferences(ContextWrapper.java:221)
05-26 14:02:11.542  8722  8752 D StrictMode: 	at ibc.<init>(PG:49)
05-26 14:02:11.542  8722  8752 D StrictMode: 	at gsk.<init>(PG:13)
05-26 14:02:11.542  8722  8752 D StrictMode: 	at gsk.l(PG:16)
05-26 14:02:11.542  8722  8752 D StrictMode: 	at phy.a(PG:32)
05-26 14:02:11.542  8722  8752 D StrictMode: 	at phy.n(PG:9)
05-26 14:02:11.542  8722  8752 D StrictMode: 	at aeqc.l(PG:120)
05-26 14:02:11.542  8722  8752 D StrictMode: 	at aeqc.h(PG:26)
05-26 14:02:11.542  8722  8752 D StrictMode: 	at aygt.D(PG:5)
05-26 14:02:11.542  8722  8752 D StrictMode: 	at mwd.a(PG:123)
05-26 14:02:11.542  8722  8752 D StrictMode: 	at bhhe.a(PG:57)
05-26 14:02:11.542  8722  8752 D StrictMode: 	at bhgp.c(PG:3)
05-26 14:02:11.542  8722  8752 D StrictMode: 	at bhgr.run(PG:38)
05-26 14:02:11.542  8722  8752 D StrictMode: 	at adhi.run(PG:7)
05-26 14:02:11.542  8722  8752 D StrictMode: 	at bgxn.run(PG:44)
05-26 14:02:11.542  8722  8752 D StrictMode: 	at rtg.run(PG:22)
05-26 14:02:11.542  8722  8752 D StrictMode: 	at java.lang.Thread.run(Thread.java:1012)
05-26 14:02:11.542  8722  8752 D StrictMode: 	at adib.run(PG:61)
05-26 14:02:11.544  8722  8744 D CompatibilityChangeReporter: Compat change id reported: 183155436; UID 10154; state: ENABLED
05-26 14:02:11.568  8722  8754 W ogle.android.gm: ClassLoaderContext classpath size mismatch. expected=1, found=0 (DLC[];PCL[base.apk*776899840]{PCL[/system/framework/org.apache.http.legacy.jar*365604909]#PCL[/system/framework/com.android.media.remotedisplay.jar*2114713712]#PCL[/system/framework/com.android.location.provider.jar*3994156537]#PCL[/system_ext/framework/androidx.window.extensions.jar*3801209685]#PCL[/system_ext/framework/androidx.window.sidecar.jar*2709203796]#PCL[/system/framework/org.apache.http.legacy.jar*365604909]} | DLC[];PCL[])
05-26 14:02:11.570  8722  8752 D StrictMode: StrictMode policy violation: android.os.strictmode.DiskReadViolation
05-26 14:02:11.570  8722  8752 D StrictMode: 	at android.os.StrictMode$AndroidBlockGuardPolicy.onReadFromDisk(StrictMode.java:1666)
05-26 14:02:11.570  8722  8752 D StrictMode: 	at android.app.SharedPreferencesImpl.awaitLoadedLocked(SharedPreferencesImpl.java:275)
05-26 14:02:11.570  8722  8752 D StrictMode: 	at android.app.SharedPreferencesImpl.edit(SharedPreferencesImpl.java:368)
05-26 14:02:11.570  8722  8752 D StrictMode: 	at ibc.<init>(PG:55)
05-26 14:02:11.570  8722  8752 D StrictMode: 	at gsk.<init>(PG:13)
05-26 14:02:11.570  8722  8752 D StrictMode: 	at gsk.l(PG:16)
05-26 14:02:11.570  8722  8752 D StrictMode: 	at phy.a(PG:32)
05-26 14:02:11.570  8722  8752 D StrictMode: 	at phy.n(PG:9)
05-26 14:02:11.570  8722  8752 D StrictMode: 	at aeqc.l(PG:120)
05-26 14:02:11.570  8722  8752 D StrictMode: 	at aeqc.h(PG:26)
05-26 14:02:11.570  8722  8752 D StrictMode: 	at aygt.D(PG:5)
05-26 14:02:11.570  8722  8752 D StrictMode: 	at mwd.a(PG:123)
05-26 14:02:11.570  8722  8752 D StrictMode: 	at bhhe.a(PG:57)
05-26 14:02:11.570  8722  8752 D StrictMode: 	at bhgp.c(PG:3)
05-26 14:02:11.570  8722  8752 D StrictMode: 	at bhgr.run(PG:38)
05-26 14:02:11.570  8722  8752 D StrictMode: 	at adhi.run(PG:7)
05-26 14:02:11.570  8722  8752 D StrictMode: 	at bgxn.run(PG:44)
05-26 14:02:11.570  8722  8752 D StrictMode: 	at rtg.run(PG:22)
05-26 14:02:11.570  8722  8752 D StrictMode: 	at java.lang.Thread.run(Thread.java:1012)
05-26 14:02:11.570  8722  8752 D StrictMode: 	at adib.run(PG:61)
05-26 14:02:11.573   562  2172 D ConnectivityService: requestNetwork for uid/pid:10154/8722 activeRequest: null callbackRequest: 283 [NetworkRequest [ REQUEST id=284, [ Capabilities: INTERNET&NOT_RESTRICTED&TRUSTED&NOT_VCN_MANAGED Uid: 10154 RequestorUid: 10154 RequestorPkg: com.google.android.gm UnderlyingNetworks: Null] ]] callback flags: 0 order: 2147483647 isUidTracked: false declaredMethods: ALL
05-26 14:02:11.574   562   712 D ConnectivityService: NetReassign [284 : null  101] [c 0] [a 1] [i 0]
05-26 14:02:11.574   562   705 D WifiNetworkFactory: got request NetworkRequest [ REQUEST id=284, [ Capabilities: INTERNET&NOT_RESTRICTED&TRUSTED&NOT_VCN_MANAGED Uid: 10154 RequestorUid: 10154 RequestorPkg: com.google.android.gm UnderlyingNetworks: Null] ]
05-26 14:02:11.574   562   705 D UntrustedWifiNetworkFactory: got request NetworkRequest [ REQUEST id=284, [ Capabilities: INTERNET&NOT_RESTRICTED&TRUSTED&NOT_VCN_MANAGED Uid: 10154 RequestorUid: 10154 RequestorPkg: com.google.android.gm UnderlyingNetworks: Null] ]
05-26 14:02:11.574   562   705 D OemPaidWifiNetworkFactory: got request NetworkRequest [ REQUEST id=284, [ Capabilities: INTERNET&NOT_RESTRICTED&TRUSTED&NOT_VCN_MANAGED Uid: 10154 RequestorUid: 10154 RequestorPkg: com.google.android.gm UnderlyingNetworks: Null] ]
05-26 14:02:11.574   562   705 D MultiInternetWifiNetworkFactory: got request NetworkRequest [ REQUEST id=284, [ Capabilities: INTERNET&NOT_RESTRICTED&TRUSTED&NOT_VCN_MANAGED Uid: 10154 RequestorUid: 10154 RequestorPkg: com.google.android.gm UnderlyingNetworks: Null] ]
05-26 14:02:11.578  8722  8755 D StrictMode: StrictMode policy violation: android.os.strictmode.DiskReadViolation
05-26 14:02:11.578  8722  8755 D StrictMode: 	at android.os.StrictMode$AndroidBlockGuardPolicy.onReadFromDisk(StrictMode.java:1666)
05-26 14:02:11.578  8722  8755 D StrictMode: 	at libcore.io.BlockGuardOs.access(BlockGuardOs.java:74)
05-26 14:02:11.578  8722  8755 D StrictMode: 	at libcore.io.ForwardingOs.access(ForwardingOs.java:128)
05-26 14:02:11.578  8722  8755 D StrictMode: 	at android.app.ActivityThread$AndroidOs.access(ActivityThread.java:8054)
05-26 14:02:11.578  8722  8755 D StrictMode: 	at java.io.UnixFileSystem.checkAccess(UnixFileSystem.java:332)
05-26 14:02:11.578  8722  8755 D StrictMode: 	at java.io.File.exists(File.java:829)
05-26 14:02:11.578  8722  8755 D StrictMode: 	at android.app.ContextImpl.ensurePrivateDirExists(ContextImpl.java:790)
05-26 14:02:11.578  8722  8755 D StrictMode: 	at android.app.ContextImpl.ensurePrivateDirExists(ContextImpl.java:781)
05-26 14:02:11.578  8722  8755 D StrictMode: 	at android.app.ContextImpl.getPreferencesDir(ContextImpl.java:737)
05-26 14:02:11.578  8722  8755 D StrictMode: 	at android.app.ContextImpl.getSharedPreferencesPath(ContextImpl.java:962)
05-26 14:02:11.578  8722  8755 D StrictMode: 	at android.app.ContextImpl.getSharedPreferences(ContextImpl.java:583)
05-26 14:02:11.578  8722  8755 D StrictMode: 	at android.content.ContextWrapper.getSharedPreferences(ContextWrapper.java:221)
05-26 14:02:11.578  8722  8755 D StrictMode: 	at ibc.<init>(PG:49)
05-26 14:02:11.578  8722  8755 D StrictMode: 	at gsk.<init>(PG:13)
05-26 14:02:11.578  8722  8755 D StrictMode: 	at gsk.l(PG:16)
05-26 14:02:11.578  8722  8755 D StrictMode: 	at phy.a(PG:32)
05-26 14:02:11.578  8722  8755 D StrictMode: 	at phy.n(PG:9)
05-26 14:02:11.578  8722  8755 D StrictMode: 	at aeqc.l(PG:120)
05-26 14:02:11.578  8722  8755 D StrictMode: 	at aeqc.h(PG:26)
05-26 14:02:11.578  8722  8755 D StrictMode: 	at aygt.D(PG:5)
05-26 14:02:11.578  8722  8755 D StrictMode: 	at mwd.a(PG:123)
05-26 14:02:11.578  8722  8755 D StrictMode: 	at bhhe.a(PG:57)
05-26 14:02:11.578  8722  8755 D StrictMode: 	at bhgp.c(PG:3)
05-26 14:02:11.578  8722  8755 D StrictMode: 	at bhgr.run(PG:38)
05-26 14:02:11.578  8722  8755 D StrictMode: 	at adhi.run(PG:7)
05-26 14:02:11.578  8722  8755 D StrictMode: 	at bgxn.run(PG:44)
05-26 14:02:11.578  8722  8755 D StrictMode: 	at rtg.run(PG:22)
05-26 14:02:11.578  8722  8755 D StrictMode: 	at java.lang.Thread.run(Thread.java:1012)
05-26 14:02:11.578  8722  8755 D StrictMode: 	at adib.run(PG:61)
05-26 14:02:11.581  8722  8755 D StrictMode: StrictMode policy violation: android.os.strictmode.DiskReadViolation
05-26 14:02:11.581  8722  8755 D StrictMode: 	at android.os.StrictMode$AndroidBlockGuardPolicy.onReadFromDisk(StrictMode.java:1666)
05-26 14:02:11.581  8722  8755 D StrictMode: 	at android.app.SharedPreferencesImpl.awaitLoadedLocked(SharedPreferencesImpl.java:275)
05-26 14:02:11.581  8722  8755 D StrictMode: 	at android.app.SharedPreferencesImpl.edit(SharedPreferencesImpl.java:368)
05-26 14:02:11.581  8722  8755 D StrictMode: 	at ibc.<init>(PG:55)
05-26 14:02:11.581  8722  8755 D StrictMode: 	at gsk.<init>(PG:13)
05-26 14:02:11.581  8722  8755 D StrictMode: 	at gsk.l(PG:16)
05-26 14:02:11.581  8722  8755 D StrictMode: 	at phy.a(PG:32)
05-26 14:02:11.581  8722  8755 D StrictMode: 	at phy.n(PG:9)
05-26 14:02:11.581  8722  8755 D StrictMode: 	at aeqc.l(PG:120)
05-26 14:02:11.581  8722  8755 D StrictMode: 	at aeqc.h(PG:26)
05-26 14:02:11.581  8722  8755 D StrictMode: 	at aygt.D(PG:5)
05-26 14:02:11.581  8722  8755 D StrictMode: 	at mwd.a(PG:123)
05-26 14:02:11.581  8722  8755 D StrictMode: 	at bhhe.a(PG:57)
05-26 14:02:11.581  8722  8755 D StrictMode: 	at bhgp.c(PG:3)
05-26 14:02:11.581  8722  8755 D StrictMode: 	at bhgr.run(PG:38)
05-26 14:02:11.581  8722  8755 D StrictMode: 	at adhi.run(PG:7)
05-26 14:02:11.581  8722  8755 D StrictMode: 	at bgxn.run(PG:44)
05-26 14:02:11.581  8722  8755 D StrictMode: 	at rtg.run(PG:22)
05-26 14:02:11.581  8722  8755 D StrictMode: 	at java.lang.Thread.run(Thread.java:1012)
05-26 14:02:11.581  8722  8755 D StrictMode: 	at adib.run(PG:61)
05-26 14:02:11.590   562  2142 I ActivityManager: Flag disabled. Ignoring finishAttachApplication from uid: 10154. pid: 8722
05-26 14:02:11.591   562  2142 D CompatibilityChangeReporter: Compat change id reported: 74210811; UID 10154; state: ENABLED
05-26 14:02:11.599  1016  1016 W SystemServiceRegistry: No service published for: persistent_data_block
05-26 14:02:11.604  8722  8754 W System  : ClassLoader referenced unknown path: 
05-26 14:02:11.604  8722  8754 D nativeloader: Configuring clns-8 for other apk . target_sdk_version=36, uses_libraries=, library_path=/data/app/~~6Xbk4RMXehjOy8fvFK806w==/com.google.android.gms-kk7TVGeTIWiP67I2KBJv7g==/lib/arm64:/data/app/~~6Xbk4RMXehjOy8fvFK806w==/com.google.android.gms-kk7TVGeTIWiP67I2KBJv7g==/base.apk!/lib/arm64-v8a, permitted_path=/data:/mnt/expand:/data/user/0/com.google.android.gms
05-26 14:02:11.616  8722  8754 E ogle.android.gm: Unable to resolve path '/data/app/~~nRVdjeFfncIT_dwUqMATmw==/com.google.android.gm-SXcNVWbr-uKOKTxM70b_Lw==/base.apk': No such file or directory
05-26 14:02:11.616  8722  8754 W ogle.android.gm: ClassLoaderContext classpath element checksum mismatch. expected=776899840, found=1830299166 (DLC[];PCL[base.apk*776899840]{PCL[/system/framework/org.apache.http.legacy.jar*365604909]#PCL[/system/framework/com.android.media.remotedisplay.jar*2114713712]#PCL[/system/framework/com.android.location.provider.jar*3994156537]#PCL[/system_ext/framework/androidx.window.extensions.jar*3801209685]#PCL[/system_ext/framework/androidx.window.sidecar.jar*2709203796]#PCL[/system/framework/org.apache.http.legacy.jar*365604909]} | DLC[];PCL[/data/app/~~nRVdjeFfncIT_dwUqMATmw==/com.google.android.gm-SXcNVWbr-uKOKTxM70b_Lw==/base.apk*1830299166]{PCL[/system/framework/org.apache.http.legacy.jar*365604909]#PCL[/system_ext/framework/androidx.window.extensions.jar*3801209685]#PCL[/system_ext/framework/androidx.window.sidecar.jar*2709203796]})
05-26 14:02:11.630  1536  1924 I MdiSyncModule: (REDACTED) Receiving API connection from package '%s'...
05-26 14:02:11.631  1536  1924 I MdiSyncModule: API connection successful!
05-26 14:02:11.631  1536  1924 I MdiSyncModule: (REDACTED) Receiving API connection from package '%s'...
05-26 14:02:11.631  1536  1924 I MdiSyncModule: API connection successful!
05-26 14:02:11.636  8722  8747 D CompatibilityChangeReporter: Compat change id reported: 160794467; UID 10154; state: ENABLED
05-26 14:02:11.638  8722  8747 D CompatibilityChangeReporter: Compat change id reported: 194532703; UID 10154; state: ENABLED
05-26 14:02:11.638  8722  8747 D CompatibilityChangeReporter: Compat change id reported: 253665015; UID 10154; state: ENABLED
05-26 14:02:11.639   562  2172 D CompatibilityChangeReporter: Compat change id reported: 253665015; UID 10154; state: ENABLED
05-26 14:02:11.639   562  2172 D CompatibilityChangeReporter: Compat change id reported: 194532703; UID 10154; state: ENABLED
05-26 14:02:11.640   562   577 D CompatibilityChangeReporter: Compat change id reported: 271850009; UID 10154; state: ENABLED
05-26 14:02:11.717   562  2172 D CompatibilityChangeReporter: Compat change id reported: 201794303; UID 10154; state: ENABLED
05-26 14:02:11.717   562  2172 D CompatibilityChangeReporter: Compat change id reported: 207133734; UID 10154; state: ENABLED
05-26 14:02:11.744  8722  8802 D CompatibilityChangeReporter: Compat change id reported: 263076149; UID 10154; state: ENABLED
05-26 14:02:11.781  8722  8752 D StrictMode: StrictMode policy violation: android.os.strictmode.DiskReadViolation
05-26 14:02:11.781  8722  8752 D StrictMode: 	at android.os.StrictMode$AndroidBlockGuardPolicy.onReadFromDisk(StrictMode.java:1666)
05-26 14:02:11.781  8722  8752 D StrictMode: 	at android.app.SharedPreferencesImpl.hasFileChangedUnexpectedly(SharedPreferencesImpl.java:244)
05-26 14:02:11.781  8722  8752 D StrictMode: 	at android.app.SharedPreferencesImpl.startReloadIfChangedUnexpectedly(SharedPreferencesImpl.java:220)
05-26 14:02:11.781  8722  8752 D StrictMode: 	at android.app.ContextImpl.getSharedPreferences(ContextImpl.java:617)
05-26 14:02:11.781  8722  8752 D StrictMode: 	at android.app.ContextImpl.getSharedPreferences(ContextImpl.java:587)
05-26 14:02:11.781  8722  8752 D StrictMode: 	at android.content.ContextWrapper.getSharedPreferences(ContextWrapper.java:221)
05-26 14:02:11.781  8722  8752 D StrictMode: 	at android.content.ContextWrapper.getSharedPreferences(ContextWrapper.java:221)
05-26 14:02:11.781  8722  8752 D StrictMode: 	at buis.a(:com.google.android.gms@251434029@25.14.34 (190400-748828228):59)
05-26 14:02:11.781  8722  8752 D StrictMode: 	at bkwf.getSharedPreferences(:com.google.android.gms@251434029@25.14.34 (190400-748828228):5)
05-26 14:02:11.781  8722  8752 D StrictMode: 	at com.google.android.gms.ads.identifier.settings.b.b(:com.google.android.gms@251434029@25.14.34 (190400-748828228):6)
05-26 14:02:11.781  8722  8752 D StrictMode: 	at com.google.android.gms.ads.identifier.settings.b.m(:com.google.android.gms@251434029@25.14.34 (190400-748828228):4)
05-26 14:02:11.781  8722  8752 D StrictMode: 	at com.google.android.gms.ads.identifier.settings.b.o(:com.google.android.gms@251434029@25.14.34 (190400-748828228):4)
05-26 14:02:11.781  8722  8752 D StrictMode: 	at com.google.android.gms.ads.identifier.settings.b.f(:com.google.android.gms@251434029@25.14.34 (190400-748828228):12)
05-26 14:02:11.781  8722  8752 D StrictMode: 	at com.google.android.gms.ads.identifier.internal.c.c(:com.google.android.gms@251434029@25.14.34 (190400-748828228):7)
05-26 14:02:11.781  8722  8752 D StrictMode: 	at com.google.android.gms.ads.identifier.internal.c.fx(:com.google.android.gms@251434029@25.14.34 (190400-748828228):194)
05-26 14:02:11.781  8722  8752 D StrictMode: 	at rwy.onTransact(:com.google.android.gms@251434029@25.14.34 (190400-748828228):97)
05-26 14:02:11.781  8722  8752 D StrictMode: 	at android.os.Binder.transact(Binder.java:1183)
05-26 14:02:11.781  8722  8752 D StrictMode: 	at buao.onTransact(:com.google.android.gms@251434029@25.14.34 (190400-748828228):10)
05-26 14:02:11.781  8722  8752 D StrictMode: 	at android.os.Binder.transact(Binder.java:1183)
05-26 14:02:11.781  8722  8752 D StrictMode: 	at bkxk.onTransact(:com.google.android.gms@251434029@25.14.34 (190400-748828228):148)
05-26 14:02:11.781  8722  8752 D StrictMode: 	at android.os.Binder.execTransactInternal(Binder.java:1339)
05-26 14:02:11.781  8722  8752 D StrictMode: 	at android.os.Binder.execTransact(Binder.java:1275)
05-26 14:02:11.781  8722  8752 D StrictMode: # via Binder call with stack:
05-26 14:02:11.781  8722  8752 D StrictMode: 	at android.os.StrictMode.readAndHandleBinderCallViolations(StrictMode.java:2538)
05-26 14:02:11.781  8722  8752 D StrictMode: 	at android.os.Parcel.readExceptionCode(Parcel.java:3002)
05-26 14:02:11.781  8722  8752 D StrictMode: 	at android.os.Parcel.readException(Parcel.java:2963)
05-26 14:02:11.781  8722  8752 D StrictMode: 	at kah.s(PG:11)
05-26 14:02:11.781  8722  8752 D StrictMode: 	at dp.run(PG:550)
05-26 14:02:11.781  8722  8752 D StrictMode: 	at adhi.run(PG:7)
05-26 14:02:11.781  8722  8752 D StrictMode: 	at bgxn.run(PG:44)
05-26 14:02:11.781  8722  8752 D StrictMode: 	at rtg.run(PG:22)
05-26 14:02:11.781  8722  8752 D StrictMode: 	at java.lang.Thread.run(Thread.java:1012)
05-26 14:02:11.781  8722  8752 D StrictMode: 	at adib.run(PG:61)
05-26 14:02:11.781  8722  8752 D StrictMode: StrictMode policy violation: android.os.strictmode.DiskReadViolation
05-26 14:02:11.781  8722  8752 D StrictMode: 	at android.os.StrictMode$AndroidBlockGuardPolicy.onReadFromDisk(StrictMode.java:1666)
05-26 14:02:11.781  8722  8752 D StrictMode: 	at libcore.io.BlockGuardOs.stat(BlockGuardOs.java:419)
05-26 14:02:11.781  8722  8752 D StrictMode: 	at libcore.io.ForwardingOs.stat(ForwardingOs.java:846)
05-26 14:02:11.781  8722  8752 D StrictMode: 	at android.app.ActivityThread$AndroidOs.stat(ActivityThread.java:8077)
05-26 14:02:11.781  8722  8752 D StrictMode: 	at android.system.Os.stat(Os.java:904)
05-26 14:02:11.781  8722  8752 D StrictMode: 	at android.app.SharedPreferencesImpl.hasFileChangedUnexpectedly(SharedPreferencesImpl.java:245)
05-26 14:02:11.781  8722  8752 D StrictMode: 	at android.app.SharedPreferencesImpl.startReloadIfChangedUnexpectedly(SharedPreferencesImpl.java:220)
05-26 14:02:11.781  8722  8752 D StrictMode: 	at android.app.ContextImpl.getSharedPreferences(ContextImpl.java:617)
05-26 14:02:11.781  8722  8752 D StrictMode: 	at android.app.ContextImpl.getSharedPreferences(ContextImpl.java:587)
05-26 14:02:11.781  8722  8752 D StrictMode: 	at android.content.ContextWrapper.getSharedPreferences(ContextWrapper.java:221)
05-26 14:02:11.781  8722  8752 D StrictMode: 	at android.content.ContextWrapper.getSharedPreferences(ContextWrapper.java:221)
05-26 14:02:11.781  8722  8752 D StrictMode: 	at buis.a(:com.google.android.gms@251434029@25.14.34 (190400-748828228):59)
05-26 14:02:11.781  8722  8752 D StrictMode: 	at bkwf.getSharedPreferences(:com.google.android.gms@251434029@25.14.34 (190400-748828228):5)
05-26 14:02:11.781  8722  8752 D StrictMode: 	at com.google.android.gms.ads.identifier.settings.b.b(:com.google.android.gms@251434029@25.14.34 (190400-748828228):6)
05-26 14:02:11.781  8722  8752 D StrictMode: 	at com.google.android.gms.ads.identifier.settings.b.m(:com.google.android.gms@251434029@25.14.34 (190400-748828228):4)
05-26 14:02:11.781  8722  8752 D StrictMode: 	at com.google.android.gms.ads.identifier.settings.b.o(:com.google.android.gms@251434029@25.14.34 (190400-748828228):4)
05-26 14:02:11.781  8722  8752 D StrictMode: 	at com.google.android.gms.ads.identifier.settings.b.f(:com.google.android.gms@251434029@25.14.34 (190400-748828228):12)
05-26 14:02:11.781  8722  8752 D StrictMode: 	at com.google.android.gms.ads.identifier.internal.c.c(:com.google.android.gms@251434029@25.14.34 (190400-748828228):7)
05-26 14:02:11.781  8722  8752 D StrictMode: 	at com.google.android.gms.ads.identifier.internal.c.fx(:com.google.android.gms@251434029@25.14.34 (190400-748828228):194)
05-26 14:02:11.781  8722  8752 D StrictMode: 	at rwy.onTransact(:com.google.android.gms@251434029@25.14.34 (190400-748828228):97)
05-26 14:02:11.781  8722  8752 D StrictMode: 	at android.os.Binder.transact(Binder.java:1183)
05-26 14:02:11.781  8722  8752 D StrictMode: 	at buao.onTransact(:com.google.android.gms@251434029@25.14.34 (190400-748828228):10)
05-26 14:02:11.781  8722  8752 D StrictMode: 	at android.os.Binder.transact(Binder.java:1183)
05-26 14:02:11.781  8722  8752 D StrictMode: 	at bkxk.onTransact(:com.google.android.gms@251434029@25.14.34 (190400-748828228):148)
05-26 14:02:11.781  8722  8752 D StrictMode: 	at android.os.Binder.execTransactInternal(Binder.java:1339)
05-26 14:02:11.781  8722  8752 D StrictMode: 	at android.os.Binder.execTransact(Binder.java:1275)
05-26 14:02:11.781  8722  8752 D StrictMode: # via Binder call with stack:
05-26 14:02:11.781  8722  8752 D StrictMode: 	at android.os.StrictMode.readAndHandleBinderCallViolations(StrictMode.java:2538)
05-26 14:02:11.781  8722  8752 D StrictMode: 	at android.os.Parcel.readExceptionCode(Parcel.java:3002)
05-26 14:02:11.781  8722  8752 D StrictMode: 	at android.os.Parcel.readException(Parcel.java:2963)
05-26 14:02:11.781  8722  8752 D StrictMode: 	at kah.s(PG:11)
05-26 14:02:11.781  8722  8752 D StrictMode: 	at dp.run(PG:550)
05-26 14:02:11.781  8722  8752 D StrictMode: 	at adhi.run(PG:7)
05-26 14:02:11.781  8722  8752 D StrictMode: 	at bgxn.run(PG:44)
05-26 14:02:11.781  8722  8752 D StrictMode: 	at rtg.run(PG:22)
05-26 14:02:11.781  8722  8752 D StrictMode: 	at java.lang.Thread.run(Thread.java:1012)
05-26 14:02:11.781  8722  8752 D StrictMode: 	at adib.run(PG:61)
05-26 14:02:11.781  8722  8752 D StrictMode: StrictMode policy violation: android.os.strictmode.DiskReadViolation
05-26 14:02:11.781  8722  8752 D StrictMode: 	at android.os.StrictMode$AndroidBlockGuardPolicy.onReadFromDisk(StrictMode.java:1666)
05-26 14:02:11.781  8722  8752 D StrictMode: 	at android.app.SharedPreferencesImpl.hasFileChangedUnexpectedly(SharedPreferencesImpl.java:244)
05-26 14:02:11.781  8722  8752 D StrictMode: 	at android.app.SharedPreferencesImpl.startReloadIfChangedUnexpectedly(SharedPreferencesImpl.java:220)
05-26 14:02:11.781  8722  8752 D StrictMode: 	at android.app.ContextImpl.getSharedPreferences(ContextImpl.java:617)
05-26 14:02:11.781  8722  8752 D StrictMode: 	at android.app.ContextImpl.getSharedPreferences(ContextImpl.java:587)
05-26 14:02:11.781  8722  8752 D StrictMode: 	at android.content.ContextWrapper.getSharedPreferences(ContextWrapper.java:221)
05-26 14:02:11.781  8722  8752 D StrictMode: 	at android.content.ContextWrapper.getSharedPreferences(ContextWrapper.java:221)
05-26 14:02:11.781  8722  8752 D StrictMode: 	at buis.a(:com.google.android.gms@251434029@25.14.34 (190400-748828228):59)
05-26 14:02:11.781  8722  8752 D StrictMode: 	at bkwf.getSharedPreferences(:com.google.android.gms@251434029@25.14.34 (190400-748828228):5)
05-26 14:02:11.781  8722  8752 D StrictMode: 	at com.google.android.gms.ads.identifier.settings.b.b(:com.google.android.gms@251434029@25.14.34 (190400-748828228):6)
05-26 14:02:11.781  8722  8752 D StrictMode: 	at com.google.android.gms.ads.identifier.settings.b.m(:com.google.android.gms@251434029@25.14.34 (190400-748828228):20)
05-26 14:02:11.781  8722  8752 D StrictMode: 	at com.google.android.gms.ads.identifier.settings.b.o(:com.google.android.gms@251434029@25.14.34 (190400-748828228):4)
05-26 14:02:11.781  8722  8752 D StrictMode: 	at com.google.android.gms.ads.identifier.settings.b.f(:com.google.android.gms@251434029@25.14.34 (190400-748828228):12)
05-26 14:02:11.781  8722  8752 D StrictMode: 	at com.google.android.gms.ads.identifier.internal.c.c(:com.google.android.gms@251434029@25.14.34 (190400-748828228):7)
05-26 14:02:11.781  8722  8752 D StrictMode: 	at com.google.android.gms.ads.identifier.internal.c.fx(:com.google.android.gms@251434029@25.14.34 (190400-748828228):194)
05-26 14:02:11.781  8722  8752 D StrictMode: 	at rwy.onTransact(:com.google.android.gms@251434029@25.14.34 (190400-748828228):97)
05-26 14:02:11.781  8722  8752 D StrictMode: 	at android.os.Binder.transact(Binder.java:1183)
05-26 14:02:11.781  8722  8752 D StrictMode: 	at buao.onTransact(:com.google.android.gms@251434029@25.14.34 (190400-748828228):10)
05-26 14:02:11.781  8722  8752 D StrictMode: 	at android.os.Binder.transact(Binder.java:1183)
05-26 14:02:11.781  8722  8752 D StrictMode: 	at bkxk.onTransact(:com.google.android.gms@251434029@25.14.34 (190400-748828228):148)
05-26 14:02:11.781  8722  8752 D StrictMode: 	at android.os.Binder.execTransactInternal(Binder.java:1339)
05-26 14:02:11.781  8722  8752 D StrictMode: 	at android.os.Binder.execTransact(Binder.java:1275)
05-26 14:02:11.781  8722  8752 D StrictMode: # via Binder call with stack:
05-26 14:02:11.781  8722  8752 D StrictMode: 	at android.os.StrictMode.readAndHandleBinderCallViolations(StrictMode.java:2538)
05-26 14:02:11.781  8722  8752 D StrictMode: 	at android.os.Parcel.readExceptionCode(Parcel.java:3002)
05-26 14:02:11.781  8722  8752 D StrictMode: 	at android.os.Parcel.readException(Parcel.java:2963)
05-26 14:02:11.781  8722  8752 D StrictMode: 	at kah.s(PG:11)
05-26 14:02:11.781  8722  8752 D StrictMode: 	at dp.run(PG:550)
05-26 14:02:11.781  8722  8752 D StrictMode: 	at adhi.run(PG:7)
05-26 14:02:11.781  8722  8752 D StrictMode: 	at bgxn.run(PG:44)
05-26 14:02:11.781  8722  8752 D StrictMode: 	at rtg.run(PG:22)
05-26 14:02:11.781  8722  8752 D StrictMode: 	at java.lang.Thread.run(Thread.java:1012)
05-26 14:02:11.781  8722  8752 D StrictMode: 	at adib.run(PG:61)
05-26 14:02:11.782  8722  8752 D StrictMode: StrictMode policy violation: android.os.strictmode.DiskReadViolation
05-26 14:02:11.782  8722  8752 D StrictMode: 	at android.os.StrictMode$AndroidBlockGuardPolicy.onReadFromDisk(StrictMode.java:1666)
05-26 14:02:11.782  8722  8752 D StrictMode: 	at android.app.SharedPreferencesImpl.hasFileChangedUnexpectedly(SharedPreferencesImpl.java:244)
05-26 14:02:11.782  8722  8752 D StrictMode: 	at android.app.SharedPreferencesImpl.startReloadIfChangedUnexpectedly(SharedPreferencesImpl.java:220)
05-26 14:02:11.782  8722  8752 D StrictMode: 	at android.app.ContextImpl.getSharedPreferences(ContextImpl.java:617)
05-26 14:02:11.782  8722  8752 D StrictMode: 	at android.app.ContextImpl.getSharedPreferences(ContextImpl.java:587)
05-26 14:02:11.782  8722  8752 D StrictMode: 	at android.content.ContextWrapper.getSharedPreferences(ContextWrapper.java:221)
05-26 14:02:11.782  8722  8752 D StrictMode: 	at android.content.ContextWrapper.getSharedPreferences(ContextWrapper.java:221)
05-26 14:02:11.782  8722  8752 D StrictMode: 	at buis.a(:com.google.android.gms@251434029@25.14.34 (190400-748828228):59)
05-26 14:02:11.782  8722  8752 D StrictMode: 	at bkwf.getSharedPreferences(:com.google.android.gms@251434029@25.14.34 (190400-748828228):5)
05-26 14:02:11.782  8722  8752 D StrictMode: 	at com.google.android.gms.ads.identifier.settings.b.b(:com.google.android.gms@251434029@25.14.34 (190400-748828228):6)
05-26 14:02:11.782  8722  8752 D StrictMode: 	at com.google.android.gms.ads.identifier.settings.b.m(:com.google.android.gms@251434029@25.14.34 (190400-748828228):4)
05-26 14:02:11.782  8722  8752 D StrictMode: 	at com.google.android.gms.ads.identifier.settings.b.o(:com.google.android.gms@251434029@25.14.34 (190400-748828228):4)
05-26 14:02:11.782  8722  8752 D StrictMode: 	at com.google.android.gms.ads.identifier.internal.c.n(:com.google.android.gms@251434029@25.14.34 (190400-748828228):7)
05-26 14:02:11.782  8722  8752 D StrictMode: 	at com.google.android.gms.ads.identifier.internal.c.fx(:com.google.android.gms@251434029@25.14.34 (190400-748828228):183)
05-26 14:02:11.782  8722  8752 D StrictMode: 	at rwy.onTransact(:com.google.android.gms@251434029@25.14.34 (190400-748828228):97)
05-26 14:02:11.782  8722  8752 D StrictMode: 	at android.os.Binder.transact(Binder.java:1183)
05-26 14:02:11.782  8722  8752 D StrictMode: 	at buao.onTransact(:com.google.android.gms@251434029@25.14.34 (190400-748828228):10)
05-26 14:02:11.782  8722  8752 D StrictMode: 	at android.os.Binder.transact(Binder.java:1183)
05-26 14:02:11.782  8722  8752 D StrictMode: 	at bkxk.onTransact(:com.google.android.gms@251434029@25.14.34 (190400-748828228):148)
05-26 14:02:11.782  8722  8752 D StrictMode: 	at android.os.Binder.execTransactInternal(Binder.java:1339)
05-26 14:02:11.782  8722  8752 D StrictMode: 	at android.os.Binder.execTransact(Binder.java:1275)
05-26 14:02:11.782  8722  8752 D StrictMode: # via Binder call with stack:
05-26 14:02:11.782  8722  8752 D StrictMode: 	at android.os.StrictMode.readAndHandleBinderCallViolations(StrictMode.java:2538)
05-26 14:02:11.782  8722  8752 D StrictMode: 	at android.os.Parcel.readExceptionCode(Parcel.java:3002)
05-26 14:02:11.782  8722  8752 D StrictMode: 	at android.os.Parcel.readException(Parcel.java:2963)
05-26 14:02:11.782  8722  8752 D StrictMode: 	at kah.s(PG:11)
05-26 14:02:11.782  8722  8752 D StrictMode: 	at dp.run(PG:572)
05-26 14:02:11.782  8722  8752 D StrictMode: 	at adhi.run(PG:7)
05-26 14:02:11.782  8722  8752 D StrictMode: 	at bgxn.run(PG:44)
05-26 14:02:11.782  8722  8752 D StrictMode: 	at rtg.run(PG:22)
05-26 14:02:11.782  8722  8752 D StrictMode: 	at java.lang.Thread.run(Thread.java:1012)
05-26 14:02:11.782  8722  8752 D StrictMode: 	at adib.run(PG:61)
05-26 14:02:11.783  8722  8752 D StrictMode: StrictMode policy violation: android.os.strictmode.DiskReadViolation
05-26 14:02:11.783  8722  8752 D StrictMode: 	at android.os.StrictMode$AndroidBlockGuardPolicy.onReadFromDisk(StrictMode.java:1666)
05-26 14:02:11.783  8722  8752 D StrictMode: 	at libcore.io.BlockGuardOs.stat(BlockGuardOs.java:419)
05-26 14:02:11.783  8722  8752 D StrictMode: 	at libcore.io.ForwardingOs.stat(ForwardingOs.java:846)
05-26 14:02:11.783  8722  8752 D StrictMode: 	at android.app.ActivityThread$AndroidOs.stat(ActivityThread.java:8077)
05-26 14:02:11.783  8722  8752 D StrictMode: 	at android.system.Os.stat(Os.java:904)
05-26 14:02:11.783  8722  8752 D StrictMode: 	at android.app.SharedPreferencesImpl.hasFileChangedUnexpectedly(SharedPreferencesImpl.java:245)
05-26 14:02:11.783  8722  8752 D StrictMode: 	at android.app.SharedPreferencesImpl.startReloadIfChangedUnexpectedly(SharedPreferencesImpl.java:220)
05-26 14:02:11.783  8722  8752 D StrictMode: 	at android.app.ContextImpl.getSharedPreferences(ContextImpl.java:617)
05-26 14:02:11.783  8722  8752 D StrictMode: 	at android.app.ContextImpl.getSharedPreferences(ContextImpl.java:587)
05-26 14:02:11.783  8722  8752 D StrictMode: 	at android.content.ContextWrapper.getSharedPreferences(ContextWrapper.java:221)
05-26 14:02:11.783  8722  8752 D StrictMode: 	at android.content.ContextWrapper.getSharedPreferences(ContextWrapper.java:221)
05-26 14:02:11.783  8722  8752 D StrictMode: 	at buis.a(:com.google.android.gms@251434029@25.14.34 (190400-748828228):59)
05-26 14:02:11.783  8722  8752 D StrictMode: 	at bkwf.getSharedPreferences(:com.google.android.gms@251434029@25.14.34 (190400-748828228):5)
05-26 14:02:11.783  8722  8752 D StrictMode: 	at com.google.android.gms.ads.identifier.settings.b.b(:com.google.android.gms@251434029@25.14.34 (190400-748828228):6)
05-26 14:02:11.783  8722  8752 D StrictMode: 	at com.google.android.gms.ads.identifier.settings.b.m(:com.google.android.gms@251434029@25.14.34 (190400-748828228):4)
05-26 14:02:11.783  8722  8752 D StrictMode: 	at com.google.android.gms.ads.identifier.settings.b.o(:com.google.android.gms@251434029@25.14.34 (190400-748828228):4)
05-26 14:02:11.783  8722  8752 D StrictMode: 	at com.google.android.gms.ads.identifier.internal.c.n(:com.google.android.gms@251434029@25.14.34 (190400-748828228):7)
05-26 14:02:11.783  8722  8752 D StrictMode: 	at com.google.android.gms.ads.identifier.internal.c.fx(:com.google.android.gms@251434029@25.14.34 (190400-748828228):183)
05-26 14:02:11.783  8722  8752 D StrictMode: 	at rwy.onTransact(:com.google.android.gms@251434029@25.14.34 (190400-748828228):97)
05-26 14:02:11.783  8722  8752 D StrictMode: 	at android.os.Binder.transact(Binder.java:1183)
05-26 14:02:11.783  8722  8752 D StrictMode: 	at buao.onTransact(:com.google.android.gms@251434029@25.14.34 (190400-748828228):10)
05-26 14:02:11.783  8722  8752 D StrictMode: 	at android.os.Binder.transact(Binder.java:1183)
05-26 14:02:11.783  8722  8752 D StrictMode: 	at bkxk.onTransact(:com.google.android.gms@251434029@25.14.34 (190400-748828228):148)
05-26 14:02:11.783  8722  8752 D StrictMode: 	at android.os.Binder.execTransactInternal(Binder.java:1339)
05-26 14:02:11.783  8722  8752 D StrictMode: 	at android.os.Binder.execTransact(Binder.java:1275)
05-26 14:02:11.783  8722  8752 D StrictMode: # via Binder call with stack:
05-26 14:02:11.783  8722  8752 D StrictMode: 	at android.os.StrictMode.readAndHandleBinderCallViolations(StrictMode.java:2538)
05-26 14:02:11.783  8722  8752 D StrictMode: 	at android.os.Parcel.readExceptionCode(Parcel.java:3002)
05-26 14:02:11.783  8722  8752 D StrictMode: 	at android.os.Parcel.readException(Parcel.java:2963)
05-26 14:02:11.783  8722  8752 D StrictMode: 	at kah.s(PG:11)
05-26 14:02:11.783  8722  8752 D StrictMode: 	at dp.run(PG:572)
05-26 14:02:11.783  8722  8752 D StrictMode: 	at adhi.run(PG:7)
05-26 14:02:11.783  8722  8752 D StrictMode: 	at bgxn.run(PG:44)
05-26 14:02:11.783  8722  8752 D StrictMode: 	at rtg.run(PG:22)
05-26 14:02:11.783  8722  8752 D StrictMode: 	at java.lang.Thread.run(Thread.java:1012)
05-26 14:02:11.783  8722  8752 D StrictMode: 	at adib.run(PG:61)
05-26 14:02:11.783  8722  8752 D StrictMode: StrictMode policy violation: android.os.strictmode.DiskReadViolation
05-26 14:02:11.783  8722  8752 D StrictMode: 	at android.os.StrictMode$AndroidBlockGuardPolicy.onReadFromDisk(StrictMode.java:1666)
05-26 14:02:11.783  8722  8752 D StrictMode: 	at android.app.SharedPreferencesImpl.hasFileChangedUnexpectedly(SharedPreferencesImpl.java:244)
05-26 14:02:11.783  8722  8752 D StrictMode: 	at android.app.SharedPreferencesImpl.startReloadIfChangedUnexpectedly(SharedPreferencesImpl.java:220)
05-26 14:02:11.783  8722  8752 D StrictMode: 	at android.app.ContextImpl.getSharedPreferences(ContextImpl.java:617)
05-26 14:02:11.783  8722  8752 D StrictMode: 	at android.app.ContextImpl.getSharedPreferences(ContextImpl.java:587)
05-26 14:02:11.783  8722  8752 D StrictMode: 	at android.content.ContextWrapper.getSharedPreferences(ContextWrapper.java:221)
05-26 14:02:11.783  8722  8752 D StrictMode: 	at android.content.ContextWrapper.getSharedPreferences(ContextWrapper.java:221)
05-26 14:02:11.783  8722  8752 D StrictMode: 	at buis.a(:com.google.android.gms@251434029@25.14.34 (190400-748828228):59)
05-26 14:02:11.783  8722  8752 D StrictMode: 	at bkwf.getSharedPreferences(:com.google.android.gms@251434029@25.14.34 (190400-748828228):5)
05-26 14:02:11.783  8722  8752 D StrictMode: 	at com.google.android.gms.ads.identifier.settings.b.b(:com.google.android.gms@251434029@25.14.34 (190400-748828228):6)
05-26 14:02:11.783  8722  8752 D StrictMode: 	at com.google.android.gms.ads.identifier.settings.b.m(:com.google.android.gms@251434029@25.14.34 (190400-748828228):20)
05-26 14:02:11.783  8722  8752 D StrictMode: 	at com.google.android.gms.ads.identifier.settings.b.o(:com.google.android.gms@251434029@25.14.34 (190400-748828228):4)
05-26 14:02:11.783  8722  8752 D StrictMode: 	at com.google.android.gms.ads.identifier.internal.c.n(:com.google.android.gms@251434029@25.14.34 (190400-748828228):7)
05-26 14:02:11.783  8722  8752 D StrictMode: 	at com.google.android.gms.ads.identifier.internal.c.fx(:com.google.android.gms@251434029@25.14.34 (190400-748828228):183)
05-26 14:02:11.783  8722  8752 D StrictMode: 	at rwy.onTransact(:com.google.android.gms@251434029@25.14.34 (190400-748828228):97)
05-26 14:02:11.783  8722  8752 D StrictMode: 	at android.os.Binder.transact(Binder.java:1183)
05-26 14:02:11.783  8722  8752 D StrictMode: 	at buao.onTransact(:com.google.android.gms@251434029@25.14.34 (190400-748828228):10)
05-26 14:02:11.783  8722  8752 D StrictMode: 	at android.os.Binder.transact(Binder.java:1183)
05-26 14:02:11.783  8722  8752 D StrictMode: 	at bkxk.onTransact(:com.google.android.gms@251434029@25.14.34 (190400-748828228):148)
05-26 14:02:11.783  8722  8752 D StrictMode: 	at android.os.Binder.execTransactInternal(Binder.java:1339)
05-26 14:02:11.783  8722  8752 D StrictMode: 	at android.os.Binder.execTransact(Binder.java:1275)
05-26 14:02:11.783  8722  8752 D StrictMode: # via Binder call with stack:
05-26 14:02:11.783  8722  8752 D StrictMode: 	at android.os.StrictMode.readAndHandleBinderCallViolations(StrictMode.java:2538)
05-26 14:02:11.783  8722  8752 D StrictMode: 	at android.os.Parcel.readExceptionCode(Parcel.java:3002)
05-26 14:02:11.783  8722  8752 D StrictMode: 	at android.os.Parcel.readException(Parcel.java:2963)
05-26 14:02:11.783  8722  8752 D StrictMode: 	at kah.s(PG:11)
05-26 14:02:11.783  8722  8752 D StrictMode: 	at dp.run(PG:572)
05-26 14:02:11.783  8722  8752 D StrictMode: 	at adhi.run(PG:7)
05-26 14:02:11.783  8722  8752 D StrictMode: 	at bgxn.run(PG:44)
05-26 14:02:11.783  8722  8752 D StrictMode: 	at rtg.run(PG:22)
05-26 14:02:11.783  8722  8752 D StrictMode: 	at java.lang.Thread.run(Thread.java:1012)
05-26 14:02:11.783  8722  8752 D StrictMode: 	at adib.run(PG:61)
05-26 14:02:11.817   785   814 W System  : A resource failed to call release. 
05-26 14:02:11.817   785   814 W System  : A resource failed to call release. 
05-26 14:02:11.817   785   814 W System  : A resource failed to call release. 
05-26 14:02:11.817   785   814 W System  : A resource failed to call release. 
05-26 14:02:11.817   785   814 W System  : A resource failed to call release. 
05-26 14:02:11.817   785   814 W System  : A resource failed to call HardwareBuffer.close. 
05-26 14:02:11.828  8722  8816 D CompatibilityChangeReporter: Compat change id reported: 289878283; UID 10154; state: ENABLED
05-26 14:02:11.865  8722  8813 E atjd    : Sync subscriptions not available
05-26 14:02:11.870  8722  8822 W DynamiteModule: Local module descriptor class for com.google.android.gms.providerinstaller.dynamite not found.
05-26 14:02:11.872  1016  1467 W ProviderHelper: Unknown dynamite feature providerinstaller.dynamite
05-26 14:02:11.875  8722  8822 W ProviderInstaller: Failed to load providerinstaller module: No acceptable module com.google.android.gms.providerinstaller.dynamite found. Local version is 0 and remote version is 0.
05-26 14:02:11.879  8722  8822 D nativeloader: Configuring clns-9 for other apk /system/framework/com.android.media.remotedisplay.jar. target_sdk_version=36, uses_libraries=ALL, library_path=/data/app/~~6Xbk4RMXehjOy8fvFK806w==/com.google.android.gms-kk7TVGeTIWiP67I2KBJv7g==/lib/arm64:/data/app/~~6Xbk4RMXehjOy8fvFK806w==/com.google.android.gms-kk7TVGeTIWiP67I2KBJv7g==/base.apk!/lib/arm64-v8a, permitted_path=/data:/mnt/expand:/data/user/0/com.google.android.gms
05-26 14:02:11.883  8722  8822 D nativeloader: Configuring clns-10 for other apk /system/framework/com.android.location.provider.jar. target_sdk_version=36, uses_libraries=ALL, library_path=/data/app/~~6Xbk4RMXehjOy8fvFK806w==/com.google.android.gms-kk7TVGeTIWiP67I2KBJv7g==/lib/arm64:/data/app/~~6Xbk4RMXehjOy8fvFK806w==/com.google.android.gms-kk7TVGeTIWiP67I2KBJv7g==/base.apk!/lib/arm64-v8a, permitted_path=/data:/mnt/expand:/data/user/0/com.google.android.gms
05-26 14:02:11.883  8722  8822 D ApplicationLoaders: Returning zygote-cached class loader: /system_ext/framework/androidx.window.extensions.jar
05-26 14:02:11.883  8722  8822 D ApplicationLoaders: Returning zygote-cached class loader: /system_ext/framework/androidx.window.sidecar.jar
05-26 14:02:11.896  8722  8822 D nativeloader: Configuring clns-11 for other apk /data/app/~~6Xbk4RMXehjOy8fvFK806w==/com.google.android.gms-kk7TVGeTIWiP67I2KBJv7g==/base.apk. target_sdk_version=36, uses_libraries=, library_path=/data/app/~~6Xbk4RMXehjOy8fvFK806w==/com.google.android.gms-kk7TVGeTIWiP67I2KBJv7g==/lib/arm64:/data/app/~~6Xbk4RMXehjOy8fvFK806w==/com.google.android.gms-kk7TVGeTIWiP67I2KBJv7g==/base.apk!/lib/arm64-v8a, permitted_path=/data:/mnt/expand:/data/user/0/com.google.android.gms
05-26 14:02:11.944  8722  8822 D nativeloader: Load /data/app/~~6Xbk4RMXehjOy8fvFK806w==/com.google.android.gms-kk7TVGeTIWiP67I2KBJv7g==/base.apk!/lib/arm64-v8a/libconscrypt_gmscore_jni.so using ns clns-11 from class loader (caller=/data/app/~~FAsf-uKWi_6AI2nocgNqfw==/com.google.android.gms-ebLu0LMuYzDajSelGXVsuA==/base.apk!classes3.dex): ok
05-26 14:02:11.945  8722  8829 E GoogleApiManager: Failed to get service from broker. 
05-26 14:02:11.945  8722  8829 E GoogleApiManager: java.lang.SecurityException: Unknown calling package name 'com.google.android.gms'.
05-26 14:02:11.945  8722  8829 E GoogleApiManager: 	at android.os.Parcel.createExceptionOrNull(Parcel.java:3057)
05-26 14:02:11.945  8722  8829 E GoogleApiManager: 	at android.os.Parcel.createException(Parcel.java:3041)
05-26 14:02:11.945  8722  8829 E GoogleApiManager: 	at android.os.Parcel.readException(Parcel.java:3024)
05-26 14:02:11.945  8722  8829 E GoogleApiManager: 	at android.os.Parcel.readException(Parcel.java:2966)
05-26 14:02:11.945  8722  8829 E GoogleApiManager: 	at aukh.a(:com.google.android.gms@251434029@25.14.34 (190400-748828228):36)
05-26 14:02:11.945  8722  8829 E GoogleApiManager: 	at auio.z(:com.google.android.gms@251434029@25.14.34 (190400-748828228):143)
05-26 14:02:11.945  8722  8829 E GoogleApiManager: 	at atpt.run(:com.google.android.gms@251434029@25.14.34 (190400-748828228):42)
05-26 14:02:11.945  8722  8829 E GoogleApiManager: 	at android.os.Handler.handleCallback(Handler.java:958)
05-26 14:02:11.945  8722  8829 E GoogleApiManager: 	at android.os.Handler.dispatchMessage(Handler.java:99)
05-26 14:02:11.945  8722  8829 E GoogleApiManager: 	at ccgd.ml(:com.google.android.gms@251434029@25.14.34 (190400-748828228):1)
05-26 14:02:11.945  8722  8829 E GoogleApiManager: 	at ccgd.dispatchMessage(:com.google.android.gms@251434029@25.14.34 (190400-748828228):5)
05-26 14:02:11.945  8722  8829 E GoogleApiManager: 	at android.os.Looper.loopOnce(Looper.java:205)
05-26 14:02:11.945  8722  8829 E GoogleApiManager: 	at android.os.Looper.loop(Looper.java:294)
05-26 14:02:11.945  8722  8829 E GoogleApiManager: 	at android.os.HandlerThread.run(HandlerThread.java:67)
05-26 14:02:11.945  8722  8822 V NativeCrypto: Registering com/google/android/gms/org/conscrypt/NativeCrypto's 312 native methods...
05-26 14:02:11.949  8722  8828 W FlagRegistrar: Failed to register com.google.android.gms.providerinstaller#com.google.android.gm
05-26 14:02:11.949  8722  8828 W FlagRegistrar: exmw: 17: 17: API: Phenotype.API is not available on this device. Connection failed with: ConnectionResult{statusCode=DEVELOPER_ERROR, resolution=null, message=null}
05-26 14:02:11.949  8722  8828 W FlagRegistrar: 	at exmy.a(:com.google.android.gms@251434029@25.14.34 (190400-748828228):13)
